Archive member included to satisfy reference by file (symbol)

/home/srdejong/intelFPGA/16.1/nios2eds/bin/gnu/H-x86_64-pc-linux-gnu/bin/../lib/gcc/nios2-elf/5.3.0/mhw-mulx/libgcc.a(lib2-divmod.o)
                              obj/default/simple_socket_server.o (__umodsi3)
/home/srdejong/intelFPGA/16.1/nios2eds/bin/gnu/H-x86_64-pc-linux-gnu/bin/../lib/gcc/nios2-elf/5.3.0/../../../../../H-x86_64-pc-linux-gnu/nios2-elf/lib/mhw-mulx/libc.a(lib_a-ctype_.o)
                              obj/default/network_utilities.o (__ctype_ptr__)
/home/srdejong/intelFPGA/16.1/nios2eds/bin/gnu/H-x86_64-pc-linux-gnu/bin/../lib/gcc/nios2-elf/5.3.0/../../../../../H-x86_64-pc-linux-gnu/nios2-elf/lib/mhw-mulx/libc.a(lib_a-fprintf.o)
                              obj/default/alt_error_handler.o (fprintf)
/home/srdejong/intelFPGA/16.1/nios2eds/bin/gnu/H-x86_64-pc-linux-gnu/bin/../lib/gcc/nios2-elf/5.3.0/../../../../../H-x86_64-pc-linux-gnu/nios2-elf/lib/mhw-mulx/libc.a(lib_a-fwrite.o)
                              obj/default/alt_error_handler.o (fwrite)
/home/srdejong/intelFPGA/16.1/nios2eds/bin/gnu/H-x86_64-pc-linux-gnu/bin/../lib/gcc/nios2-elf/5.3.0/../../../../../H-x86_64-pc-linux-gnu/nios2-elf/lib/mhw-mulx/libc.a(lib_a-getc.o)
                              obj/default/network_utilities.o (getc)
/home/srdejong/intelFPGA/16.1/nios2eds/bin/gnu/H-x86_64-pc-linux-gnu/bin/../lib/gcc/nios2-elf/5.3.0/../../../../../H-x86_64-pc-linux-gnu/nios2-elf/lib/mhw-mulx/libc.a(lib_a-impure.o)
                              obj/default/alt_error_handler.o (_impure_ptr)
/home/srdejong/intelFPGA/16.1/nios2eds/bin/gnu/H-x86_64-pc-linux-gnu/bin/../lib/gcc/nios2-elf/5.3.0/../../../../../H-x86_64-pc-linux-gnu/nios2-elf/lib/mhw-mulx/libc.a(lib_a-memcpy.o)
                              obj/default/simple_socket_server.o (memcpy)
/home/srdejong/intelFPGA/16.1/nios2eds/bin/gnu/H-x86_64-pc-linux-gnu/bin/../lib/gcc/nios2-elf/5.3.0/../../../../../H-x86_64-pc-linux-gnu/nios2-elf/lib/mhw-mulx/libc.a(lib_a-memmove.o)
                              obj/default/simple_socket_server.o (memmove)
/home/srdejong/intelFPGA/16.1/nios2eds/bin/gnu/H-x86_64-pc-linux-gnu/bin/../lib/gcc/nios2-elf/5.3.0/../../../../../H-x86_64-pc-linux-gnu/nios2-elf/lib/mhw-mulx/libc.a(lib_a-memset.o)
                              obj/default/simple_socket_server.o (memset)
/home/srdejong/intelFPGA/16.1/nios2eds/bin/gnu/H-x86_64-pc-linux-gnu/bin/../lib/gcc/nios2-elf/5.3.0/../../../../../H-x86_64-pc-linux-gnu/nios2-elf/lib/mhw-mulx/libc.a(lib_a-perror.o)
                              obj/default/alt_error_handler.o (perror)
/home/srdejong/intelFPGA/16.1/nios2eds/bin/gnu/H-x86_64-pc-linux-gnu/bin/../lib/gcc/nios2-elf/5.3.0/../../../../../H-x86_64-pc-linux-gnu/nios2-elf/lib/mhw-mulx/libc.a(lib_a-printf.o)
                              obj/default/alt_error_handler.o (printf)
/home/srdejong/intelFPGA/16.1/nios2eds/bin/gnu/H-x86_64-pc-linux-gnu/bin/../lib/gcc/nios2-elf/5.3.0/../../../../../H-x86_64-pc-linux-gnu/nios2-elf/lib/mhw-mulx/libc.a(lib_a-putc.o)
                              obj/default/network_utilities.o (putc)
/home/srdejong/intelFPGA/16.1/nios2eds/bin/gnu/H-x86_64-pc-linux-gnu/bin/../lib/gcc/nios2-elf/5.3.0/../../../../../H-x86_64-pc-linux-gnu/nios2-elf/lib/mhw-mulx/libc.a(lib_a-putchar.o)
                              obj/default/network_utilities.o (putchar)
/home/srdejong/intelFPGA/16.1/nios2eds/bin/gnu/H-x86_64-pc-linux-gnu/bin/../lib/gcc/nios2-elf/5.3.0/../../../../../H-x86_64-pc-linux-gnu/nios2-elf/lib/mhw-mulx/libc.a(lib_a-puts.o)
                              obj/default/alt_error_handler.o (puts)
/home/srdejong/intelFPGA/16.1/nios2eds/bin/gnu/H-x86_64-pc-linux-gnu/bin/../lib/gcc/nios2-elf/5.3.0/../../../../../H-x86_64-pc-linux-gnu/nios2-elf/lib/mhw-mulx/libc.a(lib_a-rget.o)
                              /home/srdejong/intelFPGA/16.1/nios2eds/bin/gnu/H-x86_64-pc-linux-gnu/bin/../lib/gcc/nios2-elf/5.3.0/../../../../../H-x86_64-pc-linux-gnu/nios2-elf/lib/mhw-mulx/libc.a(lib_a-getc.o) (__srget_r)
/home/srdejong/intelFPGA/16.1/nios2eds/bin/gnu/H-x86_64-pc-linux-gnu/bin/../lib/gcc/nios2-elf/5.3.0/../../../../../H-x86_64-pc-linux-gnu/nios2-elf/lib/mhw-mulx/libc.a(lib_a-sprintf.o)
                              obj/default/simple_socket_server.o (sprintf)
/home/srdejong/intelFPGA/16.1/nios2eds/bin/gnu/H-x86_64-pc-linux-gnu/bin/../lib/gcc/nios2-elf/5.3.0/../../../../../H-x86_64-pc-linux-gnu/nios2-elf/lib/mhw-mulx/libc.a(lib_a-strchr.o)
                              obj/default/simple_socket_server.o (strchr)
/home/srdejong/intelFPGA/16.1/nios2eds/bin/gnu/H-x86_64-pc-linux-gnu/bin/../lib/gcc/nios2-elf/5.3.0/../../../../../H-x86_64-pc-linux-gnu/nios2-elf/lib/mhw-mulx/libc.a(lib_a-strerror.o)
                              /home/srdejong/intelFPGA/16.1/nios2eds/bin/gnu/H-x86_64-pc-linux-gnu/bin/../lib/gcc/nios2-elf/5.3.0/../../../../../H-x86_64-pc-linux-gnu/nios2-elf/lib/mhw-mulx/libc.a(lib_a-perror.o) (_strerror_r)
[...]
Memory Configuration

Name             Origin             Length             Attributes
ext_flash_BEFORE_RESET 0x0000000000000000 0x0000000004a80000
reset            0x0000000004a80000 0x0000000000000020
ext_flash        0x0000000004a80020 0x000000000357ffe0
descriptor_memory 0x0000000008000000 0x0000000000002000
onchip_ram_BEFORE_EXCEPTION 0x0000000008200000 0x0000000000000060
onchip_ram       0x0000000008200060 0x000000000017ffa0
*default*        0x0000000000000000 0xffffffffffffffff

Linker script and memory map

LOAD ../Simple_Socket_BUP_bsp//obj/HAL/src/crt0.o
LOAD obj/default/alt_error_handler.o
LOAD obj/default/iniche_init.o
LOAD obj/default/led.o
LOAD obj/default/network_utilities.o
LOAD obj/default/simple_socket_server.o
LOAD obj/default/tse_my_system.o
LOAD /home/srdejong/intelFPGA/16.1/nios2eds/bin/gnu/H-x86_64-pc-linux-gnu/bin/../lib/gcc/nios2-elf/5.3.0/../../../../../H-x86_64-pc-linux-gnu/nios2-elf/lib/mhw-mulx/libstdc++.a
LOAD /home/srdejong/intelFPGA/16.1/nios2eds/bin/gnu/H-x86_64-pc-linux-gnu/bin/../lib/gcc/nios2-elf/5.3.0/../../../../../H-x86_64-pc-linux-gnu/nios2-elf/lib/mhw-mulx/libm.a
LOAD /home/srdejong/intelFPGA/16.1/nios2eds/bin/gnu/H-x86_64-pc-linux-gnu/bin/../lib/gcc/nios2-elf/5.3.0/mhw-mulx/libgcc.a
START GROUP
LOAD /home/srdejong/intelFPGA/16.1/nios2eds/bin/gnu/H-x86_64-pc-linux-gnu/bin/../lib/gcc/nios2-elf/5.3.0/../../../../../H-x86_64-pc-linux-gnu/nios2-elf/lib/mhw-mulx/libc.a
LOAD /home/srdejong/intelFPGA/16.1/nios2eds/bin/gnu/H-x86_64-pc-linux-gnu/bin/../lib/gcc/nios2-elf/5.3.0/mhw-mulx/libgcc.a
LOAD ../Simple_Socket_BUP_bsp//libucosii_bsp.a
LOAD /home/srdejong/intelFPGA/16.1/nios2eds/bin/gnu/H-x86_64-pc-linux-gnu/bin/../lib/gcc/nios2-elf/5.3.0/../../../../../H-x86_64-pc-linux-gnu/nios2-elf/lib/mhw-mulx/libm.a
END GROUP
LOAD /home/srdejong/intelFPGA/16.1/nios2eds/bin/gnu/H-x86_64-pc-linux-gnu/bin/../lib/gcc/nios2-elf/5.3.0/mhw-mulx/libgcc.a
                0x0000000000000000                __alt_mem_ext_flash = 0x0
                0x0000000008000000                __alt_mem_descriptor_memory = 0x8000000
                0x0000000008200000                __alt_mem_onchip_ram = 0x8200000

.entry          0x0000000004a80000        0x0
 *(.entry)
 .entry         0x0000000004a80000        0x0 ../Simple_Socket_BUP_bsp//obj/HAL/src/crt0.o
                0x0000000004a80000                __reset

.exceptions     0x0000000008200060      0x1a0
                [!provide]                        PROVIDE (__ram_exceptions_start, ABSOLUTE (.))
                0x0000000008200060                . = ALIGN (0x20)
 *(.irq)
 *(.exceptions.entry.label)
 .exceptions.entry.label
                0x0000000008200060        0x0 ../Simple_Socket_BUP_bsp//libucosii_bsp.a(alt_irq_entry.o)
                0x0000000008200060                alt_irq_entry
 .exceptions.entry.label
                0x0000000008200060        0x0 ../Simple_Socket_BUP_bsp//libucosii_bsp.a(alt_exception_entry.o)
                0x0000000008200060                alt_exception
 *(.exceptions.entry.user)
 *(.exceptions.entry.ecc_fatal)
 *(.exceptions.entry)
 .exceptions.entry
                0x0000000008200060       0x54 ../Simple_Socket_BUP_bsp//libucosii_bsp.a(alt_exception_entry.o)
 *(.exceptions.irqtest.user)
 *(.exceptions.irqtest)
 .exceptions.irqtest
                0x00000000082000b4       0x10 ../Simple_Socket_BUP_bsp//libucosii_bsp.a(alt_irq_entry.o)
 *(.exceptions.irqhandler.user)
 *(.exceptions.irqhandler)
 .exceptions.irqhandler
                0x00000000082000c4        0x4 ../Simple_Socket_BUP_bsp//libucosii_bsp.a(alt_irq_entry.o)
 *(.exceptions.irqreturn.user)
 *(.exceptions.irqreturn)
 .exceptions.irqreturn
                0x00000000082000c8        0x4 ../Simple_Socket_BUP_bsp//libucosii_bsp.a(alt_irq_entry.o)
 *(.exceptions.notirq.label)
 .exceptions.notirq.label
                0x00000000082000cc        0x0 ../Simple_Socket_BUP_bsp//libucosii_bsp.a(alt_irq_entry.o)
 *(.exceptions.notirq.user)
 *(.exceptions.notirq)
 .exceptions.notirq
                0x00000000082000cc        0x8 ../Simple_Socket_BUP_bsp//libucosii_bsp.a(alt_exception_entry.o)
 *(.exceptions.soft.user)
 *(.exceptions.soft)
 *(.exceptions.unknown.user)
 *(.exceptions.unknown)
 .exceptions.unknown
                0x00000000082000d4        0x4 ../Simple_Socket_BUP_bsp//libucosii_bsp.a(alt_exception_entry.o)
 *(.exceptions.exit.label)
 .exceptions.exit.label
                0x00000000082000d8        0x0 ../Simple_Socket_BUP_bsp//libucosii_bsp.a(alt_irq_entry.o)
 .exceptions.exit.label
                0x00000000082000d8        0x0 ../Simple_Socket_BUP_bsp//libucosii_bsp.a(alt_exception_entry.o)
 *(.exceptions.exit.user)
 *(.exceptions.exit)
 .exceptions.exit
                0x00000000082000d8       0x54 ../Simple_Socket_BUP_bsp//libucosii_bsp.a(alt_exception_entry.o)
 *(.exceptions)
 .exceptions    0x000000000820012c       0xd4 ../Simple_Socket_BUP_bsp//libucosii_bsp.a(alt_irq_handler.o)
                0x000000000820012c                alt_irq_handler
                [!provide]                        PROVIDE (__ram_exceptions_end, ABSOLUTE (.))
                [!provide]                        PROVIDE (__flash_exceptions_start, LOADADDR (.exceptions))

.text           0x0000000008200200    0x4ba20
                [!provide]                        PROVIDE (stext, ABSOLUTE (.))
 *(.interp)
 *(.hash)
 *(.dynsym)
 *(.dynstr)
 *(.gnu.version)
 *(.gnu.version_d)
 *(.gnu.version_r)
 *(.rel.init)
 *(.rela.init)
 *(.rel.text .rel.text.* .rel.gnu.linkonce.t.*)
 *(.rela.text .rela.text.* .rela.gnu.linkonce.t.*)
 *(.rel.fini)
 *(.rela.fini)
 *(.rel.rodata .rel.rodata.* .rel.gnu.linkonce.r.*)
 *(.rela.rodata .rela.rodata.* .rela.gnu.linkonce.r.*)
 *(.rel.data .rel.data.* .rel.gnu.linkonce.d.*)
 *(.rela.data .rela.data.* .rela.gnu.linkonce.d.*)
 *(.rel.tdata .rel.tdata.* .rel.gnu.linkonce.td.*)
 *(.rela.tdata .rela.tdata.* .rela.gnu.linkonce.td.*)
 *(.rel.tbss .rel.tbss.* .rel.gnu.linkonce.tb.*)
 *(.rela.tbss .rela.tbss.* .rela.gnu.linkonce.tb.*)
 *(.rel.ctors)
 *(.rela.ctors)
 *(.rel.dtors)
 *(.rela.dtors)
 *(.rel.got)
 *(.rela.got)
 *(.rel.sdata .rel.sdata.* .rel.gnu.linkonce.s.*)
 *(.rela.sdata .rela.sdata.* .rela.gnu.linkonce.s.*)
 *(.rel.sbss .rel.sbss.* .rel.gnu.linkonce.sb.*)
 *(.rela.sbss .rela.sbss.* .rela.gnu.linkonce.sb.*)
 *(.rel.sdata2 .rel.sdata2.* .rel.gnu.linkonce.s2.*)
 *(.rela.sdata2 .rela.sdata2.* .rela.gnu.linkonce.s2.*)
 *(.rel.sbss2 .rel.sbss2.* .rel.gnu.linkonce.sb2.*)
 *(.rela.sbss2 .rela.sbss2.* .rela.gnu.linkonce.sb2.*)
 *(.rel.bss .rel.bss.* .rel.gnu.linkonce.b.*)
 *(.rela.bss .rela.bss.* .rela.gnu.linkonce.b.*)
 *(.rel.plt)
 *(.rela.plt)
 *(.rel.dyn)
 *(.init)
 *(.plt)
 *(.text .stub .text.* .gnu.linkonce.t.*)
 .text          0x0000000008200200       0x48 ../Simple_Socket_BUP_bsp//obj/HAL/src/crt0.o
                0x0000000008200200                _start
 .text          0x0000000008200248      0xa60 obj/default/alt_error_handler.o
                0x0000000008200248                alt_uCOSIIErrorHandler
                0x00000000082007ac                alt_NetworkErrorHandler
                0x0000000008200a10                alt_SSSErrorHandler
 .text          0x0000000008200ca8       0xf0 obj/default/iniche_init.o
                0x0000000008200ca8                SSSInitialTask
                0x0000000008200d18                main
 .text          0x0000000008200d98      0x32c obj/default/led.o
                0x0000000008200d98                led_bit_toggle
                0x0000000008200e7c                LED7SegLightshowTask
                0x0000000008200ef0                LEDManagementTask
 .text          0x00000000082010c4      0x814 obj/default/network_utilities.o
                0x00000000082010c4                get_mac_addr
                0x0000000008201118                get_ip_addr
                0x0000000008201174                get_serial_number
                0x0000000008201330                generate_and_store_mac_addr
                0x00000000082014d8                generate_mac_addr
                0x0000000008201614                get_board_mac_addr
                0x00000000082017ac                FindLastFlashSectorOffset
 .text          0x00000000082018d8      0xf8c obj/default/simple_socket_server.o
                0x00000000082018d8                SSSCreateOSDataStructs
                0x000000000820197c                SSSCreateTasks
                0x0000000008201a4c                sss_reset_connection
                0x0000000008201abc                sss_send_menu
                0x0000000008201cd8                sss_handle_accept
                0x0000000008201da0                sss_exec_command
                0x00000000082024c0                sss_handle_receive
                0x00000000082026b0                SSSSimpleSocketServerTask
 .text          0x0000000008202864        0x0 obj/default/tse_my_system.o
 .text          0x0000000008202864      0x1b4 /home/srdejong/intelFPGA/16.1/nios2eds/bin/gnu/H-x86_64-pc-linux-gnu/bin/../lib/gcc/nios2-elf/5.3.0/mhw-mulx/libgcc.a(lib2-divmod.o)
                0x0000000008202864                __divsi3
                0x00000000082028e8                __modsi3
                0x000000000820295c                __udivsi3
                0x00000000082029c0                __umodsi3
 .text          0x0000000008202a18        0x0 /home/srdejong/intelFPGA/16.1/nios2eds/bin/gnu/H-x86_64-pc-linux-gnu/bin/../lib/gcc/nios2-elf/5.3.0/../../../../../H-x86_64-pc-linux-gnu/nios2-elf/lib/mhw-mulx/libc.a(lib_a-ctype_.o)
 .text          0x0000000008202a18        0x0 /home/srdejong/intelFPGA/16.1/nios2eds/bin/gnu/H-x86_64-pc-linux-gnu/bin/../lib/gcc/nios2-elf/5.3.0/../../../../../H-x86_64-pc-linux-gnu/nios2-elf/lib/mhw-mulx/libc.a(lib_a-fprintf.o)
 .text._fprintf_r
                0x0000000008202a18       0x28 /home/srdejong/intelFPGA/16.1/nios2eds/bin/gnu/H-x86_64-pc-linux-gnu/bin/../lib/gcc/nios2-elf/5.3.0/../../../../../H-x86_64-pc-linux-gnu/nios2-elf/lib/mhw-mulx/libc.a(lib_a-fprintf.o)
                0x0000000008202a18                _fprintf_r
 .text.fprintf  0x0000000008202a40       0x24 /home/srdejong/intelFPGA/16.1/nios2eds/bin/gnu/H-x86_64-pc-linux-gnu/bin/../lib/gcc/nios2-elf/5.3.0/../../../../../H-x86_64-pc-linux-gnu/nios2-elf/lib/mhw-mulx/libc.a(lib_a-fprintf.o)
                0x0000000008202a40                fprintf
 .text          0x0000000008202a64        0x0 /home/srdejong/intelFPGA/16.1/nios2eds/bin/gnu/H-x86_64-pc-linux-gnu/bin/../lib/gcc/nios2-elf/5.3.0/../../../../../H-x86_64-pc-linux-gnu/nios2-elf/lib/mhw-mulx/libc.a(lib_a-fwrite.o)
 .text._fwrite_r
                0x0000000008202a64       0xcc /home/srdejong/intelFPGA/16.1/nios2eds/bin/gnu/H-x86_64-pc-linux-gnu/bin/../lib/gcc/nios2-elf/5.3.0/../../../../../H-x86_64-pc-linux-gnu/nios2-elf/lib/mhw-mulx/libc.a(lib_a-fwrite.o)
                0x0000000008202a64                _fwrite_r
 .text.fwrite   0x0000000008202b30       0x34 /home/srdejong/intelFPGA/16.1/nios2eds/bin/gnu/H-x86_64-pc-linux-gnu/bin/../lib/gcc/nios2-elf/5.3.0/../../../../../H-x86_64-pc-linux-gnu/nios2-elf/lib/mhw-mulx/libc.a(lib_a-fwrite.o)
                0x0000000008202b30                fwrite
 .text          0x0000000008202b64        0x0 /home/srdejong/intelFPGA/16.1/nios2eds/bin/gnu/H-x86_64-pc-linux-gnu/bin/../lib/gcc/nios2-elf/5.3.0/../../../../../H-x86_64-pc-linux-gnu/nios2-elf/lib/mhw-mulx/libc.a(lib_a-getc.o)
 .text._getc_r  0x0000000008202b64       0x70 /home/srdejong/intelFPGA/16.1/nios2eds/bin/gnu/H-x86_64-pc-linux-gnu/bin/../lib/gcc/nios2-elf/5.3.0/../../../../../H-x86_64-pc-linux-gnu/nios2-elf/lib/mhw-mulx/libc.a(lib_a-getc.o)
                0x0000000008202b64                _getc_r
 .text.getc     0x0000000008202bd4       0x88 /home/srdejong/intelFPGA/16.1/nios2eds/bin/gnu/H-x86_64-pc-linux-gnu/bin/../lib/gcc/nios2-elf/5.3.0/../../../../../H-x86_64-pc-linux-gnu/nios2-elf/lib/mhw-mulx/libc.a(lib_a-getc.o)
                0x0000000008202bd4                getc
 .text          0x0000000008202c5c        0x0 /home/srdejong/intelFPGA/16.1/nios2eds/bin/gnu/H-x86_64-pc-linux-gnu/bin/../lib/gcc/nios2-elf/5.3.0/../../../../../H-x86_64-pc-linux-gnu/nios2-elf/lib/mhw-mulx/libc.a(lib_a-impure.o)
 .text          0x0000000008202c5c        0x0 /home/srdejong/intelFPGA/16.1/nios2eds/bin/gnu/H-x86_64-pc-linux-gnu/bin/../lib/gcc/nios2-elf/5.3.0/../../../../../H-x86_64-pc-linux-gnu/nios2-elf/lib/mhw-mulx/libc.a(lib_a-memcpy.o)
 .text.memcpy   0x0000000008202c5c      0x148 /home/srdejong/intelFPGA/16.1/nios2eds/bin/gnu/H-x86_64-pc-linux-gnu/bin/../lib/gcc/nios2-elf/5.3.0/../../../../../H-x86_64-pc-linux-gnu/nios2-elf/lib/mhw-mulx/libc.a(lib_a-memcpy.o)
                0x0000000008202c5c                memcpy
 .text          0x0000000008202da4        0x0 /home/srdejong/intelFPGA/16.1/nios2eds/bin/gnu/H-x86_64-pc-linux-gnu/bin/../lib/gcc/nios2-elf/5.3.0/../../../../../H-x86_64-pc-linux-gnu/nios2-elf/lib/mhw-mulx/libc.a(lib_a-memmove.o)
 .text.memmove  0x0000000008202da4      0x15c /home/srdejong/intelFPGA/16.1/nios2eds/bin/gnu/H-x86_64-pc-linux-gnu/bin/../lib/gcc/nios2-elf/5.3.0/../../../../../H-x86_64-pc-linux-gnu/nios2-elf/lib/mhw-mulx/libc.a(lib_a-memmove.o)
                0x0000000008202da4                memmove
 .text          0x0000000008202f00        0x0 /home/srdejong/intelFPGA/16.1/nios2eds/bin/gnu/H-x86_64-pc-linux-gnu/bin/../lib/gcc/nios2-elf/5.3.0/../../../../../H-x86_64-pc-linux-gnu/nios2-elf/lib/mhw-mulx/libc.a(lib_a-memset.o)
 .text.memset   0x0000000008202f00      0x128 /home/srdejong/intelFPGA/16.1/nios2eds/bin/gnu/H-x86_64-pc-linux-gnu/bin/../lib/gcc/nios2-elf/5.3.0/../../../../../H-x86_64-pc-linux-gnu/nios2-elf/lib/mhw-mulx/libc.a(lib_a-memset.o)
                0x0000000008202f00                memset
 .text          0x0000000008203028        0x0 /home/srdejong/intelFPGA/16.1/nios2eds/bin/gnu/H-x86_64-pc-linux-gnu/bin/../lib/gcc/nios2-elf/5.3.0/../../../../../H-x86_64-pc-linux-gnu/nios2-elf/lib/mhw-mulx/libc.a(lib_a-perror.o)
 .text._perror_r
                0x0000000008203028       0x80 /home/srdejong/intelFPGA/16.1/nios2eds/bin/gnu/H-x86_64-pc-linux-gnu/bin/../lib/gcc/nios2-elf/5.3.0/../../../../../H-x86_64-pc-linux-gnu/nios2-elf/lib/mhw-mulx/libc.a(lib_a-perror.o)
                0x0000000008203028                _perror_r
 .text.perror   0x00000000082030a8       0x14 /home/srdejong/intelFPGA/16.1/nios2eds/bin/gnu/H-x86_64-pc-linux-gnu/bin/../lib/gcc/nios2-elf/5.3.0/../../../../../H-x86_64-pc-linux-gnu/nios2-elf/lib/mhw-mulx/libc.a(lib_a-perror.o)
                0x00000000082030a8                perror
 .text          0x00000000082030bc        0x0 /home/srdejong/intelFPGA/16.1/nios2eds/bin/gnu/H-x86_64-pc-linux-gnu/bin/../lib/gcc/nios2-elf/5.3.0/../../../../../H-x86_64-pc-linux-gnu/nios2-elf/lib/mhw-mulx/libc.a(lib_a-printf.o)
 .text._printf_r
                0x00000000082030bc       0x30 /home/srdejong/intelFPGA/16.1/nios2eds/bin/gnu/H-x86_64-pc-linux-gnu/bin/../lib/gcc/nios2-elf/5.3.0/../../../../../H-x86_64-pc-linux-gnu/nios2-elf/lib/mhw-mulx/libc.a(lib_a-printf.o)
                0x00000000082030bc                _printf_r
 .text.printf   0x00000000082030ec       0x3c /home/srdejong/intelFPGA/16.1/nios2eds/bin/gnu/H-x86_64-pc-linux-gnu/bin/../lib/gcc/nios2-elf/5.3.0/../../../../../H-x86_64-pc-linux-gnu/nios2-elf/lib/mhw-mulx/libc.a(lib_a-printf.o)
                0x00000000082030ec                printf
 .text          0x0000000008203128        0x0 /home/srdejong/intelFPGA/16.1/nios2eds/bin/gnu/H-x86_64-pc-linux-gnu/bin/../lib/gcc/nios2-elf/5.3.0/../../../../../H-x86_64-pc-linux-gnu/nios2-elf/lib/mhw-mulx/libc.a(lib_a-putc.o)
 .text._putc_r  0x0000000008203128       0xa0 /home/srdejong/intelFPGA/16.1/nios2eds/bin/gnu/H-x86_64-pc-linux-gnu/bin/../lib/gcc/nios2-elf/5.3.0/../../../../../H-x86_64-pc-linux-gnu/nios2-elf/lib/mhw-mulx/libc.a(lib_a-putc.o)
                0x0000000008203128                _putc_r
 .text.putc     0x00000000082031c8       0xc8 /home/srdejong/intelFPGA/16.1/nios2eds/bin/gnu/H-x86_64-pc-linux-gnu/bin/../lib/gcc/nios2-elf/5.3.0/../../../../../H-x86_64-pc-linux-gnu/nios2-elf/lib/mhw-mulx/libc.a(lib_a-putc.o)
                0x00000000082031c8                putc
 .text          0x0000000008203290        0x0 /home/srdejong/intelFPGA/16.1/nios2eds/bin/gnu/H-x86_64-pc-linux-gnu/bin/../lib/gcc/nios2-elf/5.3.0/../../../../../H-x86_64-pc-linux-gnu/nios2-elf/lib/mhw-mulx/libc.a(lib_a-putchar.o)
 .text._putchar_r
                0x0000000008203290        0x8 /home/srdejong/intelFPGA/16.1/nios2eds/bin/gnu/H-x86_64-pc-linux-gnu/bin/../lib/gcc/nios2-elf/5.3.0/../../../../../H-x86_64-pc-linux-gnu/nios2-elf/lib/mhw-mulx/libc.a(lib_a-putchar.o)
                0x0000000008203290                _putchar_r
 .text.putchar  0x0000000008203298       0x18 /home/srdejong/intelFPGA/16.1/nios2eds/bin/gnu/H-x86_64-pc-linux-gnu/bin/../lib/gcc/nios2-elf/5.3.0/../../../../../H-x86_64-pc-linux-gnu/nios2-elf/lib/mhw-mulx/libc.a(lib_a-putchar.o)
                0x0000000008203298                putchar
 .text          0x00000000082032b0        0x0 /home/srdejong/intelFPGA/16.1/nios2eds/bin/gnu/H-x86_64-pc-linux-gnu/bin/../lib/gcc/nios2-elf/5.3.0/../../../../../H-x86_64-pc-linux-gnu/nios2-elf/lib/mhw-mulx/libc.a(lib_a-puts.o)
 .text._puts_r  0x00000000082032b0       0xc0 /home/srdejong/intelFPGA/16.1/nios2eds/bin/gnu/H-x86_64-pc-linux-gnu/bin/../lib/gcc/nios2-elf/5.3.0/../../../../../H-x86_64-pc-linux-gnu/nios2-elf/lib/mhw-mulx/libc.a(lib_a-puts.o)
                0x00000000082032b0                _puts_r
 .text.puts     0x0000000008203370       0x14 /home/srdejong/intelFPGA/16.1/nios2eds/bin/gnu/H-x86_64-pc-linux-gnu/bin/../lib/gcc/nios2-elf/5.3.0/../../../../../H-x86_64-pc-linux-gnu/nios2-elf/lib/mhw-mulx/libc.a(lib_a-puts.o)
                0x0000000008203370                puts
 .text          0x0000000008203384        0x0 /home/srdejong/intelFPGA/16.1/nios2eds/bin/gnu/H-x86_64-pc-linux-gnu/bin/../lib/gcc/nios2-elf/5.3.0/../../../../../H-x86_64-pc-linux-gnu/nios2-elf/lib/mhw-mulx/libc.a(lib_a-rget.o)
 .text.__srget_r
                0x0000000008203384       0x74 /home/srdejong/intelFPGA/16.1/nios2eds/bin/gnu/H-x86_64-pc-linux-gnu/bin/../lib/gcc/nios2-elf/5.3.0/../../../../../H-x86_64-pc-linux-gnu/nios2-elf/lib/mhw-mulx/libc.a(lib_a-rget.o)
                0x0000000008203384                __srget_r
 .text.__srget  0x00000000082033f8       0x14 /home/srdejong/intelFPGA/16.1/nios2eds/bin/gnu/H-x86_64-pc-linux-gnu/bin/../lib/gcc/nios2-elf/5.3.0/../../../../../H-x86_64-pc-linux-gnu/nios2-elf/lib/mhw-mulx/libc.a(lib_a-rget.o)
                0x00000000082033f8                __srget
 .text          0x000000000820340c        0x0 /home/srdejong/intelFPGA/16.1/nios2eds/bin/gnu/H-x86_64-pc-linux-gnu/bin/../lib/gcc/nios2-elf/5.3.0/../../../../../H-x86_64-pc-linux-gnu/nios2-elf/lib/mhw-mulx/libc.a(lib_a-sprintf.o)
 .text._sprintf_r
                0x000000000820340c       0x58 /home/srdejong/intelFPGA/16.1/nios2eds/bin/gnu/H-x86_64-pc-linux-gnu/bin/../lib/gcc/nios2-elf/5.3.0/../../../../../H-x86_64-pc-linux-gnu/nios2-elf/lib/mhw-mulx/libc.a(lib_a-sprintf.o)
                0x000000000820340c                _sprintf_r
 .text.sprintf  0x0000000008203464       0x6c /home/srdejong/intelFPGA/16.1/nios2eds/bin/gnu/H-x86_64-pc-linux-gnu/bin/../lib/gcc/nios2-elf/5.3.0/../../../../../H-x86_64-pc-linux-gnu/nios2-elf/lib/mhw-mulx/libc.a(lib_a-sprintf.o)
                0x0000000008203464                sprintf
 .text          0x00000000082034d0        0x0 /home/srdejong/intelFPGA/16.1/nios2eds/bin/gnu/H-x86_64-pc-linux-gnu/bin/../lib/gcc/nios2-elf/5.3.0/../../../../../H-x86_64-pc-linux-gnu/nios2-elf/lib/mhw-mulx/libc.a(lib_a-strchr.o)
 .text.strchr   0x00000000082034d0      0x164 /home/srdejong/intelFPGA/16.1/nios2eds/bin/gnu/H-x86_64-pc-linux-gnu/bin/../lib/gcc/nios2-elf/5.3.0/../../../../../H-x86_64-pc-linux-gnu/nios2-elf/lib/mhw-mulx/libc.a(lib_a-strchr.o)
                0x00000000082034d0                strchr
 .text          0x0000000008203634        0x0 /home/srdejong/intelFPGA/16.1/nios2eds/bin/gnu/H-x86_64-pc-linux-gnu/bin/../lib/gcc/nios2-elf/5.3.0/../../../../../H-x86_64-pc-linux-gnu/nios2-elf/lib/mhw-mulx/libc.a(lib_a-strerror.o)
 .text._strerror_r
                0x0000000008203634      0x65c /home/srdejong/intelFPGA/16.1/nios2eds/bin/gnu/H-x86_64-pc-linux-gnu/bin/../lib/gcc/nios2-elf/5.3.0/../../../../../H-x86_64-pc-linux-gnu/nios2-elf/lib/mhw-mulx/libc.a(lib_a-strerror.o)
                0x0000000008203634                _strerror_r
 .text.strerror
                0x0000000008203c90       0x1c /home/srdejong/intelFPGA/16.1/nios2eds/bin/gnu/H-x86_64-pc-linux-gnu/bin/../lib/gcc/nios2-elf/5.3.0/../../../../../H-x86_64-pc-linux-gnu/nios2-elf/lib/mhw-mulx/libc.a(lib_a-strerror.o)
                0x0000000008203c90                strerror
 .text          0x0000000008203cac        0x0 /home/srdejong/intelFPGA/16.1/nios2eds/bin/gnu/H-x86_64-pc-linux-gnu/bin/../lib/gcc/nios2-elf/5.3.0/../../../../../H-x86_64-pc-linux-gnu/nios2-elf/lib/mhw-mulx/libc.a(lib_a-strlen.o)
 .text.strlen   0x0000000008203cac       0x98 /home/srdejong/intelFPGA/16.1/nios2eds/bin/gnu/H-x86_64-pc-linux-gnu/bin/../lib/gcc/nios2-elf/5.3.0/../../../../../H-x86_64-pc-linux-gnu/nios2-elf/lib/mhw-mulx/libc.a(lib_a-strlen.o)
                0x0000000008203cac                strlen
 .text          0x0000000008203d44        0x0 /home/srdejong/intelFPGA/16.1/nios2eds/bin/gnu/H-x86_64-pc-linux-gnu/bin/../lib/gcc/nios2-elf/5.3.0/../../../../../H-x86_64-pc-linux-gnu/nios2-elf/lib/mhw-mulx/libc.a(lib_a-strstr.o)
 .text.critical_factorization
                0x0000000008203d44      0x104 /home/srdejong/intelFPGA/16.1/nios2eds/bin/gnu/H-x86_64-pc-linux-gnu/bin/../lib/gcc/nios2-elf/5.3.0/../../../../../H-x86_64-pc-linux-gnu/nios2-elf/lib/mhw-mulx/libc.a(lib_a-strstr.o)
 .text.two_way_long_needle
                0x0000000008203e48      0x3b0 /home/srdejong/intelFPGA/16.1/nios2eds/bin/gnu/H-x86_64-pc-linux-gnu/bin/../lib/gcc/nios2-elf/5.3.0/../../../../../H-x86_64-pc-linux-gnu/nios2-elf/lib/mhw-mulx/libc.a(lib_a-strstr.o)
 .text.strstr   0x00000000082041f8      0x3b0 /home/srdejong/intelFPGA/16.1/nios2eds/bin/gnu/H-x86_64-pc-linux-gnu/bin/../lib/gcc/nios2-elf/5.3.0/../../../../../H-x86_64-pc-linux-gnu/nios2-elf/lib/mhw-mulx/libc.a(lib_a-strstr.o)
                0x00000000082041f8                strstr
 .text          0x00000000082045a8        0x0 /home/srdejong/intelFPGA/16.1/nios2eds/bin/gnu/H-x86_64-pc-linux-gnu/bin/../lib/gcc/nios2-elf/5.3.0/../../../../../H-x86_64-pc-linux-gnu/nios2-elf/lib/mhw-mulx/libc.a(lib_a-svfprintf.o)
 .text.___svfprintf_internal_r
                0x00000000082045a8     0x21d8 /home/srdejong/intelFPGA/16.1/nios2eds/bin/gnu/H-x86_64-pc-linux-gnu/bin/../lib/gcc/nios2-elf/5.3.0/../../../../../H-x86_64-pc-linux-gnu/nios2-elf/lib/mhw-mulx/libc.a(lib_a-svfprintf.o)
                0x00000000082045a8                ___svfprintf_internal_r
 .text          0x0000000008206780        0x0 /home/srdejong/intelFPGA/16.1/nios2eds/bin/gnu/H-x86_64-pc-linux-gnu/bin/../lib/gcc/nios2-elf/5.3.0/../../../../../H-x86_64-pc-linux-gnu/nios2-elf/lib/mhw-mulx/libc.a(lib_a-u_strerr.o)
 .text._user_strerror
                0x0000000008206780        0x8 /home/srdejong/intelFPGA/16.1/nios2eds/bin/gnu/H-x86_64-pc-linux-gnu/bin/../lib/gcc/nios2-elf/5.3.0/../../../../../H-x86_64-pc-linux-gnu/nios2-elf/lib/mhw-mulx/libc.a(lib_a-u_strerr.o)
                0x0000000008206780                _user_strerror
 .text          0x0000000008206788        0x0 /home/srdejong/intelFPGA/16.1/nios2eds/bin/gnu/H-x86_64-pc-linux-gnu/bin/../lib/gcc/nios2-elf/5.3.0/../../../../../H-x86_64-pc-linux-gnu/nios2-elf/lib/mhw-mulx/libc.a(lib_a-vfprintf.o)
 .text.___vfprintf_internal_r
                0x0000000008206788     0x21f8 /home/srdejong/intelFPGA/16.1/nios2eds/bin/gnu/H-x86_64-pc-linux-gnu/bin/../lib/gcc/nios2-elf/5.3.0/../../../../../H-x86_64-pc-linux-gnu/nios2-elf/lib/mhw-mulx/libc.a(lib_a-vfprintf.o)
                0x0000000008206788                ___vfprintf_internal_r
 .text.__vfprintf_internal
                0x0000000008208980       0x1c /home/srdejong/intelFPGA/16.1/nios2eds/bin/gnu/H-x86_64-pc-linux-gnu/bin/../lib/gcc/nios2-elf/5.3.0/../../../../../H-x86_64-pc-linux-gnu/nios2-elf/lib/mhw-mulx/libc.a(lib_a-vfprintf.o)
                0x0000000008208980                __vfprintf_internal
 .text.__sbprintf
                0x000000000820899c       0xbc /home/srdejong/intelFPGA/16.1/nios2eds/bin/gnu/H-x86_64-pc-linux-gnu/bin/../lib/gcc/nios2-elf/5.3.0/../../../../../H-x86_64-pc-linux-gnu/nios2-elf/lib/mhw-mulx/libc.a(lib_a-vfprintf.o)
 .text          0x0000000008208a58        0x0 /home/srdejong/intelFPGA/16.1/nios2eds/bin/gnu/H-x86_64-pc-linux-gnu/bin/../lib/gcc/nios2-elf/5.3.0/../../../../../H-x86_64-pc-linux-gnu/nios2-elf/lib/mhw-mulx/libc.a(lib_a-wbuf.o)
 .text.__swbuf_r
                0x0000000008208a58      0x140 /home/srdejong/intelFPGA/16.1/nios2eds/bin/gnu/H-x86_64-pc-linux-gnu/bin/../lib/gcc/nios2-elf/5.3.0/../../../../../H-x86_64-pc-linux-gnu/nios2-elf/lib/mhw-mulx/libc.a(lib_a-wbuf.o)
                0x0000000008208a58                __swbuf_r
 .text.__swbuf  0x0000000008208b98       0x18 /home/srdejong/intelFPGA/16.1/nios2eds/bin/gnu/H-x86_64-pc-linux-gnu/bin/../lib/gcc/nios2-elf/5.3.0/../../../../../H-x86_64-pc-linux-gnu/nios2-elf/lib/mhw-mulx/libc.a(lib_a-wbuf.o)
                0x0000000008208b98                __swbuf
 .text          0x0000000008208bb0        0x0 /home/srdejong/intelFPGA/16.1/nios2eds/bin/gnu/H-x86_64-pc-linux-gnu/bin/../lib/gcc/nios2-elf/5.3.0/../../../../../H-x86_64-pc-linux-gnu/nios2-elf/lib/mhw-mulx/libc.a(lib_a-wsetup.o)
 .text.__swsetup_r
                0x0000000008208bb0      0x154 /home/srdejong/intelFPGA/16.1/nios2eds/bin/gnu/H-x86_64-pc-linux-gnu/bin/../lib/gcc/nios2-elf/5.3.0/../../../../../H-x86_64-pc-linux-gnu/nios2-elf/lib/mhw-mulx/libc.a(lib_a-wsetup.o)
                0x0000000008208bb0                __swsetup_r
 .text          0x0000000008208d04        0x0 /home/srdejong/intelFPGA/16.1/nios2eds/bin/gnu/H-x86_64-pc-linux-gnu/bin/../lib/gcc/nios2-elf/5.3.0/../../../../../H-x86_64-pc-linux-gnu/nios2-elf/lib/mhw-mulx/libc.a(lib_a-dtoa.o)
 .text.quorem   0x0000000008208d04      0x200 /home/srdejong/intelFPGA/16.1/nios2eds/bin/gnu/H-x86_64-pc-linux-gnu/bin/../lib/gcc/nios2-elf/5.3.0/../../../../../H-x86_64-pc-linux-gnu/nios2-elf/lib/mhw-mulx/libc.a(lib_a-dtoa.o)
 .text._dtoa_r  0x0000000008208f04     0x1688 /home/srdejong/intelFPGA/16.1/nios2eds/bin/gnu/H-x86_64-pc-linux-gnu/bin/../lib/gcc/nios2-elf/5.3.0/../../../../../H-x86_64-pc-linux-gnu/nios2-elf/lib/mhw-mulx/libc.a(lib_a-dtoa.o)
                0x0000000008208f04                _dtoa_r
 .text          0x000000000820a58c        0x0 /home/srdejong/intelFPGA/16.1/nios2eds/bin/gnu/H-x86_64-pc-linux-gnu/bin/../lib/gcc/nios2-elf/5.3.0/../../../../../H-x86_64-pc-linux-gnu/nios2-elf/lib/mhw-mulx/libc.a(lib_a-fflush.o)
 .text.__sflush_r
                0x000000000820a58c      0x21c /home/srdejong/intelFPGA/16.1/nios2eds/bin/gnu/H-x86_64-pc-linux-gnu/bin/../lib/gcc/nios2-elf/5.3.0/../../../../../H-x86_64-pc-linux-gnu/nios2-elf/lib/mhw-mulx/libc.a(lib_a-fflush.o)
                0x000000000820a58c                __sflush_r
 .text._fflush_r
                0x000000000820a7a8       0x5c /home/srdejong/intelFPGA/16.1/nios2eds/bin/gnu/H-x86_64-pc-linux-gnu/bin/../lib/gcc/nios2-elf/5.3.0/../../../../../H-x86_64-pc-linux-gnu/nios2-elf/lib/mhw-mulx/libc.a(lib_a-fflush.o)
                0x000000000820a7a8                _fflush_r
 .text.fflush   0x000000000820a804       0x30 /home/srdejong/intelFPGA/16.1/nios2eds/bin/gnu/H-x86_64-pc-linux-gnu/bin/../lib/gcc/nios2-elf/5.3.0/../../../../../H-x86_64-pc-linux-gnu/nios2-elf/lib/mhw-mulx/libc.a(lib_a-fflush.o)
                0x000000000820a804                fflush
 .text          0x000000000820a834        0x0 /home/srdejong/intelFPGA/16.1/nios2eds/bin/gnu/H-x86_64-pc-linux-gnu/bin/../lib/gcc/nios2-elf/5.3.0/../../../../../H-x86_64-pc-linux-gnu/nios2-elf/lib/mhw-mulx/libc.a(lib_a-findfp.o)
 .text.__fp_unlock
                0x000000000820a834        0x8 /home/srdejong/intelFPGA/16.1/nios2eds/bin/gnu/H-x86_64-pc-linux-gnu/bin/../lib/gcc/nios2-elf/5.3.0/../../../../../H-x86_64-pc-linux-gnu/nios2-elf/lib/mhw-mulx/libc.a(lib_a-findfp.o)
 .text._cleanup_r
                0x000000000820a83c        0xc /home/srdejong/intelFPGA/16.1/nios2eds/bin/gnu/H-x86_64-pc-linux-gnu/bin/../lib/gcc/nios2-elf/5.3.0/../../../../../H-x86_64-pc-linux-gnu/nios2-elf/lib/mhw-mulx/libc.a(lib_a-findfp.o)
                0x000000000820a83c                _cleanup_r
 .text.__sinit.part.1
                0x000000000820a848      0x19c /home/srdejong/intelFPGA/16.1/nios2eds/bin/gnu/H-x86_64-pc-linux-gnu/bin/../lib/gcc/nios2-elf/5.3.0/../../../../../H-x86_64-pc-linux-gnu/nios2-elf/lib/mhw-mulx/libc.a(lib_a-findfp.o)
 .text.__fp_lock
                0x000000000820a9e4        0x8 /home/srdejong/intelFPGA/16.1/nios2eds/bin/gnu/H-x86_64-pc-linux-gnu/bin/../lib/gcc/nios2-elf/5.3.0/../../../../../H-x86_64-pc-linux-gnu/nios2-elf/lib/mhw-mulx/libc.a(lib_a-findfp.o)
 .text.__sfmoreglue
                0x000000000820a9ec       0x68 /home/srdejong/intelFPGA/16.1/nios2eds/bin/gnu/H-x86_64-pc-linux-gnu/bin/../lib/gcc/nios2-elf/5.3.0/../../../../../H-x86_64-pc-linux-gnu/nios2-elf/lib/mhw-mulx/libc.a(lib_a-findfp.o)
                0x000000000820a9ec                __sfmoreglue
 .text.__sfp    0x000000000820aa54      0x118 /home/srdejong/intelFPGA/16.1/nios2eds/bin/gnu/H-x86_64-pc-linux-gnu/bin/../lib/gcc/nios2-elf/5.3.0/../../../../../H-x86_64-pc-linux-gnu/nios2-elf/lib/mhw-mulx/libc.a(lib_a-findfp.o)
                0x000000000820aa54                __sfp
 .text._cleanup
                0x000000000820ab6c       0x18 /home/srdejong/intelFPGA/16.1/nios2eds/bin/gnu/H-x86_64-pc-linux-gnu/bin/../lib/gcc/nios2-elf/5.3.0/../../../../../H-x86_64-pc-linux-gnu/nios2-elf/lib/mhw-mulx/libc.a(lib_a-findfp.o)
                0x000000000820ab6c                _cleanup
 .text.__sinit  0x000000000820ab84       0x10 /home/srdejong/intelFPGA/16.1/nios2eds/bin/gnu/H-x86_64-pc-linux-gnu/bin/../lib/gcc/nios2-elf/5.3.0/../../../../../H-x86_64-pc-linux-gnu/nios2-elf/lib/mhw-mulx/libc.a(lib_a-findfp.o)
                0x000000000820ab84                __sinit
 .text.__sfp_lock_acquire
                0x000000000820ab94        0x4 /home/srdejong/intelFPGA/16.1/nios2eds/bin/gnu/H-x86_64-pc-linux-gnu/bin/../lib/gcc/nios2-elf/5.3.0/../../../../../H-x86_64-pc-linux-gnu/nios2-elf/lib/mhw-mulx/libc.a(lib_a-findfp.o)
                0x000000000820ab94                __sfp_lock_acquire
 .text.__sfp_lock_release
                0x000000000820ab98        0x4 /home/srdejong/intelFPGA/16.1/nios2eds/bin/gnu/H-x86_64-pc-linux-gnu/bin/../lib/gcc/nios2-elf/5.3.0/../../../../../H-x86_64-pc-linux-gnu/nios2-elf/lib/mhw-mulx/libc.a(lib_a-findfp.o)
                0x000000000820ab98                __sfp_lock_release
 .text.__sinit_lock_acquire
                0x000000000820ab9c        0x4 /home/srdejong/intelFPGA/16.1/nios2eds/bin/gnu/H-x86_64-pc-linux-gnu/bin/../lib/gcc/nios2-elf/5.3.0/../../../../../H-x86_64-pc-linux-gnu/nios2-elf/lib/mhw-mulx/libc.a(lib_a-findfp.o)
                0x000000000820ab9c                __sinit_lock_acquire
 .text.__sinit_lock_release
                0x000000000820aba0        0x4 /home/srdejong/intelFPGA/16.1/nios2eds/bin/gnu/H-x86_64-pc-linux-gnu/bin/../lib/gcc/nios2-elf/5.3.0/../../../../../H-x86_64-pc-linux-gnu/nios2-elf/lib/mhw-mulx/libc.a(lib_a-findfp.o)
                0x000000000820aba0                __sinit_lock_release
 .text.__fp_lock_all
                0x000000000820aba4       0x18 /home/srdejong/intelFPGA/16.1/nios2eds/bin/gnu/H-x86_64-pc-linux-gnu/bin/../lib/gcc/nios2-elf/5.3.0/../../../../../H-x86_64-pc-linux-gnu/nios2-elf/lib/mhw-mulx/libc.a(lib_a-findfp.o)
                0x000000000820aba4                __fp_lock_all
 .text.__fp_unlock_all
                0x000000000820abbc       0x18 /home/srdejong/intelFPGA/16.1/nios2eds/bin/gnu/H-x86_64-pc-linux-gnu/bin/../lib/gcc/nios2-elf/5.3.0/../../../../../H-x86_64-pc-linux-gnu/nios2-elf/lib/mhw-mulx/libc.a(lib_a-findfp.o)
                0x000000000820abbc                __fp_unlock_all
 .text          0x000000000820abd4        0x0 /home/srdejong/intelFPGA/16.1/nios2eds/bin/gnu/H-x86_64-pc-linux-gnu/bin/../lib/gcc/nios2-elf/5.3.0/../../../../../H-x86_64-pc-linux-gnu/nios2-elf/lib/mhw-mulx/libc.a(lib_a-fputc.o)
 .text._fputc_r
                0x000000000820abd4       0x44 /home/srdejong/intelFPGA/16.1/nios2eds/bin/gnu/H-x86_64-pc-linux-gnu/bin/../lib/gcc/nios2-elf/5.3.0/../../../../../H-x86_64-pc-linux-gnu/nios2-elf/lib/mhw-mulx/libc.a(lib_a-fputc.o)
                0x000000000820abd4                _fputc_r
 .text.fputc    0x000000000820ac18       0x5c /home/srdejong/intelFPGA/16.1/nios2eds/bin/gnu/H-x86_64-pc-linux-gnu/bin/../lib/gcc/nios2-elf/5.3.0/../../../../../H-x86_64-pc-linux-gnu/nios2-elf/lib/mhw-mulx/libc.a(lib_a-fputc.o)
                0x000000000820ac18                fputc
 .text          0x000000000820ac74        0x0 /home/srdejong/intelFPGA/16.1/nios2eds/bin/gnu/H-x86_64-pc-linux-gnu/bin/../lib/gcc/nios2-elf/5.3.0/../../../../../H-x86_64-pc-linux-gnu/nios2-elf/lib/mhw-mulx/libc.a(lib_a-fputs.o)
 .text._fputs_r
                0x000000000820ac74       0x9c /home/srdejong/intelFPGA/16.1/nios2eds/bin/gnu/H-x86_64-pc-linux-gnu/bin/../lib/gcc/nios2-elf/5.3.0/../../../../../H-x86_64-pc-linux-gnu/nios2-elf/lib/mhw-mulx/libc.a(lib_a-fputs.o)
                0x000000000820ac74                _fputs_r
 .text.fputs    0x000000000820ad10       0x18 /home/srdejong/intelFPGA/16.1/nios2eds/bin/gnu/H-x86_64-pc-linux-gnu/bin/../lib/gcc/nios2-elf/5.3.0/../../../../../H-x86_64-pc-linux-gnu/nios2-elf/lib/mhw-mulx/libc.a(lib_a-fputs.o)
                0x000000000820ad10                fputs
 .text          0x000000000820ad28        0x0 /home/srdejong/intelFPGA/16.1/nios2eds/bin/gnu/H-x86_64-pc-linux-gnu/bin/../lib/gcc/nios2-elf/5.3.0/../../../../../H-x86_64-pc-linux-gnu/nios2-elf/lib/mhw-mulx/libc.a(lib_a-freer.o)
 .text._malloc_trim_r
                0x000000000820ad28      0x124 /home/srdejong/intelFPGA/16.1/nios2eds/bin/gnu/H-x86_64-pc-linux-gnu/bin/../lib/gcc/nios2-elf/5.3.0/../../../../../H-x86_64-pc-linux-gnu/nios2-elf/lib/mhw-mulx/libc.a(lib_a-freer.o)
                0x000000000820ad28                _malloc_trim_r
 .text._free_r  0x000000000820ae4c      0x310 /home/srdejong/intelFPGA/16.1/nios2eds/bin/gnu/H-x86_64-pc-linux-gnu/bin/../lib/gcc/nios2-elf/5.3.0/../../../../../H-x86_64-pc-linux-gnu/nios2-elf/lib/mhw-mulx/libc.a(lib_a-freer.o)
                0x000000000820ae4c                _free_r
 .text          0x000000000820b15c        0x0 /home/srdejong/intelFPGA/16.1/nios2eds/bin/gnu/H-x86_64-pc-linux-gnu/bin/../lib/gcc/nios2-elf/5.3.0/../../../../../H-x86_64-pc-linux-gnu/nios2-elf/lib/mhw-mulx/libc.a(lib_a-fvwrite.o)
 .text.__sfvwrite_r
                0x000000000820b15c      0x4bc /home/srdejong/intelFPGA/16.1/nios2eds/bin/gnu/H-x86_64-pc-linux-gnu/bin/../lib/gcc/nios2-elf/5.3.0/../../../../../H-x86_64-pc-linux-gnu/nios2-elf/lib/mhw-mulx/libc.a(lib_a-fvwrite.o)
                0x000000000820b15c                __sfvwrite_r
 .text          0x000000000820b618        0x0 /home/srdejong/intelFPGA/16.1/nios2eds/bin/gnu/H-x86_64-pc-linux-gnu/bin/../lib/gcc/nios2-elf/5.3.0/../../../../../H-x86_64-pc-linux-gnu/nios2-elf/lib/mhw-mulx/libc.a(lib_a-fwalk.o)
 .text._fwalk   0x000000000820b618       0xc4 /home/srdejong/intelFPGA/16.1/nios2eds/bin/gnu/H-x86_64-pc-linux-gnu/bin/../lib/gcc/nios2-elf/5.3.0/../../../../../H-x86_64-pc-linux-gnu/nios2-elf/lib/mhw-mulx/libc.a(lib_a-fwalk.o)
                0x000000000820b618                _fwalk
 .text._fwalk_reent
                0x000000000820b6dc       0xc4 /home/srdejong/intelFPGA/16.1/nios2eds/bin/gnu/H-x86_64-pc-linux-gnu/bin/../lib/gcc/nios2-elf/5.3.0/../../../../../H-x86_64-pc-linux-gnu/nios2-elf/lib/mhw-mulx/libc.a(lib_a-fwalk.o)
                0x000000000820b6dc                _fwalk_reent
 .text          0x000000000820b7a0        0x0 /home/srdejong/intelFPGA/16.1/nios2eds/bin/gnu/H-x86_64-pc-linux-gnu/bin/../lib/gcc/nios2-elf/5.3.0/../../../../../H-x86_64-pc-linux-gnu/nios2-elf/lib/mhw-mulx/libc.a(lib_a-locale.o)
 .text._setlocale_r
                0x000000000820b7a0       0x7c /home/srdejong/intelFPGA/16.1/nios2eds/bin/gnu/H-x86_64-pc-linux-gnu/bin/../lib/gcc/nios2-elf/5.3.0/../../../../../H-x86_64-pc-linux-gnu/nios2-elf/lib/mhw-mulx/libc.a(lib_a-locale.o)
                0x000000000820b7a0                _setlocale_r
 .text.__locale_charset
                0x000000000820b81c        0xc /home/srdejong/intelFPGA/16.1/nios2eds/bin/gnu/H-x86_64-pc-linux-gnu/bin/../lib/gcc/nios2-elf/5.3.0/../../../../../H-x86_64-pc-linux-gnu/nios2-elf/lib/mhw-mulx/libc.a(lib_a-locale.o)
                0x000000000820b81c                __locale_charset
 .text.__locale_mb_cur_max
                0x000000000820b828       0x10 /home/srdejong/intelFPGA/16.1/nios2eds/bin/gnu/H-x86_64-pc-linux-gnu/bin/../lib/gcc/nios2-elf/5.3.0/../../../../../H-x86_64-pc-linux-gnu/nios2-elf/lib/mhw-mulx/libc.a(lib_a-locale.o)
                0x000000000820b828                __locale_mb_cur_max
 .text.__locale_msgcharset
                0x000000000820b838        0xc /home/srdejong/intelFPGA/16.1/nios2eds/bin/gnu/H-x86_64-pc-linux-gnu/bin/../lib/gcc/nios2-elf/5.3.0/../../../../../H-x86_64-pc-linux-gnu/nios2-elf/lib/mhw-mulx/libc.a(lib_a-locale.o)
                0x000000000820b838                __locale_msgcharset
 .text.__locale_cjk_lang
                0x000000000820b844        0x8 /home/srdejong/intelFPGA/16.1/nios2eds/bin/gnu/H-x86_64-pc-linux-gnu/bin/../lib/gcc/nios2-elf/5.3.0/../../../../../H-x86_64-pc-linux-gnu/nios2-elf/lib/mhw-mulx/libc.a(lib_a-locale.o)
                0x000000000820b844                __locale_cjk_lang
 .text._localeconv_r
                0x000000000820b84c        0xc /home/srdejong/intelFPGA/16.1/nios2eds/bin/gnu/H-x86_64-pc-linux-gnu/bin/../lib/gcc/nios2-elf/5.3.0/../../../../../H-x86_64-pc-linux-gnu/nios2-elf/lib/mhw-mulx/libc.a(lib_a-locale.o)
                0x000000000820b84c                _localeconv_r
 .text.setlocale
                0x000000000820b858       0x18 /home/srdejong/intelFPGA/16.1/nios2eds/bin/gnu/H-x86_64-pc-linux-gnu/bin/../lib/gcc/nios2-elf/5.3.0/../../../../../H-x86_64-pc-linux-gnu/nios2-elf/lib/mhw-mulx/libc.a(lib_a-locale.o)
                0x000000000820b858                setlocale
 .text.localeconv
                0x000000000820b870        0xc /home/srdejong/intelFPGA/16.1/nios2eds/bin/gnu/H-x86_64-pc-linux-gnu/bin/../lib/gcc/nios2-elf/5.3.0/../../../../../H-x86_64-pc-linux-gnu/nios2-elf/lib/mhw-mulx/libc.a(lib_a-locale.o)
                0x000000000820b870                localeconv
 .text          0x000000000820b87c        0x0 /home/srdejong/intelFPGA/16.1/nios2eds/bin/gnu/H-x86_64-pc-linux-gnu/bin/../lib/gcc/nios2-elf/5.3.0/../../../../../H-x86_64-pc-linux-gnu/nios2-elf/lib/mhw-mulx/libc.a(lib_a-makebuf.o)
 .text.__smakebuf_r
                0x000000000820b87c      0x1bc /home/srdejong/intelFPGA/16.1/nios2eds/bin/gnu/H-x86_64-pc-linux-gnu/bin/../lib/gcc/nios2-elf/5.3.0/../../../../../H-x86_64-pc-linux-gnu/nios2-elf/lib/mhw-mulx/libc.a(lib_a-makebuf.o)
                0x000000000820b87c                __smakebuf_r
 .text          0x000000000820ba38        0x0 /home/srdejong/intelFPGA/16.1/nios2eds/bin/gnu/H-x86_64-pc-linux-gnu/bin/../lib/gcc/nios2-elf/5.3.0/../../../../../H-x86_64-pc-linux-gnu/nios2-elf/lib/mhw-mulx/libc.a(lib_a-mallocr.o)
 .text._malloc_r
                0x000000000820ba38      0x80c /home/srdejong/intelFPGA/16.1/nios2eds/bin/gnu/H-x86_64-pc-linux-gnu/bin/../lib/gcc/nios2-elf/5.3.0/../../../../../H-x86_64-pc-linux-gnu/nios2-elf/lib/mhw-mulx/libc.a(lib_a-mallocr.o)
                0x000000000820ba38                _malloc_r
 .text          0x000000000820c244        0x0 /home/srdejong/intelFPGA/16.1/nios2eds/bin/gnu/H-x86_64-pc-linux-gnu/bin/../lib/gcc/nios2-elf/5.3.0/../../../../../H-x86_64-pc-linux-gnu/nios2-elf/lib/mhw-mulx/libc.a(lib_a-memchr.o)
 .text.memchr   0x000000000820c244       0xe4 /home/srdejong/intelFPGA/16.1/nios2eds/bin/gnu/H-x86_64-pc-linux-gnu/bin/../lib/gcc/nios2-elf/5.3.0/../../../../../H-x86_64-pc-linux-gnu/nios2-elf/lib/mhw-mulx/libc.a(lib_a-memchr.o)
                0x000000000820c244                memchr
 .text          0x000000000820c328        0x0 /home/srdejong/intelFPGA/16.1/nios2eds/bin/gnu/H-x86_64-pc-linux-gnu/bin/../lib/gcc/nios2-elf/5.3.0/../../../../../H-x86_64-pc-linux-gnu/nios2-elf/lib/mhw-mulx/libc.a(lib_a-memcmp.o)
 .text.memcmp   0x000000000820c328       0x7c /home/srdejong/intelFPGA/16.1/nios2eds/bin/gnu/H-x86_64-pc-linux-gnu/bin/../lib/gcc/nios2-elf/5.3.0/../../../../../H-x86_64-pc-linux-gnu/nios2-elf/lib/mhw-mulx/libc.a(lib_a-memcmp.o)
                0x000000000820c328                memcmp
 .text          0x000000000820c3a4        0x0 /home/srdejong/intelFPGA/16.1/nios2eds/bin/gnu/H-x86_64-pc-linux-gnu/bin/../lib/gcc/nios2-elf/5.3.0/../../../../../H-x86_64-pc-linux-gnu/nios2-elf/lib/mhw-mulx/libc.a(lib_a-mprec.o)
 .text._Balloc  0x000000000820c3a4       0xa8 /home/srdejong/intelFPGA/16.1/nios2eds/bin/gnu/H-x86_64-pc-linux-gnu/bin/../lib/gcc/nios2-elf/5.3.0/../../../../../H-x86_64-pc-linux-gnu/nios2-elf/lib/mhw-mulx/libc.a(lib_a-mprec.o)
                0x000000000820c3a4                _Balloc
 .text._Bfree   0x000000000820c44c       0x28 /home/srdejong/intelFPGA/16.1/nios2eds/bin/gnu/H-x86_64-pc-linux-gnu/bin/../lib/gcc/nios2-elf/5.3.0/../../../../../H-x86_64-pc-linux-gnu/nios2-elf/lib/mhw-mulx/libc.a(lib_a-mprec.o)
                0x000000000820c44c                _Bfree
 .text.__multadd
                0x000000000820c474      0x120 /home/srdejong/intelFPGA/16.1/nios2eds/bin/gnu/H-x86_64-pc-linux-gnu/bin/../lib/gcc/nios2-elf/5.3.0/../../../../../H-x86_64-pc-linux-gnu/nios2-elf/lib/mhw-mulx/libc.a(lib_a-mprec.o)
                0x000000000820c474                __multadd
 .text.__s2b    0x000000000820c594      0x104 /home/srdejong/intelFPGA/16.1/nios2eds/bin/gnu/H-x86_64-pc-linux-gnu/bin/../lib/gcc/nios2-elf/5.3.0/../../../../../H-x86_64-pc-linux-gnu/nios2-elf/lib/mhw-mulx/libc.a(lib_a-mprec.o)
                0x000000000820c594                __s2b
 .text.__hi0bits
                0x000000000820c698       0x68 /home/srdejong/intelFPGA/16.1/nios2eds/bin/gnu/H-x86_64-pc-linux-gnu/bin/../lib/gcc/nios2-elf/5.3.0/../../../../../H-x86_64-pc-linux-gnu/nios2-elf/lib/mhw-mulx/libc.a(lib_a-mprec.o)
                0x000000000820c698                __hi0bits
 .text.__lo0bits
                0x000000000820c700       0xb0 /home/srdejong/intelFPGA/16.1/nios2eds/bin/gnu/H-x86_64-pc-linux-gnu/bin/../lib/gcc/nios2-elf/5.3.0/../../../../../H-x86_64-pc-linux-gnu/nios2-elf/lib/mhw-mulx/libc.a(lib_a-mprec.o)
                0x000000000820c700                __lo0bits
 .text.__i2b    0x000000000820c7b0       0x3c /home/srdejong/intelFPGA/16.1/nios2eds/bin/gnu/H-x86_64-pc-linux-gnu/bin/../lib/gcc/nios2-elf/5.3.0/../../../../../H-x86_64-pc-linux-gnu/nios2-elf/lib/mhw-mulx/libc.a(lib_a-mprec.o)
                0x000000000820c7b0                __i2b
 .text.__multiply
                0x000000000820c7ec      0x1f8 /home/srdejong/intelFPGA/16.1/nios2eds/bin/gnu/H-x86_64-pc-linux-gnu/bin/../lib/gcc/nios2-elf/5.3.0/../../../../../H-x86_64-pc-linux-gnu/nios2-elf/lib/mhw-mulx/libc.a(lib_a-mprec.o)
                0x000000000820c7ec                __multiply
 .text.__pow5mult
                0x000000000820c9e4      0x140 /home/srdejong/intelFPGA/16.1/nios2eds/bin/gnu/H-x86_64-pc-linux-gnu/bin/../lib/gcc/nios2-elf/5.3.0/../../../../../H-x86_64-pc-linux-gnu/nios2-elf/lib/mhw-mulx/libc.a(lib_a-mprec.o)
                0x000000000820c9e4                __pow5mult
 .text.__lshift
                0x000000000820cb24      0x148 /home/srdejong/intelFPGA/16.1/nios2eds/bin/gnu/H-x86_64-pc-linux-gnu/bin/../lib/gcc/nios2-elf/5.3.0/../../../../../H-x86_64-pc-linux-gnu/nios2-elf/lib/mhw-mulx/libc.a(lib_a-mprec.o)
                0x000000000820cb24                __lshift
 .text.__mcmp   0x000000000820cc6c       0x60 /home/srdejong/intelFPGA/16.1/nios2eds/bin/gnu/H-x86_64-pc-linux-gnu/bin/../lib/gcc/nios2-elf/5.3.0/../../../../../H-x86_64-pc-linux-gnu/nios2-elf/lib/mhw-mulx/libc.a(lib_a-mprec.o)
                0x000000000820cc6c                __mcmp
 .text.__mdiff  0x000000000820cccc      0x1fc /home/srdejong/intelFPGA/16.1/nios2eds/bin/gnu/H-x86_64-pc-linux-gnu/bin/../lib/gcc/nios2-elf/5.3.0/../../../../../H-x86_64-pc-linux-gnu/nios2-elf/lib/mhw-mulx/libc.a(lib_a-mprec.o)
                0x000000000820cccc                __mdiff
 .text.__ulp    0x000000000820cec8       0x64 /home/srdejong/intelFPGA/16.1/nios2eds/bin/gnu/H-x86_64-pc-linux-gnu/bin/../lib/gcc/nios2-elf/5.3.0/../../../../../H-x86_64-pc-linux-gnu/nios2-elf/lib/mhw-mulx/libc.a(lib_a-mprec.o)
                0x000000000820cec8                __ulp
 .text.__b2d    0x000000000820cf2c      0x10c /home/srdejong/intelFPGA/16.1/nios2eds/bin/gnu/H-x86_64-pc-linux-gnu/bin/../lib/gcc/nios2-elf/5.3.0/../../../../../H-x86_64-pc-linux-gnu/nios2-elf/lib/mhw-mulx/libc.a(lib_a-mprec.o)
                0x000000000820cf2c                __b2d
 .text.__d2b    0x000000000820d038      0x14c /home/srdejong/intelFPGA/16.1/nios2eds/bin/gnu/H-x86_64-pc-linux-gnu/bin/../lib/gcc/nios2-elf/5.3.0/../../../../../H-x86_64-pc-linux-gnu/nios2-elf/lib/mhw-mulx/libc.a(lib_a-mprec.o)
                0x000000000820d038                __d2b
 .text.__ratio  0x000000000820d184       0xa4 /home/srdejong/intelFPGA/16.1/nios2eds/bin/gnu/H-x86_64-pc-linux-gnu/bin/../lib/gcc/nios2-elf/5.3.0/../../../../../H-x86_64-pc-linux-gnu/nios2-elf/lib/mhw-mulx/libc.a(lib_a-mprec.o)
                0x000000000820d184                __ratio
 .text._mprec_log10
                0x000000000820d228       0x74 /home/srdejong/intelFPGA/16.1/nios2eds/bin/gnu/H-x86_64-pc-linux-gnu/bin/../lib/gcc/nios2-elf/5.3.0/../../../../../H-x86_64-pc-linux-gnu/nios2-elf/lib/mhw-mulx/libc.a(lib_a-mprec.o)
                0x000000000820d228                _mprec_log10
 .text.__copybits
                0x000000000820d29c       0x78 /home/srdejong/intelFPGA/16.1/nios2eds/bin/gnu/H-x86_64-pc-linux-gnu/bin/../lib/gcc/nios2-elf/5.3.0/../../../../../H-x86_64-pc-linux-gnu/nios2-elf/lib/mhw-mulx/libc.a(lib_a-mprec.o)
                0x000000000820d29c                __copybits
 .text.__any_on
                0x000000000820d314       0x8c /home/srdejong/intelFPGA/16.1/nios2eds/bin/gnu/H-x86_64-pc-linux-gnu/bin/../lib/gcc/nios2-elf/5.3.0/../../../../../H-x86_64-pc-linux-gnu/nios2-elf/lib/mhw-mulx/libc.a(lib_a-mprec.o)
                0x000000000820d314                __any_on
 .text          0x000000000820d3a0        0x0 /home/srdejong/intelFPGA/16.1/nios2eds/bin/gnu/H-x86_64-pc-linux-gnu/bin/../lib/gcc/nios2-elf/5.3.0/../../../../../H-x86_64-pc-linux-gnu/nios2-elf/lib/mhw-mulx/libc.a(lib_a-reallocr.o)
 .text._realloc_r
                0x000000000820d3a0      0x564 /home/srdejong/intelFPGA/16.1/nios2eds/bin/gnu/H-x86_64-pc-linux-gnu/bin/../lib/gcc/nios2-elf/5.3.0/../../../../../H-x86_64-pc-linux-gnu/nios2-elf/lib/mhw-mulx/libc.a(lib_a-reallocr.o)
                0x000000000820d3a0                _realloc_r
 .text          0x000000000820d904        0x0 /home/srdejong/intelFPGA/16.1/nios2eds/bin/gnu/H-x86_64-pc-linux-gnu/bin/../lib/gcc/nios2-elf/5.3.0/../../../../../H-x86_64-pc-linux-gnu/nios2-elf/lib/mhw-mulx/libc.a(lib_a-refill.o)
 .text.lflush   0x000000000820d904       0x1c /home/srdejong/intelFPGA/16.1/nios2eds/bin/gnu/H-x86_64-pc-linux-gnu/bin/../lib/gcc/nios2-elf/5.3.0/../../../../../H-x86_64-pc-linux-gnu/nios2-elf/lib/mhw-mulx/libc.a(lib_a-refill.o)
 .text.__srefill_r
                0x000000000820d920      0x1d4 /home/srdejong/intelFPGA/16.1/nios2eds/bin/gnu/H-x86_64-pc-linux-gnu/bin/../lib/gcc/nios2-elf/5.3.0/../../../../../H-x86_64-pc-linux-gnu/nios2-elf/lib/mhw-mulx/libc.a(lib_a-refill.o)
                0x000000000820d920                __srefill_r
 .text          0x000000000820daf4        0x0 /home/srdejong/intelFPGA/16.1/nios2eds/bin/gnu/H-x86_64-pc-linux-gnu/bin/../lib/gcc/nios2-elf/5.3.0/../../../../../H-x86_64-pc-linux-gnu/nios2-elf/lib/mhw-mulx/libc.a(lib_a-s_fpclassify.o)
 .text.__fpclassifyd
                0x000000000820daf4       0x74 /home/srdejong/intelFPGA/16.1/nios2eds/bin/gnu/H-x86_64-pc-linux-gnu/bin/../lib/gcc/nios2-elf/5.3.0/../../../../../H-x86_64-pc-linux-gnu/nios2-elf/lib/mhw-mulx/libc.a(lib_a-s_fpclassify.o)
                0x000000000820daf4                __fpclassifyd
 .text          0x000000000820db68        0x0 /home/srdejong/intelFPGA/16.1/nios2eds/bin/gnu/H-x86_64-pc-linux-gnu/bin/../lib/gcc/nios2-elf/5.3.0/../../../../../H-x86_64-pc-linux-gnu/nios2-elf/lib/mhw-mulx/libc.a(lib_a-sbrkr.o)
 .text._sbrk_r  0x000000000820db68       0x54 /home/srdejong/intelFPGA/16.1/nios2eds/bin/gnu/H-x86_64-pc-linux-gnu/bin/../lib/gcc/nios2-elf/5.3.0/../../../../../H-x86_64-pc-linux-gnu/nios2-elf/lib/mhw-mulx/libc.a(lib_a-sbrkr.o)
                0x000000000820db68                _sbrk_r
 .text          0x000000000820dbbc        0x0 /home/srdejong/intelFPGA/16.1/nios2eds/bin/gnu/H-x86_64-pc-linux-gnu/bin/../lib/gcc/nios2-elf/5.3.0/../../../../../H-x86_64-pc-linux-gnu/nios2-elf/lib/mhw-mulx/libc.a(lib_a-stdio.o)
 .text.__sread  0x000000000820dbbc       0x54 /home/srdejong/intelFPGA/16.1/nios2eds/bin/gnu/H-x86_64-pc-linux-gnu/bin/../lib/gcc/nios2-elf/5.3.0/../../../../../H-x86_64-pc-linux-gnu/nios2-elf/lib/mhw-mulx/libc.a(lib_a-stdio.o)
                0x000000000820dbbc                __sread
 .text.__seofread
                0x000000000820dc10        0x8 /home/srdejong/intelFPGA/16.1/nios2eds/bin/gnu/H-x86_64-pc-linux-gnu/bin/../lib/gcc/nios2-elf/5.3.0/../../../../../H-x86_64-pc-linux-gnu/nios2-elf/lib/mhw-mulx/libc.a(lib_a-stdio.o)
                0x000000000820dc10                __seofread
 .text.__swrite
                0x000000000820dc18       0x7c /home/srdejong/intelFPGA/16.1/nios2eds/bin/gnu/H-x86_64-pc-linux-gnu/bin/../lib/gcc/nios2-elf/5.3.0/../../../../../H-x86_64-pc-linux-gnu/nios2-elf/lib/mhw-mulx/libc.a(lib_a-stdio.o)
                0x000000000820dc18                __swrite
 .text.__sseek  0x000000000820dc94       0x5c /home/srdejong/intelFPGA/16.1/nios2eds/bin/gnu/H-x86_64-pc-linux-gnu/bin/../lib/gcc/nios2-elf/5.3.0/../../../../../H-x86_64-pc-linux-gnu/nios2-elf/lib/mhw-mulx/libc.a(lib_a-stdio.o)
                0x000000000820dc94                __sseek
 .text.__sclose
                0x000000000820dcf0        0x8 /home/srdejong/intelFPGA/16.1/nios2eds/bin/gnu/H-x86_64-pc-linux-gnu/bin/../lib/gcc/nios2-elf/5.3.0/../../../../../H-x86_64-pc-linux-gnu/nios2-elf/lib/mhw-mulx/libc.a(lib_a-stdio.o)
                0x000000000820dcf0                __sclose
 .text          0x000000000820dcf8        0x0 /home/srdejong/intelFPGA/16.1/nios2eds/bin/gnu/H-x86_64-pc-linux-gnu/bin/../lib/gcc/nios2-elf/5.3.0/../../../../../H-x86_64-pc-linux-gnu/nios2-elf/lib/mhw-mulx/libc.a(lib_a-strcmp.o)
 .text.strcmp   0x000000000820dcf8       0xdc /home/srdejong/intelFPGA/16.1/nios2eds/bin/gnu/H-x86_64-pc-linux-gnu/bin/../lib/gcc/nios2-elf/5.3.0/../../../../../H-x86_64-pc-linux-gnu/nios2-elf/lib/mhw-mulx/libc.a(lib_a-strcmp.o)
                0x000000000820dcf8                strcmp
 .text          0x000000000820ddd4        0x0 /home/srdejong/intelFPGA/16.1/nios2eds/bin/gnu/H-x86_64-pc-linux-gnu/bin/../lib/gcc/nios2-elf/5.3.0/../../../../../H-x86_64-pc-linux-gnu/nios2-elf/lib/mhw-mulx/libc.a(lib_a-svfiprintf.o)
 .text.__ssprint_r
                0x000000000820ddd4      0x1d0 /home/srdejong/intelFPGA/16.1/nios2eds/bin/gnu/H-x86_64-pc-linux-gnu/bin/../lib/gcc/nios2-elf/5.3.0/../../../../../H-x86_64-pc-linux-gnu/nios2-elf/lib/mhw-mulx/libc.a(lib_a-svfiprintf.o)
                0x000000000820ddd4                __ssprint_r
 .text.___svfiprintf_internal_r
                0x000000000820dfa4     0x123c /home/srdejong/intelFPGA/16.1/nios2eds/bin/gnu/H-x86_64-pc-linux-gnu/bin/../lib/gcc/nios2-elf/5.3.0/../../../../../H-x86_64-pc-linux-gnu/nios2-elf/lib/mhw-mulx/libc.a(lib_a-svfiprintf.o)
                0x000000000820dfa4                ___svfiprintf_internal_r
 .text          0x000000000820f1e0        0x0 /home/srdejong/intelFPGA/16.1/nios2eds/bin/gnu/H-x86_64-pc-linux-gnu/bin/../lib/gcc/nios2-elf/5.3.0/../../../../../H-x86_64-pc-linux-gnu/nios2-elf/lib/mhw-mulx/libc.a(lib_a-vfiprintf.o)
 .text.__sprint_r.part.0
                0x000000000820f1e0       0xfc /home/srdejong/intelFPGA/16.1/nios2eds/bin/gnu/H-x86_64-pc-linux-gnu/bin/../lib/gcc/nios2-elf/5.3.0/../../../../../H-x86_64-pc-linux-gnu/nios2-elf/lib/mhw-mulx/libc.a(lib_a-vfiprintf.o)
 .text.__sprint_r
                0x000000000820f2dc       0x18 /home/srdejong/intelFPGA/16.1/nios2eds/bin/gnu/H-x86_64-pc-linux-gnu/bin/../lib/gcc/nios2-elf/5.3.0/../../../../../H-x86_64-pc-linux-gnu/nios2-elf/lib/mhw-mulx/libc.a(lib_a-vfiprintf.o)
                0x000000000820f2dc                __sprint_r
 .text.___vfiprintf_internal_r
                0x000000000820f2f4     0x145c /home/srdejong/intelFPGA/16.1/nios2eds/bin/gnu/H-x86_64-pc-linux-gnu/bin/../lib/gcc/nios2-elf/5.3.0/../../../../../H-x86_64-pc-linux-gnu/nios2-elf/lib/mhw-mulx/libc.a(lib_a-vfiprintf.o)
                0x000000000820f2f4                ___vfiprintf_internal_r
 .text.__vfiprintf_internal
                0x0000000008210750       0x1c /home/srdejong/intelFPGA/16.1/nios2eds/bin/gnu/H-x86_64-pc-linux-gnu/bin/../lib/gcc/nios2-elf/5.3.0/../../../../../H-x86_64-pc-linux-gnu/nios2-elf/lib/mhw-mulx/libc.a(lib_a-vfiprintf.o)
                0x0000000008210750                __vfiprintf_internal
 .text.__sbprintf
                0x000000000821076c       0xbc /home/srdejong/intelFPGA/16.1/nios2eds/bin/gnu/H-x86_64-pc-linux-gnu/bin/../lib/gcc/nios2-elf/5.3.0/../../../../../H-x86_64-pc-linux-gnu/nios2-elf/lib/mhw-mulx/libc.a(lib_a-vfiprintf.o)
 .text          0x0000000008210828        0x0 /home/srdejong/intelFPGA/16.1/nios2eds/bin/gnu/H-x86_64-pc-linux-gnu/bin/../lib/gcc/nios2-elf/5.3.0/../../../../../H-x86_64-pc-linux-gnu/nios2-elf/lib/mhw-mulx/libc.a(lib_a-writer.o)
 .text._write_r
                0x0000000008210828       0x60 /home/srdejong/intelFPGA/16.1/nios2eds/bin/gnu/H-x86_64-pc-linux-gnu/bin/../lib/gcc/nios2-elf/5.3.0/../../../../../H-x86_64-pc-linux-gnu/nios2-elf/lib/mhw-mulx/libc.a(lib_a-writer.o)
                0x0000000008210828                _write_r
 .text          0x0000000008210888        0x0 /home/srdejong/intelFPGA/16.1/nios2eds/bin/gnu/H-x86_64-pc-linux-gnu/bin/../lib/gcc/nios2-elf/5.3.0/../../../../../H-x86_64-pc-linux-gnu/nios2-elf/lib/mhw-mulx/libc.a(closer.o)
 .text._close_r
                0x0000000008210888       0x54 /home/srdejong/intelFPGA/16.1/nios2eds/bin/gnu/H-x86_64-pc-linux-gnu/bin/../lib/gcc/nios2-elf/5.3.0/../../../../../H-x86_64-pc-linux-gnu/nios2-elf/lib/mhw-mulx/libc.a(closer.o)
                0x0000000008210888                _close_r
 .text          0x00000000082108dc        0x0 /home/srdejong/intelFPGA/16.1/nios2eds/bin/gnu/H-x86_64-pc-linux-gnu/bin/../lib/gcc/nios2-elf/5.3.0/../../../../../H-x86_64-pc-linux-gnu/nios2-elf/lib/mhw-mulx/libc.a(lib_a-callocr.o)
 .text._calloc_r
                0x00000000082108dc       0xc4 /home/srdejong/intelFPGA/16.1/nios2eds/bin/gnu/H-x86_64-pc-linux-gnu/bin/../lib/gcc/nios2-elf/5.3.0/../../../../../H-x86_64-pc-linux-gnu/nios2-elf/lib/mhw-mulx/libc.a(lib_a-callocr.o)
                0x00000000082108dc                _calloc_r
 .text          0x00000000082109a0        0x0 /home/srdejong/intelFPGA/16.1/nios2eds/bin/gnu/H-x86_64-pc-linux-gnu/bin/../lib/gcc/nios2-elf/5.3.0/../../../../../H-x86_64-pc-linux-gnu/nios2-elf/lib/mhw-mulx/libc.a(lib_a-fclose.o)
 .text._fclose_r
                0x00000000082109a0       0xf0 /home/srdejong/intelFPGA/16.1/nios2eds/bin/gnu/H-x86_64-pc-linux-gnu/bin/../lib/gcc/nios2-elf/5.3.0/../../../../../H-x86_64-pc-linux-gnu/nios2-elf/lib/mhw-mulx/libc.a(lib_a-fclose.o)
                0x00000000082109a0                _fclose_r
 .text.fclose   0x0000000008210a90       0x14 /home/srdejong/intelFPGA/16.1/nios2eds/bin/gnu/H-x86_64-pc-linux-gnu/bin/../lib/gcc/nios2-elf/5.3.0/../../../../../H-x86_64-pc-linux-gnu/nios2-elf/lib/mhw-mulx/libc.a(lib_a-fclose.o)
                0x0000000008210a90                fclose
 .text          0x0000000008210aa4        0x0 /home/srdejong/intelFPGA/16.1/nios2eds/bin/gnu/H-x86_64-pc-linux-gnu/bin/../lib/gcc/nios2-elf/5.3.0/../../../../../H-x86_64-pc-linux-gnu/nios2-elf/lib/mhw-mulx/libc.a(lib_a-fputwc.o)
 .text.__fputwc
                0x0000000008210aa4      0x164 /home/srdejong/intelFPGA/16.1/nios2eds/bin/gnu/H-x86_64-pc-linux-gnu/bin/../lib/gcc/nios2-elf/5.3.0/../../../../../H-x86_64-pc-linux-gnu/nios2-elf/lib/mhw-mulx/libc.a(lib_a-fputwc.o)
                0x0000000008210aa4                __fputwc
 .text._fputwc_r
                0x0000000008210c08       0x24 /home/srdejong/intelFPGA/16.1/nios2eds/bin/gnu/H-x86_64-pc-linux-gnu/bin/../lib/gcc/nios2-elf/5.3.0/../../../../../H-x86_64-pc-linux-gnu/nios2-elf/lib/mhw-mulx/libc.a(lib_a-fputwc.o)
                0x0000000008210c08                _fputwc_r
 .text.fputwc   0x0000000008210c2c       0x80 /home/srdejong/intelFPGA/16.1/nios2eds/bin/gnu/H-x86_64-pc-linux-gnu/bin/../lib/gcc/nios2-elf/5.3.0/../../../../../H-x86_64-pc-linux-gnu/nios2-elf/lib/mhw-mulx/libc.a(lib_a-fputwc.o)
                0x0000000008210c2c                fputwc
 .text          0x0000000008210cac        0x0 /home/srdejong/intelFPGA/16.1/nios2eds/bin/gnu/H-x86_64-pc-linux-gnu/bin/../lib/gcc/nios2-elf/5.3.0/../../../../../H-x86_64-pc-linux-gnu/nios2-elf/lib/mhw-mulx/libc.a(lib_a-fstatr.o)
 .text._fstat_r
                0x0000000008210cac       0x5c /home/srdejong/intelFPGA/16.1/nios2eds/bin/gnu/H-x86_64-pc-linux-gnu/bin/../lib/gcc/nios2-elf/5.3.0/../../../../../H-x86_64-pc-linux-gnu/nios2-elf/lib/mhw-mulx/libc.a(lib_a-fstatr.o)
                0x0000000008210cac                _fstat_r
 .text          0x0000000008210d08        0x0 /home/srdejong/intelFPGA/16.1/nios2eds/bin/gnu/H-x86_64-pc-linux-gnu/bin/../lib/gcc/nios2-elf/5.3.0/../../../../../H-x86_64-pc-linux-gnu/nios2-elf/lib/mhw-mulx/libc.a(lib_a-int_errno.o)
 .text          0x0000000008210d08        0x0 /home/srdejong/intelFPGA/16.1/nios2eds/bin/gnu/H-x86_64-pc-linux-gnu/bin/../lib/gcc/nios2-elf/5.3.0/../../../../../H-x86_64-pc-linux-gnu/nios2-elf/lib/mhw-mulx/libc.a(lib_a-isattyr.o)
 .text._isatty_r
                0x0000000008210d08       0x54 /home/srdejong/intelFPGA/16.1/nios2eds/bin/gnu/H-x86_64-pc-linux-gnu/bin/../lib/gcc/nios2-elf/5.3.0/../../../../../H-x86_64-pc-linux-gnu/nios2-elf/lib/mhw-mulx/libc.a(lib_a-isattyr.o)
                0x0000000008210d08                _isatty_r
 .text          0x0000000008210d5c        0x0 /home/srdejong/intelFPGA/16.1/nios2eds/bin/gnu/H-x86_64-pc-linux-gnu/bin/../lib/gcc/nios2-elf/5.3.0/../../../../../H-x86_64-pc-linux-gnu/nios2-elf/lib/mhw-mulx/libc.a(lib_a-lseekr.o)
 .text._lseek_r
                0x0000000008210d5c       0x60 /home/srdejong/intelFPGA/16.1/nios2eds/bin/gnu/H-x86_64-pc-linux-gnu/bin/../lib/gcc/nios2-elf/5.3.0/../../../../../H-x86_64-pc-linux-gnu/nios2-elf/lib/mhw-mulx/libc.a(lib_a-lseekr.o)
                0x0000000008210d5c                _lseek_r
 .text          0x0000000008210dbc        0x0 /home/srdejong/intelFPGA/16.1/nios2eds/bin/gnu/H-x86_64-pc-linux-gnu/bin/../lib/gcc/nios2-elf/5.3.0/../../../../../H-x86_64-pc-linux-gnu/nios2-elf/lib/mhw-mulx/libc.a(lib_a-readr.o)
 .text._read_r  0x0000000008210dbc       0x60 /home/srdejong/intelFPGA/16.1/nios2eds/bin/gnu/H-x86_64-pc-linux-gnu/bin/../lib/gcc/nios2-elf/5.3.0/../../../../../H-x86_64-pc-linux-gnu/nios2-elf/lib/mhw-mulx/libc.a(lib_a-readr.o)
                0x0000000008210dbc                _read_r
 .text          0x0000000008210e1c        0x0 /home/srdejong/intelFPGA/16.1/nios2eds/bin/gnu/H-x86_64-pc-linux-gnu/bin/../lib/gcc/nios2-elf/5.3.0/../../../../../H-x86_64-pc-linux-gnu/nios2-elf/lib/mhw-mulx/libc.a(lib_a-wcrtomb.o)
 .text._wcrtomb_r
                0x0000000008210e1c       0x9c /home/srdejong/intelFPGA/16.1/nios2eds/bin/gnu/H-x86_64-pc-linux-gnu/bin/../lib/gcc/nios2-elf/5.3.0/../../../../../H-x86_64-pc-linux-gnu/nios2-elf/lib/mhw-mulx/libc.a(lib_a-wcrtomb.o)
                0x0000000008210e1c                _wcrtomb_r
 .text.wcrtomb  0x0000000008210eb8       0xc0 /home/srdejong/intelFPGA/16.1/nios2eds/bin/gnu/H-x86_64-pc-linux-gnu/bin/../lib/gcc/nios2-elf/5.3.0/../../../../../H-x86_64-pc-linux-gnu/nios2-elf/lib/mhw-mulx/libc.a(lib_a-wcrtomb.o)
                0x0000000008210eb8                wcrtomb
 .text          0x0000000008210f78        0x0 /home/srdejong/intelFPGA/16.1/nios2eds/bin/gnu/H-x86_64-pc-linux-gnu/bin/../lib/gcc/nios2-elf/5.3.0/../../../../../H-x86_64-pc-linux-gnu/nios2-elf/lib/mhw-mulx/libc.a(lib_a-wctomb_r.o)
 .text.__ascii_wctomb
                0x0000000008210f78       0x30 /home/srdejong/intelFPGA/16.1/nios2eds/bin/gnu/H-x86_64-pc-linux-gnu/bin/../lib/gcc/nios2-elf/5.3.0/../../../../../H-x86_64-pc-linux-gnu/nios2-elf/lib/mhw-mulx/libc.a(lib_a-wctomb_r.o)
                0x0000000008210f78                __ascii_wctomb
 .text._wctomb_r
                0x0000000008210fa8       0x5c /home/srdejong/intelFPGA/16.1/nios2eds/bin/gnu/H-x86_64-pc-linux-gnu/bin/../lib/gcc/nios2-elf/5.3.0/../../../../../H-x86_64-pc-linux-gnu/nios2-elf/lib/mhw-mulx/libc.a(lib_a-wctomb_r.o)
                0x0000000008210fa8                _wctomb_r
 .text          0x0000000008211004      0x578 /home/srdejong/intelFPGA/16.1/nios2eds/bin/gnu/H-x86_64-pc-linux-gnu/bin/../lib/gcc/nios2-elf/5.3.0/mhw-mulx/libgcc.a(_udivdi3.o)
                0x0000000008211004                __udivdi3
 .text          0x000000000821157c      0x538 /home/srdejong/intelFPGA/16.1/nios2eds/bin/gnu/H-x86_64-pc-linux-gnu/bin/../lib/gcc/nios2-elf/5.3.0/mhw-mulx/libgcc.a(_umoddi3.o)
                0x000000000821157c                __umoddi3
 .text          0x0000000008211ab4      0x8ac /home/srdejong/intelFPGA/16.1/nios2eds/bin/gnu/H-x86_64-pc-linux-gnu/bin/../lib/gcc/nios2-elf/5.3.0/mhw-mulx/libgcc.a(adddf3.o)
                0x0000000008211ab4                __adddf3
 .text          0x0000000008212360      0x8e8 /home/srdejong/intelFPGA/16.1/nios2eds/bin/gnu/H-x86_64-pc-linux-gnu/bin/../lib/gcc/nios2-elf/5.3.0/mhw-mulx/libgcc.a(divdf3.o)
                0x0000000008212360                __divdf3
 .text          0x0000000008212c48       0x88 /home/srdejong/intelFPGA/16.1/nios2eds/bin/gnu/H-x86_64-pc-linux-gnu/bin/../lib/gcc/nios2-elf/5.3.0/mhw-mulx/libgcc.a(eqdf2.o)
                0x0000000008212c48                __eqdf2
                0x0000000008212c48                __nedf2
 .text          0x0000000008212cd0       0xdc /home/srdejong/intelFPGA/16.1/nios2eds/bin/gnu/H-x86_64-pc-linux-gnu/bin/../lib/gcc/nios2-elf/5.3.0/mhw-mulx/libgcc.a(gedf2.o)
                0x0000000008212cd0                __gtdf2
                0x0000000008212cd0                __gedf2
 .text          0x0000000008212dac       0xf4 /home/srdejong/intelFPGA/16.1/nios2eds/bin/gnu/H-x86_64-pc-linux-gnu/bin/../lib/gcc/nios2-elf/5.3.0/mhw-mulx/libgcc.a(ledf2.o)
                0x0000000008212dac                __ltdf2
                0x0000000008212dac                __ledf2
 .text          0x0000000008212ea0      0x718 /home/srdejong/intelFPGA/16.1/nios2eds/bin/gnu/H-x86_64-pc-linux-gnu/bin/../lib/gcc/nios2-elf/5.3.0/mhw-mulx/libgcc.a(muldf3.o)
                0x0000000008212ea0                __muldf3
 .text          0x00000000082135b8      0x8fc /home/srdejong/intelFPGA/16.1/nios2eds/bin/gnu/H-x86_64-pc-linux-gnu/bin/../lib/gcc/nios2-elf/5.3.0/mhw-mulx/libgcc.a(subdf3.o)
                0x00000000082135b8                __subdf3
 .text          0x0000000008213eb4       0x80 /home/srdejong/intelFPGA/16.1/nios2eds/bin/gnu/H-x86_64-pc-linux-gnu/bin/../lib/gcc/nios2-elf/5.3.0/mhw-mulx/libgcc.a(fixdfsi.o)
                0x0000000008213eb4                __fixdfsi
 .text          0x0000000008213f34       0xdc /home/srdejong/intelFPGA/16.1/nios2eds/bin/gnu/H-x86_64-pc-linux-gnu/bin/../lib/gcc/nios2-elf/5.3.0/mhw-mulx/libgcc.a(floatsidf.o)
                0x0000000008213f34                __floatsidf
 .text          0x0000000008214010       0xa8 /home/srdejong/intelFPGA/16.1/nios2eds/bin/gnu/H-x86_64-pc-linux-gnu/bin/../lib/gcc/nios2-elf/5.3.0/mhw-mulx/libgcc.a(floatunsidf.o)
                0x0000000008214010                __floatunsidf
 .text          0x00000000082140b8        0x0 /home/srdejong/intelFPGA/16.1/nios2eds/bin/gnu/H-x86_64-pc-linux-gnu/bin/../lib/gcc/nios2-elf/5.3.0/mhw-mulx/libgcc.a(_clz.o)
 .text          0x00000000082140b8       0x64 /home/srdejong/intelFPGA/16.1/nios2eds/bin/gnu/H-x86_64-pc-linux-gnu/bin/../lib/gcc/nios2-elf/5.3.0/mhw-mulx/libgcc.a(_clzsi2.o)
                0x00000000082140b8                __clzsi2
 .text          0x000000000821411c       0xbc ../Simple_Socket_BUP_bsp//libucosii_bsp.a(alt_flash_dev.o)
                0x000000000821411c                alt_flash_open_dev
                0x0000000008214184                alt_flash_close_dev
 .text          0x00000000082141d8       0xec ../Simple_Socket_BUP_bsp//libucosii_bsp.a(alt_fstat.o)
                0x0000000008214214                fstat
 .text          0x00000000082142c4       0xe0 ../Simple_Socket_BUP_bsp//libucosii_bsp.a(alt_isatty.o)
                0x0000000008214300                isatty
 .text          0x00000000082143a4      0x110 ../Simple_Socket_BUP_bsp//libucosii_bsp.a(alt_lseek.o)
                0x00000000082143e0                lseek
 .text          0x00000000082144b4       0xbc ../Simple_Socket_BUP_bsp//libucosii_bsp.a(alt_main.o)
                0x00000000082144b4                alt_main
 .text          0x0000000008214570       0xb0 ../Simple_Socket_BUP_bsp//libucosii_bsp.a(alt_sbrk.o)
                0x0000000008214570                sbrk
 .text          0x0000000008214620      0x124 ../Simple_Socket_BUP_bsp//libucosii_bsp.a(alt_env_lock.o)
                0x0000000008214620                __env_lock
                0x00000000082146e4                __env_unlock
 .text          0x0000000008214744      0x1ec ../Simple_Socket_BUP_bsp//libucosii_bsp.a(alt_malloc_lock.o)
                0x0000000008214744                __malloc_lock
                0x0000000008214864                __malloc_unlock
 .text          0x0000000008214930     0x202c ../Simple_Socket_BUP_bsp//libucosii_bsp.a(os_core.o)
                0x0000000008214930                OSEventNameGet
                0x0000000008214a50                OSEventNameSet
                0x0000000008214b90                OSEventPendMulti
                0x00000000082151a0                OSInit
                0x00000000082151f8                OSIntEnter
                0x0000000008215244                OSIntExit
                0x000000000821533c                OSSchedLock
                0x00000000082153c8                OSSchedUnlock
                0x00000000082154a4                OSStart
                0x0000000008215514                OSStatInit
                0x00000000082155c4                OSTimeTick
                0x00000000082157e4                OSVersion
                0x0000000008215804                OS_Dummy
                0x0000000008215824                OS_EventTaskRdy
                0x00000000082159bc                OS_EventTaskWait
                0x0000000008215acc                OS_EventTaskWaitMulti
                0x0000000008215c1c                OS_EventTaskRemove
                0x0000000008215cd4                OS_EventTaskRemoveMulti
                0x0000000008215dd4                OS_EventWaitListInit
                0x00000000082161b4                OS_MemClr
                0x0000000008216208                OS_MemCopy
                0x0000000008216270                OS_Sched
                0x00000000082163b4                OS_StrCopy
                0x0000000008216428                OS_StrLen
                0x000000000821647c                OS_TaskIdle
                0x00000000082164d8                OS_TaskStat
                0x00000000082165bc                OS_TaskStatStkChk
                0x0000000008216688                OS_TCBInit
 .text          0x000000000821695c      0x190 ../Simple_Socket_BUP_bsp//libucosii_bsp.a(os_dbg.o)
                0x000000000821695c                OSDebugInit
 .text          0x0000000008216aec     0x1714 ../Simple_Socket_BUP_bsp//libucosii_bsp.a(os_flag.o)
                0x0000000008216aec                OSFlagAccept
                0x0000000008216df4                OSFlagCreate
                0x0000000008216efc                OSFlagDel
                0x0000000008217144                OSFlagNameGet
                0x000000000821726c                OSFlagNameSet
                0x00000000082173b8                OSFlagPend
                0x0000000008217970                OSFlagPendGetFlagsRdy
                0x00000000082179d0                OSFlagPost
                0x0000000008217d64                OSFlagQuery
                0x0000000008217f88                OS_FlagInit
                0x000000000821815c                OS_FlagUnlink
 .text          0x0000000008218200      0x754 ../Simple_Socket_BUP_bsp//libucosii_bsp.a(os_mem.o)
                0x0000000008218200                OSMemCreate
                0x00000000082183d4                OSMemGet
                0x00000000082184c4                OSMemNameGet
                0x00000000082185b4                OSMemNameSet
                0x00000000082186c8                OSMemPut
                0x00000000082187a0                OSMemQuery
                0x0000000008218888                OS_MemInit
 .text          0x0000000008218954     0x1104 ../Simple_Socket_BUP_bsp//libucosii_bsp.a(os_q.o)
                0x0000000008218954                OSQAccept
                0x0000000008218a94                OSQCreate
                0x0000000008218c40                OSQDel
                0x0000000008218ec0                OSQFlush
                0x0000000008218f78                OSQPend
                0x0000000008219204                OSQPendAbort
                0x0000000008219370                OSQPost
                0x00000000082194d8                OSQPostFront
                0x0000000008219648                OSQPostOpt
                0x0000000008219854                OSQQuery
                0x00000000082199b0                OS_QInit
 .text          0x0000000008219a58      0xa60 ../Simple_Socket_BUP_bsp//libucosii_bsp.a(os_sem.o)
                0x0000000008219a58                OSSemAccept
                0x0000000008219b08                OSSemCreate
                0x0000000008219be0                OSSemDel
                0x0000000008219e20                OSSemPend
                0x000000000821a02c                OSSemPendAbort
                0x000000000821a198                OSSemPost
                0x000000000821a2a8                OSSemQuery
                0x000000000821a3b8                OSSemSet
 .text          0x000000000821a4b8     0x176c ../Simple_Socket_BUP_bsp//libucosii_bsp.a(os_task.o)
                0x000000000821a4b8                OSTaskChangePrio
                0x000000000821a9a8                OSTaskCreate
                0x000000000821ab54                OSTaskCreateExt
                0x000000000821ad38                OSTaskDel
                0x000000000821b07c                OSTaskDelReq
                0x000000000821b1cc                OSTaskNameGet
                0x000000000821b364                OSTaskNameSet
                0x000000000821b518                OSTaskResume
                0x000000000821b6ec                OSTaskStkChk
                0x000000000821b8ac                OSTaskSuspend
                0x000000000821ba90                OSTaskQuery
                0x000000000821bbb4                OS_TaskStkClr
 .text          0x000000000821bc24      0x4f4 ../Simple_Socket_BUP_bsp//libucosii_bsp.a(os_time.o)
                0x000000000821bc24                OSTimeDly
                0x000000000821bd28                OSTimeDlyHMSM
                0x000000000821be88                OSTimeDlyResume
                0x000000000821c05c                OSTimeGet
                0x000000000821c0b8                OSTimeSet
 .text          0x000000000821c118      0x2a4 ../Simple_Socket_BUP_bsp//libucosii_bsp.a(alt_sys_init.o)
                0x000000000821c14c                alt_irq_init
                0x000000000821c184                alt_sys_init
 .text          0x000000000821c3bc      0x164 ../Simple_Socket_BUP_bsp//libucosii_bsp.a(altera_avalon_jtag_uart_fd.o)
                0x000000000821c3bc                altera_avalon_jtag_uart_read_fd
                0x000000000821c41c                altera_avalon_jtag_uart_write_fd
                0x000000000821c47c                altera_avalon_jtag_uart_close_fd
                0x000000000821c4cc                altera_avalon_jtag_uart_ioctl_fd
 .text          0x000000000821c520      0x558 ../Simple_Socket_BUP_bsp//libucosii_bsp.a(altera_avalon_jtag_uart_init.o)
                0x000000000821c520                altera_avalon_jtag_uart_init
                0x000000000821ca10                altera_avalon_jtag_uart_close
 .text          0x000000000821ca78       0xf0 ../Simple_Socket_BUP_bsp//libucosii_bsp.a(altera_avalon_jtag_uart_ioctl.o)
                0x000000000821ca78                altera_avalon_jtag_uart_ioctl
 .text          0x000000000821cb68      0x2bc ../Simple_Socket_BUP_bsp//libucosii_bsp.a(altera_avalon_jtag_uart_read.o)
                0x000000000821cb68                altera_avalon_jtag_uart_read
 .text          0x000000000821ce24      0x2c4 ../Simple_Socket_BUP_bsp//libucosii_bsp.a(altera_avalon_jtag_uart_write.o)
                0x000000000821ce24                altera_avalon_jtag_uart_write
 .text          0x000000000821d0e8      0xf00 ../Simple_Socket_BUP_bsp//libucosii_bsp.a(altera_avalon_lcd_16207.o)
                0x000000000821d8ac                altera_avalon_lcd_16207_write
                0x000000000821de68                altera_avalon_lcd_16207_init
 .text          0x000000000821dfe8       0x60 ../Simple_Socket_BUP_bsp//libucosii_bsp.a(altera_avalon_lcd_16207_fd.o)
                0x000000000821dfe8                altera_avalon_lcd_16207_write_fd
 .text          0x000000000821e048      0xd94 ../Simple_Socket_BUP_bsp//libucosii_bsp.a(altera_avalon_sgdma.o)
                0x000000000821e084                alt_avalon_sgdma_do_async_transfer
                0x000000000821e1a8                alt_avalon_sgdma_do_sync_transfer
                0x000000000821e2b8                alt_avalon_sgdma_construct_mem_to_mem_desc
                0x000000000821e32c                alt_avalon_sgdma_construct_mem_to_mem_desc_burst
                0x000000000821e3b0                alt_avalon_sgdma_construct_stream_to_mem_desc
                0x000000000821e410                alt_avalon_sgdma_construct_stream_to_mem_desc_burst
                0x000000000821e488                alt_avalon_sgdma_construct_mem_to_stream_desc
                0x000000000821e508                alt_avalon_sgdma_construct_mem_to_stream_desc_burst
                0x000000000821e594                alt_avalon_sgdma_register_callback
                0x000000000821e5e8                alt_avalon_sgdma_start
                0x000000000821e640                alt_avalon_sgdma_stop
                0x000000000821e69c                alt_avalon_sgdma_check_descriptor_status
                0x000000000821e700                alt_avalon_sgdma_open
                0x000000000821e754                alt_avalon_sgdma_construct_descriptor
                0x000000000821e7e0                alt_avalon_sgdma_enable_desc_poll
                0x000000000821e860                alt_avalon_sgdma_disable_desc_poll
                0x000000000821e8c0                alt_avalon_sgdma_construct_descriptor_burst
                0x000000000821ed34                alt_avalon_sgdma_init
 .text          0x000000000821eddc       0xf4 ../Simple_Socket_BUP_bsp//libucosii_bsp.a(altera_avalon_timer_sc.o)
                0x000000000821ee54                alt_avalon_timer_sc_init
 .text          0x000000000821eed0     0x4ff0 ../Simple_Socket_BUP_bsp//libucosii_bsp.a(altera_avalon_tse.o)
                0x000000000821eed0                no_printf
                0x000000000821ef00                tse_mac_initTransInfo2
                0x000000000821ef60                tse_mac_sTxWrite
                0x000000000821f044                tse_mac_aRxRead
                0x000000000821f0ec                tse_mac_SwReset
                0x000000000821f174                tse_mac_setMIImode
                0x000000000821f1c8                tse_mac_setGMIImode
                0x000000000821f218                alt_tse_phy_add_profile
                0x000000000821f3fc                alt_tse_system_add_sys
                0x000000000821fdf8                alt_tse_sys_enable_mdio_sharing
                0x000000000821ff60                alt_tse_mac_get_common_speed
                0x000000000821ffa0                alt_tse_mac_set_common_speed
                0x000000000821ffe8                alt_tse_get_system_index
                0x0000000008220054                alt_tse_get_mac_group_index
                0x00000000082200c8                alt_tse_get_mac_info_index
                0x0000000008220148                alt_tse_get_mac_info
                0x0000000008220220                alt_tse_mac_set_speed
                0x0000000008220300                alt_tse_mac_set_duplex
                0x000000000822038c                getPHYSpeed
                0x0000000008220e14                alt_tse_phy_rd_mdio_addr
                0x0000000008220e5c                alt_tse_phy_wr_mdio_addr
                0x0000000008220eb4                alt_tse_phy_wr_mdio_reg
                0x0000000008220fdc                alt_tse_phy_rd_mdio_reg
                0x00000000082210a8                alt_tse_phy_add_profile_default
                0x0000000008221344                alt_tse_phy_print_profile
                0x0000000008221554                alt_tse_mac_group_init
                0x0000000008221bf8                alt_tse_mac_get_phy
                0x000000000822201c                alt_tse_mac_associate_phy
                0x0000000008222264                alt_tse_phy_cfg_pcs
                0x000000000822238c                alt_tse_phy_init
                0x00000000082224a4                alt_tse_phy_restart_an
                0x0000000008222660                alt_tse_phy_check_link
                0x00000000082227c0                alt_tse_phy_get_cap
                0x0000000008222d58                alt_tse_phy_set_adv_1000
                0x0000000008222f1c                alt_tse_phy_set_adv_100
                0x0000000008223170                alt_tse_phy_set_adv_10
                0x0000000008223318                alt_tse_phy_get_common_speed
                0x0000000008223640                alt_tse_phy_set_common_speed
                0x0000000008223af8                marvell_phy_cfg
                0x0000000008223b90                marvell_cfg_gmii
                0x0000000008223c74                marvell_cfg_sgmii
                0x0000000008223d58                marvell_cfg_rgmii
                0x0000000008223e48                DP83848C_link_status_read
 .text          0x0000000008223ec0     0x16c4 ../Simple_Socket_BUP_bsp//libucosii_bsp.a(ins_tse_mac.o)
                0x0000000008223ec0                altera_eth_tse_init
                0x0000000008223ff8                prep_tse_mac
                0x0000000008224250                tse_mac_init
                0x0000000008224cb0                tse_mac_raw_send
                0x0000000008224fa8                tse_sgdmaRx_isr
                0x0000000008225054                tse_sgdma_read_init
                0x0000000008225200                tse_mac_rcv
                0x0000000008225440                tse_mac_stats
                0x0000000008225480                tse_mac_close
 .text          0x0000000008225584       0x48 ../Simple_Socket_BUP_bsp//libucosii_bsp.a(alt_iniche_close.o)
                0x0000000008225584                close
 .text          0x00000000082255cc      0x148 ../Simple_Socket_BUP_bsp//libucosii_bsp.a(alt_iniche_dev.o)
                0x00000000082255cc                iniche_devices_init
 .text          0x0000000008225714       0x70 ../Simple_Socket_BUP_bsp//libucosii_bsp.a(alt_iniche_read.o)
                0x0000000008225714                read
 .text          0x0000000008225784       0x68 ../Simple_Socket_BUP_bsp//libucosii_bsp.a(alt_iniche_write.o)
                0x0000000008225784                write
 .text          0x00000000082257ec      0xde4 ../Simple_Socket_BUP_bsp//libucosii_bsp.a(ipnet.o)
                0x00000000082257ec                Netinit
                0x0000000008225dd4                fixup_subnet_mask
                0x0000000008225f2c                netclose
                0x0000000008226010                pktdemux
                0x00000000082263b4                c_older
                0x0000000008226444                ip2mac
 .text          0x00000000082265d0      0x468 ../Simple_Socket_BUP_bsp//libucosii_bsp.a(ipstart.o)
                0x00000000082265d0                ip_startup
                0x0000000008226874                exit_hook
                0x00000000082268e4                ip_exit
                0x00000000082269b4                if_netnumber
 .text          0x0000000008226a38      0xf9c ../Simple_Socket_BUP_bsp//libucosii_bsp.a(igmp_cmn.o)
                0x0000000008226a38                igmp_init
                0x0000000008226adc                igmp_input
                0x0000000008226bbc                igmp_fasttimo
                0x0000000008226d30                igmp_send
                0x0000000008226fcc                igmp_joingroup
                0x0000000008227220                igmp_leavegroup
                0x00000000082272a0                igmp_validate
                0x00000000082275b8                igmp_print_stats
 .text          0x00000000082279d4      0xa88 ../Simple_Socket_BUP_bsp//libucosii_bsp.a(bsdsock.o)
                0x00000000082279d4                bsd_accept
                0x0000000008227af8                bsd_getpeername
                0x0000000008227c1c                bsd_getsockname
                0x0000000008227d40                bsd_i_sockoptlen
                0x0000000008227e7c                bsd_getsockopt
                0x0000000008227f88                bsd_ioctl
                0x000000000822807c                bsd_inet_ntoa
                0x00000000082280b0                bsd_recvfrom
                0x00000000082281f8                bsd_select
                0x000000000822837c                bsd_setsockopt
 .text          0x000000000822845c       0xf8 ../Simple_Socket_BUP_bsp//libucosii_bsp.a(cksum.o)
                0x000000000822845c                ccksum
                0x0000000008228500                cksum
 .text          0x0000000008228554      0xae8 ../Simple_Socket_BUP_bsp//libucosii_bsp.a(in_utils.o)
                0x0000000008228554                do_trap
                0x0000000008228580                nextarg
                0x00000000082285fc                hexdump
                0x0000000008228740                print_ipad
                0x00000000082287bc                print_uptime
                0x0000000008228994                panic
                0x00000000082289dc                print_eth
                0x0000000008228b30                uslash
                0x0000000008228bac                ns_printf
                0x0000000008228d1c                std_out
                0x0000000008228d60                con_page
                0x0000000008228e38                parse_args
 .text          0x000000000822903c      0x1a0 ../Simple_Socket_BUP_bsp//libucosii_bsp.a(netmain.o)
                0x000000000822903c                netmain
                0x000000000822911c                tk_netmain
                0x0000000008229194                tk_nettick
 .text          0x00000000082291dc      0x5b4 ../Simple_Socket_BUP_bsp//libucosii_bsp.a(tk_crnos.o)
                0x00000000082291dc                TK_OSTimeDly
                0x000000000822920c                TK_OSTaskResume
                0x0000000008229280                tcp_sleep
                0x00000000082293f4                tcp_wakeup
                0x00000000082294ec                TK_OSTaskQuery
                0x0000000008229558                tk_yield
                0x0000000008229588                tk_stats
 .text          0x0000000008229790     0x2c4c ../Simple_Socket_BUP_bsp//libucosii_bsp.a(dhcpclnt.o)
                0x0000000008229790                dhc_get_srv_ipaddr
                0x0000000008229818                dhc_init
                0x00000000082298c8                dhc_set_callback
                0x0000000008229910                dhc_upcall
                0x000000000822a0c0                dhc_buildheader
                0x000000000822a2a4                dhc_discover
                0x000000000822a770                dhc_rx_offer
                0x000000000822a854                dhc_request
                0x000000000822b2d8                dhc_setip
                0x000000000822b554                dhc_resetip
                0x000000000822b638                dhc_decline
                0x000000000822b7ec                dhc_extract_opts
                0x000000000822ba5c                dhc_second
                0x000000000822bfac                dhc_halt
                0x000000000822c02c                dhc_reclaim
                0x000000000822c1e4                dhc_state_init
                0x000000000822c23c                dhc_alldone
                0x000000000822c2c4                dhc_ifacedone
                0x000000000822c32c                dhc_set_state
 .text          0x000000000822c3dc       0xc0 ../Simple_Socket_BUP_bsp//libucosii_bsp.a(dhcputil.o)
                0x000000000822c3dc                find_opt
 .text          0x000000000822c49c      0x774 ../Simple_Socket_BUP_bsp//libucosii_bsp.a(pktalloc.o)
                0x000000000822c49c                pk_init
                0x000000000822c738                pk_alloc
                0x000000000822c7fc                pk_validate
                0x000000000822ca88                pk_free
                0x000000000822cb34                pk_get_max_intrsafe_buf_len
                0x000000000822cb54                dump_buf_estats
 .text          0x000000000822cc10      0x268 ../Simple_Socket_BUP_bsp//libucosii_bsp.a(q.o)
                0x000000000822cc10                getq
                0x000000000822ccc8                putq
                0x000000000822cd78                qdel
 .text          0x000000000822ce78      0x2d4 ../Simple_Socket_BUP_bsp//libucosii_bsp.a(udp_open.o)
                0x000000000822ce78                udp_open
                0x000000000822d074                udp_close
 .text          0x000000000822d14c      0x194 ../Simple_Socket_BUP_bsp//libucosii_bsp.a(asm_cksum.o)
                0x000000000822d14c                asm_cksum
 .text          0x000000000822d2e0      0x27c ../Simple_Socket_BUP_bsp//libucosii_bsp.a(brdutils.o)
                0x000000000822d2e0                dtrap
                0x000000000822d314                kbhit
                0x000000000822d3a8                getch
                0x000000000822d404                clock_init
                0x000000000822d43c                clock_c
                0x000000000822d45c                cticks_hook
                0x000000000822d4b8                irq_Mask
                0x000000000822d518                irq_Unmask
 .text          0x000000000822d55c      0x4d0 ../Simple_Socket_BUP_bsp//libucosii_bsp.a(osportco.o)
                0x000000000822d55c                LOCK_NET_RESOURCE
                0x000000000822d620                UNLOCK_NET_RESOURCE
                0x000000000822d6a8                TK_NEWTASK
                0x000000000822d8f4                wait_app_sem
                0x000000000822d9b0                post_app_sem
 .text          0x000000000822da2c      0x574 ../Simple_Socket_BUP_bsp//libucosii_bsp.a(targnios.o)
                0x000000000822da2c                alt_iniche_init
                0x000000000822dc28                pre_task_setup
                0x000000000822dc74                post_task_setup
                0x000000000822dc94                prep_armintcp
                0x000000000822dccc                npalloc_base
                0x000000000822ddd8                npfree_base
                0x000000000822deb8                npalloc
                0x000000000822deec                npfree
                0x000000000822df2c                ncpalloc
                0x000000000822df60                ncpfree
 .text          0x000000000822dfa0     0x181c ../Simple_Socket_BUP_bsp//libucosii_bsp.a(nptcp.o)
                0x000000000822dfa0                pffindtype
                0x000000000822e030                pffindproto
                0x000000000822e0f4                m_getnbuf
                0x000000000822e27c                m_free
                0x000000000822e384                m_freem
                0x000000000822e3c8                m_copy
                0x000000000822e6bc                m_adj
                0x000000000822e87c                mbuf_len
                0x000000000822e8d0                dtom
                0x000000000822e96c                remque
                0x000000000822e9dc                insque
                0x000000000822ea58                nptcp_init
                0x000000000822eb50                tcp_rcv
                0x000000000822ed20                ip_output
                0x000000000822f2d0                in_broadcast
                0x000000000822f308                np_stripoptions
                0x000000000822f3fc                so_icmpdu
                0x000000000822f744                tcp_tick
 .text          0x000000000822f7bc      0x970 ../Simple_Socket_BUP_bsp//libucosii_bsp.a(rawsock.o)
                0x000000000822f7bc                rawip_lookup
                0x000000000822f818                rawip_soinput
                0x000000000822f9e0                rawip_usrreq
 .text          0x000000000823012c     0x1654 ../Simple_Socket_BUP_bsp//libucosii_bsp.a(sockcall.o)
                0x000000000823012c                DOMAIN_CHECK
                0x000000000823017c                t_socket
                0x00000000082301fc                t_bind
                0x0000000008230360                t_listen
                0x0000000008230438                t_accept
                0x000000000823068c                t_connect
                0x00000000082308f8                t_getpeername
                0x000000000823093c                t_getsockname
                0x0000000008230b5c                t_setsockopt
                0x0000000008230d1c                t_getsockopt
                0x0000000008230ea8                t_recv
                0x0000000008230f88                t_recvfrom
                0x00000000082310c8                t_sendto
                0x00000000082312bc                t_send
                0x00000000082314c0                t_shutdown
                0x0000000008231598                t_socketclose
                0x00000000082316e8                t_errno
 .text          0x0000000008231780     0x2034 ../Simple_Socket_BUP_bsp//libucosii_bsp.a(socket.o)
                0x0000000008231780                socreate
                0x0000000008231928                sobind
                0x0000000008231984                solisten
                0x0000000008231a54                sofree
                0x0000000008231b64                soclose
                0x0000000008231e20                soabort
                0x0000000008231e70                soaccept
                0x0000000008231f08                soconnect
                0x0000000008231fc0                sodisconnect
                0x0000000008232058                sosend
                0x00000000082325b0                soreceive
                0x0000000008232cfc                soshutdown
                0x0000000008232d94                sorflush
                0x0000000008232e90                sosetopt
                0x00000000082332c0                sogetopt
                0x0000000008233768                sohasoutofband
 .text          0x00000000082337b4     0x128c ../Simple_Socket_BUP_bsp//libucosii_bsp.a(socket2.o)
                0x00000000082337b4                soisconnecting
                0x0000000008233824                soisconnected
                0x0000000008233928                soisdisconnecting
                0x00000000082339c0                soisdisconnected
                0x0000000008233a84                sonewconn
                0x0000000008233c84                soqinsque
                0x0000000008233d30                soqremque
                0x0000000008233e38                socantsendmore
                0x0000000008233e90                socantrcvmore
                0x0000000008233ee8                sbselqueue
                0x0000000008233f24                sbwait
                0x0000000008233f90                sbwakeup
                0x000000000823401c                soreserve
                0x00000000082340a4                sbreserve
                0x00000000082340f4                sbrelease
                0x0000000008234140                sbappend
                0x00000000082341e0                sbappendrecord
                0x00000000082342b8                sbappendaddr
                0x0000000008234494                sbcompress
                0x0000000008234674                sbflush
                0x00000000082346f8                sbdrop
                0x00000000082348b0                sbdropend
                0x00000000082349b0                sbdroprecord
 .text          0x0000000008234a40      0x87c ../Simple_Socket_BUP_bsp//libucosii_bsp.a(soselect.o)
                0x0000000008234a40                t_select
                0x0000000008234c10                sock_selscan
                0x0000000008234d50                sock_select
                0x0000000008234f34                in_pcbnotify
                0x0000000008234ff8                tcp_notify
                0x0000000008235078                ifd_clr
                0x0000000008235168                ifd_set
                0x00000000082351e0                ifd_isset
                0x0000000008235258                ifd_get