Archive member included to satisfy reference by file (symbol)

/home/srdejong/intelFPGA/16.1/nios2eds/bin/gnu/H-x86_64-pc-linux-gnu/bin/../lib/gcc/nios2-elf/5.3.0/mhw-mulx/libgcc.a(lib2-divmod.o)
                              obj/default/simple_socket_server.o (__umodsi3)
/home/srdejong/intelFPGA/16.1/nios2eds/bin/gnu/H-x86_64-pc-linux-gnu/bin/../lib/gcc/nios2-elf/5.3.0/../../../../../H-x86_64-pc-linux-gnu/nios2-elf/lib/mhw-mulx/libc.a(lib_a-ctype_.o)
                              obj/default/network_utilities.o (__ctype_ptr__)
/home/srdejong/intelFPGA/16.1/nios2eds/bin/gnu/H-x86_64-pc-linux-gnu/bin/../lib/gcc/nios2-elf/5.3.0/../../../../../H-x86_64-pc-linux-gnu/nios2-elf/lib/mhw-mulx/libc.a(lib_a-fprintf.o)
                              obj/default/alt_error_handler.o (fprintf)
/home/srdejong/intelFPGA/16.1/nios2eds/bin/gnu/H-x86_64-pc-linux-gnu/bin/../lib/gcc/nios2-elf/5.3.0/../../../../../H-x86_64-pc-linux-gnu/nios2-elf/lib/mhw-mulx/libc.a(lib_a-fwrite.o)
                              obj/default/alt_error_handler.o (fwrite)
/home/srdejong/intelFPGA/16.1/nios2eds/bin/gnu/H-x86_64-pc-linux-gnu/bin/../lib/gcc/nios2-elf/5.3.0/../../../../../H-x86_64-pc-linux-gnu/nios2-elf/lib/mhw-mulx/libc.a(lib_a-getc.o)
                              obj/default/network_utilities.o (getc)
/home/srdejong/intelFPGA/16.1/nios2eds/bin/gnu/H-x86_64-pc-linux-gnu/bin/../lib/gcc/nios2-elf/5.3.0/../../../../../H-x86_64-pc-linux-gnu/nios2-elf/lib/mhw-mulx/libc.a(lib_a-impure.o)
                              obj/default/alt_error_handler.o (_impure_ptr)
/home/srdejong/intelFPGA/16.1/nios2eds/bin/gnu/H-x86_64-pc-linux-gnu/bin/../lib/gcc/nios2-elf/5.3.0/../../../../../H-x86_64-pc-linux-gnu/nios2-elf/lib/mhw-mulx/libc.a(lib_a-memcpy.o)
                              obj/default/simple_socket_server.o (memcpy)
/home/srdejong/intelFPGA/16.1/nios2eds/bin/gnu/H-x86_64-pc-linux-gnu/bin/../lib/gcc/nios2-elf/5.3.0/../../../../../H-x86_64-pc-linux-gnu/nios2-elf/lib/mhw-mulx/libc.a(lib_a-memmove.o)
                              obj/default/simple_socket_server.o (memmove)
/home/srdejong/intelFPGA/16.1/nios2eds/bin/gnu/H-x86_64-pc-linux-gnu/bin/../lib/gcc/nios2-elf/5.3.0/../../../../../H-x86_64-pc-linux-gnu/nios2-elf/lib/mhw-mulx/libc.a(lib_a-memset.o)
                              obj/default/simple_socket_server.o (memset)
/home/srdejong/intelFPGA/16.1/nios2eds/bin/gnu/H-x86_64-pc-linux-gnu/bin/../lib/gcc/nios2-elf/5.3.0/../../../../../H-x86_64-pc-linux-gnu/nios2-elf/lib/mhw-mulx/libc.a(lib_a-perror.o)
                              obj/default/alt_error_handler.o (perror)
/home/srdejong/intelFPGA/16.1/nios2eds/bin/gnu/H-x86_64-pc-linux-gnu/bin/../lib/gcc/nios2-elf/5.3.0/../../../../../H-x86_64-pc-linux-gnu/nios2-elf/lib/mhw-mulx/libc.a(lib_a-printf.o)
                              obj/default/alt_error_handler.o (printf)
/home/srdejong/intelFPGA/16.1/nios2eds/bin/gnu/H-x86_64-pc-linux-gnu/bin/../lib/gcc/nios2-elf/5.3.0/../../../../../H-x86_64-pc-linux-gnu/nios2-elf/lib/mhw-mulx/libc.a(lib_a-putc.o)
                              obj/default/network_utilities.o (putc)
/home/srdejong/intelFPGA/16.1/nios2eds/bin/gnu/H-x86_64-pc-linux-gnu/bin/../lib/gcc/nios2-elf/5.3.0/../../../../../H-x86_64-pc-linux-gnu/nios2-elf/lib/mhw-mulx/libc.a(lib_a-putchar.o)
                              obj/default/network_utilities.o (putchar)
/home/srdejong/intelFPGA/16.1/nios2eds/bin/gnu/H-x86_64-pc-linux-gnu/bin/../lib/gcc/nios2-elf/5.3.0/../../../../../H-x86_64-pc-linux-gnu/nios2-elf/lib/mhw-mulx/libc.a(lib_a-puts.o)
                              obj/default/alt_error_handler.o (puts)
/home/srdejong/intelFPGA/16.1/nios2eds/bin/gnu/H-x86_64-pc-linux-gnu/bin/../lib/gcc/nios2-elf/5.3.0/../../../../../H-x86_64-pc-linux-gnu/nios2-elf/lib/mhw-mulx/libc.a(lib_a-rget.o)
                              /home/srdejong/intelFPGA/16.1/nios2eds/bin/gnu/H-x86_64-pc-linux-gnu/bin/../lib/gcc/nios2-elf/5.3.0/../../../../../H-x86_64-pc-linux-gnu/nios2-elf/lib/mhw-mulx/libc.a(lib_a-getc.o) (__srget_r)
/home/srdejong/intelFPGA/16.1/nios2eds/bin/gnu/H-x86_64-pc-linux-gnu/bin/../lib/gcc/nios2-elf/5.3.0/../../../../../H-x86_64-pc-linux-gnu/nios2-elf/lib/mhw-mulx/libc.a(lib_a-sprintf.o)
                              obj/default/simple_socket_server.o (sprintf)
/home/srdejong/intelFPGA/16.1/nios2eds/bin/gnu/H-x86_64-pc-linux-gnu/bin/../lib/gcc/nios2-elf/5.3.0/../../../../../H-x86_64-pc-linux-gnu/nios2-elf/lib/mhw-mulx/libc.a(lib_a-strchr.o)
                              obj/default/simple_socket_server.o (strchr)
/home/srdejong/intelFPGA/16.1/nios2eds/bin/gnu/H-x86_64-pc-linux-gnu/bin/../lib/gcc/nios2-elf/5.3.0/../../../../../H-x86_64-pc-linux-gnu/nios2-elf/lib/mhw-mulx/libc.a(lib_a-strerror.o)
                              /home/srdejong/intelFPGA/16.1/nios2eds/bin/gnu/H-x86_64-pc-linux-gnu/bin/../lib/gcc/nios2-elf/5.3.0/../../../../../H-x86_64-pc-linux-gnu/nios2-elf/lib/mhw-mulx/libc.a(lib_a-perror.o) (_strerror_r)
[...]
Memory Configuration

Name             Origin             Length             Attributes
ext_flash_BEFORE_RESET 0x0000000000000000 0x0000000004a80000
reset            0x0000000004a80000 0x0000000000000020
ext_flash        0x0000000004a80020 0x000000000357ffe0
descriptor_memory 0x0000000008000000 0x0000000000002000
onchip_ram_BEFORE_EXCEPTION 0x0000000008200000 0x0000000000000060
onchip_ram       0x0000000008200060 0x000000000017ffa0
*default*        0x0000000000000000 0xffffffffffffffff

Linker script and memory map

LOAD ../Simple_Socket_BUP_bsp//obj/HAL/src/crt0.o
LOAD obj/default/alt_error_handler.o
LOAD obj/default/iniche_init.o
LOAD obj/default/led.o
LOAD obj/default/network_utilities.o
LOAD obj/default/simple_socket_server.o
LOAD obj/default/tse_my_system.o
LOAD /home/srdejong/intelFPGA/16.1/nios2eds/bin/gnu/H-x86_64-pc-linux-gnu/bin/../lib/gcc/nios2-elf/5.3.0/../../../../../H-x86_64-pc-linux-gnu/nios2-elf/lib/mhw-mulx/libstdc++.a
LOAD /home/srdejong/intelFPGA/16.1/nios2eds/bin/gnu/H-x86_64-pc-linux-gnu/bin/../lib/gcc/nios2-elf/5.3.0/../../../../../H-x86_64-pc-linux-gnu/nios2-elf/lib/mhw-mulx/libm.a
LOAD /home/srdejong/intelFPGA/16.1/nios2eds/bin/gnu/H-x86_64-pc-linux-gnu/bin/../lib/gcc/nios2-elf/5.3.0/mhw-mulx/libgcc.a
START GROUP
LOAD /home/srdejong/intelFPGA/16.1/nios2eds/bin/gnu/H-x86_64-pc-linux-gnu/bin/../lib/gcc/nios2-elf/5.3.0/../../../../../H-x86_64-pc-linux-gnu/nios2-elf/lib/mhw-mulx/libc.a
LOAD /home/srdejong/intelFPGA/16.1/nios2eds/bin/gnu/H-x86_64-pc-linux-gnu/bin/../lib/gcc/nios2-elf/5.3.0/mhw-mulx/libgcc.a
LOAD ../Simple_Socket_BUP_bsp//libucosii_bsp.a
LOAD /home/srdejong/intelFPGA/16.1/nios2eds/bin/gnu/H-x86_64-pc-linux-gnu/bin/../lib/gcc/nios2-elf/5.3.0/../../../../../H-x86_64-pc-linux-gnu/nios2-elf/lib/mhw-mulx/libm.a
END GROUP
LOAD /home/srdejong/intelFPGA/16.1/nios2eds/bin/gnu/H-x86_64-pc-linux-gnu/bin/../lib/gcc/nios2-elf/5.3.0/mhw-mulx/libgcc.a
                0x0000000000000000                __alt_mem_ext_flash = 0x0
                0x0000000008000000                __alt_mem_descriptor_memory = 0x8000000
                0x0000000008200000                __alt_mem_onchip_ram = 0x8200000

.entry          0x0000000004a80000        0x0
 *(.entry)
 .entry         0x0000000004a80000        0x0 ../Simple_Socket_BUP_bsp//obj/HAL/src/crt0.o
                0x0000000004a80000                __reset

.exceptions     0x0000000008200060      0x1a0
                [!provide]                        PROVIDE (__ram_exceptions_start, ABSOLUTE (.))
                0x0000000008200060                . = ALIGN (0x20)
 *(.irq)
 *(.exceptions.entry.label)
 .exceptions.entry.label
                0x0000000008200060        0x0 ../Simple_Socket_BUP_bsp//libucosii_bsp.a(alt_irq_entry.o)
                0x0000000008200060                alt_irq_entry
 .exceptions.entry.label
                0x0000000008200060        0x0 ../Simple_Socket_BUP_bsp//libucosii_bsp.a(alt_exception_entry.o)
                0x0000000008200060                alt_exception
 *(.exceptions.entry.user)
 *(.exceptions.entry.ecc_fatal)
 *(.exceptions.entry)
 .exceptions.entry
                0x0000000008200060       0x54 ../Simple_Socket_BUP_bsp//libucosii_bsp.a(alt_exception_entry.o)
 *(.exceptions.irqtest.user)
 *(.exceptions.irqtest)
 .exceptions.irqtest
                0x00000000082000b4       0x10 ../Simple_Socket_BUP_bsp//libucosii_bsp.a(alt_irq_entry.o)
 *(.exceptions.irqhandler.user)
 *(.exceptions.irqhandler)
 .exceptions.irqhandler
                0x00000000082000c4        0x4 ../Simple_Socket_BUP_bsp//libucosii_bsp.a(alt_irq_entry.o)
 *(.exceptions.irqreturn.user)
 *(.exceptions.irqreturn)
 .exceptions.irqreturn
                0x00000000082000c8        0x4 ../Simple_Socket_BUP_bsp//libucosii_bsp.a(alt_irq_entry.o)
 *(.exceptions.notirq.label)
 .exceptions.notirq.label
                0x00000000082000cc        0x0 ../Simple_Socket_BUP_bsp//libucosii_bsp.a(alt_irq_entry.o)
 *(.exceptions.notirq.user)
 *(.exceptions.notirq)
 .exceptions.notirq
                0x00000000082000cc        0x8 ../Simple_Socket_BUP_bsp//libucosii_bsp.a(alt_exception_entry.o)
 *(.exceptions.soft.user)
 *(.exceptions.soft)
 *(.exceptions.unknown.user)
 *(.exceptions.unknown)
 .exceptions.unknown
                0x00000000082000d4        0x4 ../Simple_Socket_BUP_bsp//libucosii_bsp.a(alt_exception_entry.o)
 *(.exceptions.exit.label)
 .exceptions.exit.label
                0x00000000082000d8        0x0 ../Simple_Socket_BUP_bsp//libucosii_bsp.a(alt_irq_entry.o)
 .exceptions.exit.label
                0x00000000082000d8        0x0 ../Simple_Socket_BUP_bsp//libucosii_bsp.a(alt_exception_entry.o)
 *(.exceptions.exit.user)
 *(.exceptions.exit)
 .exceptions.exit
                0x00000000082000d8       0x54 ../Simple_Socket_BUP_bsp//libucosii_bsp.a(alt_exception_entry.o)
 *(.exceptions)
 .exceptions    0x000000000820012c       0xd4 ../Simple_Socket_BUP_bsp//libucosii_bsp.a(alt_irq_handler.o)
                0x000000000820012c                alt_irq_handler
                [!provide]                        PROVIDE (__ram_exceptions_end, ABSOLUTE (.))
                [!provide]                        PROVIDE (__flash_exceptions_start, LOADADDR (.exceptions))

.text           0x0000000008200200    0x4b7d0
                [!provide]                        PROVIDE (stext, ABSOLUTE (.))
 *(.interp)
 *(.hash)
 *(.dynsym)
 *(.dynstr)
 *(.gnu.version)
 *(.gnu.version_d)
 *(.gnu.version_r)
 *(.rel.init)
 *(.rela.init)
 *(.rel.text .rel.text.* .rel.gnu.linkonce.t.*)
 *(.rela.text .rela.text.* .rela.gnu.linkonce.t.*)
 *(.rel.fini)
 *(.rela.fini)
 *(.rel.rodata .rel.rodata.* .rel.gnu.linkonce.r.*)
 *(.rela.rodata .rela.rodata.* .rela.gnu.linkonce.r.*)
 *(.rel.data .rel.data.* .rel.gnu.linkonce.d.*)
 *(.rela.data .rela.data.* .rela.gnu.linkonce.d.*)
 *(.rel.tdata .rel.tdata.* .rel.gnu.linkonce.td.*)
 *(.rela.tdata .rela.tdata.* .rela.gnu.linkonce.td.*)
 *(.rel.tbss .rel.tbss.* .rel.gnu.linkonce.tb.*)
 *(.rela.tbss .rela.tbss.* .rela.gnu.linkonce.tb.*)
 *(.rel.ctors)
 *(.rela.ctors)
 *(.rel.dtors)
 *(.rela.dtors)
 *(.rel.got)
 *(.rela.got)
 *(.rel.sdata .rel.sdata.* .rel.gnu.linkonce.s.*)
 *(.rela.sdata .rela.sdata.* .rela.gnu.linkonce.s.*)
 *(.rel.sbss .rel.sbss.* .rel.gnu.linkonce.sb.*)
 *(.rela.sbss .rela.sbss.* .rela.gnu.linkonce.sb.*)
 *(.rel.sdata2 .rel.sdata2.* .rel.gnu.linkonce.s2.*)
 *(.rela.sdata2 .rela.sdata2.* .rela.gnu.linkonce.s2.*)
 *(.rel.sbss2 .rel.sbss2.* .rel.gnu.linkonce.sb2.*)
 *(.rela.sbss2 .rela.sbss2.* .rela.gnu.linkonce.sb2.*)
 *(.rel.bss .rel.bss.* .rel.gnu.linkonce.b.*)
 *(.rela.bss .rela.bss.* .rela.gnu.linkonce.b.*)
 *(.rel.plt)
 *(.rela.plt)
 *(.rel.dyn)
 *(.init)
 *(.plt)
 *(.text .stub .text.* .gnu.linkonce.t.*)
 .text          0x0000000008200200       0x48 ../Simple_Socket_BUP_bsp//obj/HAL/src/crt0.o
                0x0000000008200200                _start
 .text          0x0000000008200248      0xa60 obj/default/alt_error_handler.o
                0x0000000008200248                alt_uCOSIIErrorHandler
                0x00000000082007ac                alt_NetworkErrorHandler
                0x0000000008200a10                alt_SSSErrorHandler
 .text          0x0000000008200ca8       0xf0 obj/default/iniche_init.o
                0x0000000008200ca8                SSSInitialTask
                0x0000000008200d18                main
 .text          0x0000000008200d98      0x32c obj/default/led.o
                0x0000000008200d98                led_bit_toggle
                0x0000000008200e7c                LED7SegLightshowTask
                0x0000000008200ef0                LEDManagementTask
 .text          0x00000000082010c4      0x814 obj/default/network_utilities.o
                0x00000000082010c4                get_mac_addr
                0x0000000008201118                get_ip_addr
                0x0000000008201174                get_serial_number
                0x0000000008201330                generate_and_store_mac_addr
                0x00000000082014d8                generate_mac_addr
                0x0000000008201614                get_board_mac_addr
                0x00000000082017ac                FindLastFlashSectorOffset
 .text          0x00000000082018d8      0xd3c obj/default/simple_socket_server.o
                0x00000000082018d8                SSSCreateOSDataStructs
                0x000000000820197c                SSSCreateTasks
                0x0000000008201a4c                sss_reset_connection
                0x0000000008201abc                sss_send_menu
                0x0000000008201cd8                sss_handle_accept
                0x0000000008201da0                sss_exec_command
                0x0000000008202270                sss_handle_receive
                0x0000000008202460                SSSSimpleSocketServerTask
 .text          0x0000000008202614        0x0 obj/default/tse_my_system.o
 .text          0x0000000008202614      0x1b4 /home/srdejong/intelFPGA/16.1/nios2eds/bin/gnu/H-x86_64-pc-linux-gnu/bin/../lib/gcc/nios2-elf/5.3.0/mhw-mulx/libgcc.a(lib2-divmod.o)
                0x0000000008202614                __divsi3
                0x0000000008202698                __modsi3
                0x000000000820270c                __udivsi3
                0x0000000008202770                __umodsi3
 .text          0x00000000082027c8        0x0 /home/srdejong/intelFPGA/16.1/nios2eds/bin/gnu/H-x86_64-pc-linux-gnu/bin/../lib/gcc/nios2-elf/5.3.0/../../../../../H-x86_64-pc-linux-gnu/nios2-elf/lib/mhw-mulx/libc.a(lib_a-ctype_.o)
 .text          0x00000000082027c8        0x0 /home/srdejong/intelFPGA/16.1/nios2eds/bin/gnu/H-x86_64-pc-linux-gnu/bin/../lib/gcc/nios2-elf/5.3.0/../../../../../H-x86_64-pc-linux-gnu/nios2-elf/lib/mhw-mulx/libc.a(lib_a-fprintf.o)
 .text._fprintf_r
                0x00000000082027c8       0x28 /home/srdejong/intelFPGA/16.1/nios2eds/bin/gnu/H-x86_64-pc-linux-gnu/bin/../lib/gcc/nios2-elf/5.3.0/../../../../../H-x86_64-pc-linux-gnu/nios2-elf/lib/mhw-mulx/libc.a(lib_a-fprintf.o)
                0x00000000082027c8                _fprintf_r
 .text.fprintf  0x00000000082027f0       0x24 /home/srdejong/intelFPGA/16.1/nios2eds/bin/gnu/H-x86_64-pc-linux-gnu/bin/../lib/gcc/nios2-elf/5.3.0/../../../../../H-x86_64-pc-linux-gnu/nios2-elf/lib/mhw-mulx/libc.a(lib_a-fprintf.o)
                0x00000000082027f0                fprintf
 .text          0x0000000008202814        0x0 /home/srdejong/intelFPGA/16.1/nios2eds/bin/gnu/H-x86_64-pc-linux-gnu/bin/../lib/gcc/nios2-elf/5.3.0/../../../../../H-x86_64-pc-linux-gnu/nios2-elf/lib/mhw-mulx/libc.a(lib_a-fwrite.o)
 .text._fwrite_r
                0x0000000008202814       0xcc /home/srdejong/intelFPGA/16.1/nios2eds/bin/gnu/H-x86_64-pc-linux-gnu/bin/../lib/gcc/nios2-elf/5.3.0/../../../../../H-x86_64-pc-linux-gnu/nios2-elf/lib/mhw-mulx/libc.a(lib_a-fwrite.o)
                0x0000000008202814                _fwrite_r
 .text.fwrite   0x00000000082028e0       0x34 /home/srdejong/intelFPGA/16.1/nios2eds/bin/gnu/H-x86_64-pc-linux-gnu/bin/../lib/gcc/nios2-elf/5.3.0/../../../../../H-x86_64-pc-linux-gnu/nios2-elf/lib/mhw-mulx/libc.a(lib_a-fwrite.o)
                0x00000000082028e0                fwrite
 .text          0x0000000008202914        0x0 /home/srdejong/intelFPGA/16.1/nios2eds/bin/gnu/H-x86_64-pc-linux-gnu/bin/../lib/gcc/nios2-elf/5.3.0/../../../../../H-x86_64-pc-linux-gnu/nios2-elf/lib/mhw-mulx/libc.a(lib_a-getc.o)
 .text._getc_r  0x0000000008202914       0x70 /home/srdejong/intelFPGA/16.1/nios2eds/bin/gnu/H-x86_64-pc-linux-gnu/bin/../lib/gcc/nios2-elf/5.3.0/../../../../../H-x86_64-pc-linux-gnu/nios2-elf/lib/mhw-mulx/libc.a(lib_a-getc.o)
                0x0000000008202914                _getc_r
 .text.getc     0x0000000008202984       0x88 /home/srdejong/intelFPGA/16.1/nios2eds/bin/gnu/H-x86_64-pc-linux-gnu/bin/../lib/gcc/nios2-elf/5.3.0/../../../../../H-x86_64-pc-linux-gnu/nios2-elf/lib/mhw-mulx/libc.a(lib_a-getc.o)
                0x0000000008202984                getc
 .text          0x0000000008202a0c        0x0 /home/srdejong/intelFPGA/16.1/nios2eds/bin/gnu/H-x86_64-pc-linux-gnu/bin/../lib/gcc/nios2-elf/5.3.0/../../../../../H-x86_64-pc-linux-gnu/nios2-elf/lib/mhw-mulx/libc.a(lib_a-impure.o)
 .text          0x0000000008202a0c        0x0 /home/srdejong/intelFPGA/16.1/nios2eds/bin/gnu/H-x86_64-pc-linux-gnu/bin/../lib/gcc/nios2-elf/5.3.0/../../../../../H-x86_64-pc-linux-gnu/nios2-elf/lib/mhw-mulx/libc.a(lib_a-memcpy.o)
 .text.memcpy   0x0000000008202a0c      0x148 /home/srdejong/intelFPGA/16.1/nios2eds/bin/gnu/H-x86_64-pc-linux-gnu/bin/../lib/gcc/nios2-elf/5.3.0/../../../../../H-x86_64-pc-linux-gnu/nios2-elf/lib/mhw-mulx/libc.a(lib_a-memcpy.o)
                0x0000000008202a0c                memcpy
 .text          0x0000000008202b54        0x0 /home/srdejong/intelFPGA/16.1/nios2eds/bin/gnu/H-x86_64-pc-linux-gnu/bin/../lib/gcc/nios2-elf/5.3.0/../../../../../H-x86_64-pc-linux-gnu/nios2-elf/lib/mhw-mulx/libc.a(lib_a-memmove.o)
 .text.memmove  0x0000000008202b54      0x15c /home/srdejong/intelFPGA/16.1/nios2eds/bin/gnu/H-x86_64-pc-linux-gnu/bin/../lib/gcc/nios2-elf/5.3.0/../../../../../H-x86_64-pc-linux-gnu/nios2-elf/lib/mhw-mulx/libc.a(lib_a-memmove.o)
                0x0000000008202b54                memmove
 .text          0x0000000008202cb0        0x0 /home/srdejong/intelFPGA/16.1/nios2eds/bin/gnu/H-x86_64-pc-linux-gnu/bin/../lib/gcc/nios2-elf/5.3.0/../../../../../H-x86_64-pc-linux-gnu/nios2-elf/lib/mhw-mulx/libc.a(lib_a-memset.o)
 .text.memset   0x0000000008202cb0      0x128 /home/srdejong/intelFPGA/16.1/nios2eds/bin/gnu/H-x86_64-pc-linux-gnu/bin/../lib/gcc/nios2-elf/5.3.0/../../../../../H-x86_64-pc-linux-gnu/nios2-elf/lib/mhw-mulx/libc.a(lib_a-memset.o)
                0x0000000008202cb0                memset
 .text          0x0000000008202dd8        0x0 /home/srdejong/intelFPGA/16.1/nios2eds/bin/gnu/H-x86_64-pc-linux-gnu/bin/../lib/gcc/nios2-elf/5.3.0/../../../../../H-x86_64-pc-linux-gnu/nios2-elf/lib/mhw-mulx/libc.a(lib_a-perror.o)
 .text._perror_r
                0x0000000008202dd8       0x80 /home/srdejong/intelFPGA/16.1/nios2eds/bin/gnu/H-x86_64-pc-linux-gnu/bin/../lib/gcc/nios2-elf/5.3.0/../../../../../H-x86_64-pc-linux-gnu/nios2-elf/lib/mhw-mulx/libc.a(lib_a-perror.o)
                0x0000000008202dd8                _perror_r
 .text.perror   0x0000000008202e58       0x14 /home/srdejong/intelFPGA/16.1/nios2eds/bin/gnu/H-x86_64-pc-linux-gnu/bin/../lib/gcc/nios2-elf/5.3.0/../../../../../H-x86_64-pc-linux-gnu/nios2-elf/lib/mhw-mulx/libc.a(lib_a-perror.o)
                0x0000000008202e58                perror
 .text          0x0000000008202e6c        0x0 /home/srdejong/intelFPGA/16.1/nios2eds/bin/gnu/H-x86_64-pc-linux-gnu/bin/../lib/gcc/nios2-elf/5.3.0/../../../../../H-x86_64-pc-linux-gnu/nios2-elf/lib/mhw-mulx/libc.a(lib_a-printf.o)
 .text._printf_r
                0x0000000008202e6c       0x30 /home/srdejong/intelFPGA/16.1/nios2eds/bin/gnu/H-x86_64-pc-linux-gnu/bin/../lib/gcc/nios2-elf/5.3.0/../../../../../H-x86_64-pc-linux-gnu/nios2-elf/lib/mhw-mulx/libc.a(lib_a-printf.o)
                0x0000000008202e6c                _printf_r
 .text.printf   0x0000000008202e9c       0x3c /home/srdejong/intelFPGA/16.1/nios2eds/bin/gnu/H-x86_64-pc-linux-gnu/bin/../lib/gcc/nios2-elf/5.3.0/../../../../../H-x86_64-pc-linux-gnu/nios2-elf/lib/mhw-mulx/libc.a(lib_a-printf.o)
                0x0000000008202e9c                printf
 .text          0x0000000008202ed8        0x0 /home/srdejong/intelFPGA/16.1/nios2eds/bin/gnu/H-x86_64-pc-linux-gnu/bin/../lib/gcc/nios2-elf/5.3.0/../../../../../H-x86_64-pc-linux-gnu/nios2-elf/lib/mhw-mulx/libc.a(lib_a-putc.o)
 .text._putc_r  0x0000000008202ed8       0xa0 /home/srdejong/intelFPGA/16.1/nios2eds/bin/gnu/H-x86_64-pc-linux-gnu/bin/../lib/gcc/nios2-elf/5.3.0/../../../../../H-x86_64-pc-linux-gnu/nios2-elf/lib/mhw-mulx/libc.a(lib_a-putc.o)
                0x0000000008202ed8                _putc_r
 .text.putc     0x0000000008202f78       0xc8 /home/srdejong/intelFPGA/16.1/nios2eds/bin/gnu/H-x86_64-pc-linux-gnu/bin/../lib/gcc/nios2-elf/5.3.0/../../../../../H-x86_64-pc-linux-gnu/nios2-elf/lib/mhw-mulx/libc.a(lib_a-putc.o)
                0x0000000008202f78                putc
 .text          0x0000000008203040        0x0 /home/srdejong/intelFPGA/16.1/nios2eds/bin/gnu/H-x86_64-pc-linux-gnu/bin/../lib/gcc/nios2-elf/5.3.0/../../../../../H-x86_64-pc-linux-gnu/nios2-elf/lib/mhw-mulx/libc.a(lib_a-putchar.o)
 .text._putchar_r
                0x0000000008203040        0x8 /home/srdejong/intelFPGA/16.1/nios2eds/bin/gnu/H-x86_64-pc-linux-gnu/bin/../lib/gcc/nios2-elf/5.3.0/../../../../../H-x86_64-pc-linux-gnu/nios2-elf/lib/mhw-mulx/libc.a(lib_a-putchar.o)
                0x0000000008203040                _putchar_r
 .text.putchar  0x0000000008203048       0x18 /home/srdejong/intelFPGA/16.1/nios2eds/bin/gnu/H-x86_64-pc-linux-gnu/bin/../lib/gcc/nios2-elf/5.3.0/../../../../../H-x86_64-pc-linux-gnu/nios2-elf/lib/mhw-mulx/libc.a(lib_a-putchar.o)
                0x0000000008203048                putchar
 .text          0x0000000008203060        0x0 /home/srdejong/intelFPGA/16.1/nios2eds/bin/gnu/H-x86_64-pc-linux-gnu/bin/../lib/gcc/nios2-elf/5.3.0/../../../../../H-x86_64-pc-linux-gnu/nios2-elf/lib/mhw-mulx/libc.a(lib_a-puts.o)
 .text._puts_r  0x0000000008203060       0xc0 /home/srdejong/intelFPGA/16.1/nios2eds/bin/gnu/H-x86_64-pc-linux-gnu/bin/../lib/gcc/nios2-elf/5.3.0/../../../../../H-x86_64-pc-linux-gnu/nios2-elf/lib/mhw-mulx/libc.a(lib_a-puts.o)
                0x0000000008203060                _puts_r
 .text.puts     0x0000000008203120       0x14 /home/srdejong/intelFPGA/16.1/nios2eds/bin/gnu/H-x86_64-pc-linux-gnu/bin/../lib/gcc/nios2-elf/5.3.0/../../../../../H-x86_64-pc-linux-gnu/nios2-elf/lib/mhw-mulx/libc.a(lib_a-puts.o)
                0x0000000008203120                puts
 .text          0x0000000008203134        0x0 /home/srdejong/intelFPGA/16.1/nios2eds/bin/gnu/H-x86_64-pc-linux-gnu/bin/../lib/gcc/nios2-elf/5.3.0/../../../../../H-x86_64-pc-linux-gnu/nios2-elf/lib/mhw-mulx/libc.a(lib_a-rget.o)
 .text.__srget_r
                0x0000000008203134       0x74 /home/srdejong/intelFPGA/16.1/nios2eds/bin/gnu/H-x86_64-pc-linux-gnu/bin/../lib/gcc/nios2-elf/5.3.0/../../../../../H-x86_64-pc-linux-gnu/nios2-elf/lib/mhw-mulx/libc.a(lib_a-rget.o)
                0x0000000008203134                __srget_r
 .text.__srget  0x00000000082031a8       0x14 /home/srdejong/intelFPGA/16.1/nios2eds/bin/gnu/H-x86_64-pc-linux-gnu/bin/../lib/gcc/nios2-elf/5.3.0/../../../../../H-x86_64-pc-linux-gnu/nios2-elf/lib/mhw-mulx/libc.a(lib_a-rget.o)
                0x00000000082031a8                __srget
 .text          0x00000000082031bc        0x0 /home/srdejong/intelFPGA/16.1/nios2eds/bin/gnu/H-x86_64-pc-linux-gnu/bin/../lib/gcc/nios2-elf/5.3.0/../../../../../H-x86_64-pc-linux-gnu/nios2-elf/lib/mhw-mulx/libc.a(lib_a-sprintf.o)
 .text._sprintf_r
                0x00000000082031bc       0x58 /home/srdejong/intelFPGA/16.1/nios2eds/bin/gnu/H-x86_64-pc-linux-gnu/bin/../lib/gcc/nios2-elf/5.3.0/../../../../../H-x86_64-pc-linux-gnu/nios2-elf/lib/mhw-mulx/libc.a(lib_a-sprintf.o)
                0x00000000082031bc                _sprintf_r
 .text.sprintf  0x0000000008203214       0x6c /home/srdejong/intelFPGA/16.1/nios2eds/bin/gnu/H-x86_64-pc-linux-gnu/bin/../lib/gcc/nios2-elf/5.3.0/../../../../../H-x86_64-pc-linux-gnu/nios2-elf/lib/mhw-mulx/libc.a(lib_a-sprintf.o)
                0x0000000008203214                sprintf
 .text          0x0000000008203280        0x0 /home/srdejong/intelFPGA/16.1/nios2eds/bin/gnu/H-x86_64-pc-linux-gnu/bin/../lib/gcc/nios2-elf/5.3.0/../../../../../H-x86_64-pc-linux-gnu/nios2-elf/lib/mhw-mulx/libc.a(lib_a-strchr.o)
 .text.strchr   0x0000000008203280      0x164 /home/srdejong/intelFPGA/16.1/nios2eds/bin/gnu/H-x86_64-pc-linux-gnu/bin/../lib/gcc/nios2-elf/5.3.0/../../../../../H-x86_64-pc-linux-gnu/nios2-elf/lib/mhw-mulx/libc.a(lib_a-strchr.o)
                0x0000000008203280                strchr
 .text          0x00000000082033e4        0x0 /home/srdejong/intelFPGA/16.1/nios2eds/bin/gnu/H-x86_64-pc-linux-gnu/bin/../lib/gcc/nios2-elf/5.3.0/../../../../../H-x86_64-pc-linux-gnu/nios2-elf/lib/mhw-mulx/libc.a(lib_a-strerror.o)
 .text._strerror_r
                0x00000000082033e4      0x65c /home/srdejong/intelFPGA/16.1/nios2eds/bin/gnu/H-x86_64-pc-linux-gnu/bin/../lib/gcc/nios2-elf/5.3.0/../../../../../H-x86_64-pc-linux-gnu/nios2-elf/lib/mhw-mulx/libc.a(lib_a-strerror.o)
                0x00000000082033e4                _strerror_r
 .text.strerror
                0x0000000008203a40       0x1c /home/srdejong/intelFPGA/16.1/nios2eds/bin/gnu/H-x86_64-pc-linux-gnu/bin/../lib/gcc/nios2-elf/5.3.0/../../../../../H-x86_64-pc-linux-gnu/nios2-elf/lib/mhw-mulx/libc.a(lib_a-strerror.o)
                0x0000000008203a40                strerror
 .text          0x0000000008203a5c        0x0 /home/srdejong/intelFPGA/16.1/nios2eds/bin/gnu/H-x86_64-pc-linux-gnu/bin/../lib/gcc/nios2-elf/5.3.0/../../../../../H-x86_64-pc-linux-gnu/nios2-elf/lib/mhw-mulx/libc.a(lib_a-strlen.o)
 .text.strlen   0x0000000008203a5c       0x98 /home/srdejong/intelFPGA/16.1/nios2eds/bin/gnu/H-x86_64-pc-linux-gnu/bin/../lib/gcc/nios2-elf/5.3.0/../../../../../H-x86_64-pc-linux-gnu/nios2-elf/lib/mhw-mulx/libc.a(lib_a-strlen.o)
                0x0000000008203a5c                strlen
 .text          0x0000000008203af4        0x0 /home/srdejong/intelFPGA/16.1/nios2eds/bin/gnu/H-x86_64-pc-linux-gnu/bin/../lib/gcc/nios2-elf/5.3.0/../../../../../H-x86_64-pc-linux-gnu/nios2-elf/lib/mhw-mulx/libc.a(lib_a-strstr.o)
 .text.critical_factorization
                0x0000000008203af4      0x104 /home/srdejong/intelFPGA/16.1/nios2eds/bin/gnu/H-x86_64-pc-linux-gnu/bin/../lib/gcc/nios2-elf/5.3.0/../../../../../H-x86_64-pc-linux-gnu/nios2-elf/lib/mhw-mulx/libc.a(lib_a-strstr.o)
 .text.two_way_long_needle
                0x0000000008203bf8      0x3b0 /home/srdejong/intelFPGA/16.1/nios2eds/bin/gnu/H-x86_64-pc-linux-gnu/bin/../lib/gcc/nios2-elf/5.3.0/../../../../../H-x86_64-pc-linux-gnu/nios2-elf/lib/mhw-mulx/libc.a(lib_a-strstr.o)
 .text.strstr   0x0000000008203fa8      0x3b0 /home/srdejong/intelFPGA/16.1/nios2eds/bin/gnu/H-x86_64-pc-linux-gnu/bin/../lib/gcc/nios2-elf/5.3.0/../../../../../H-x86_64-pc-linux-gnu/nios2-elf/lib/mhw-mulx/libc.a(lib_a-strstr.o)
                0x0000000008203fa8                strstr
 .text          0x0000000008204358        0x0 /home/srdejong/intelFPGA/16.1/nios2eds/bin/gnu/H-x86_64-pc-linux-gnu/bin/../lib/gcc/nios2-elf/5.3.0/../../../../../H-x86_64-pc-linux-gnu/nios2-elf/lib/mhw-mulx/libc.a(lib_a-svfprintf.o)
 .text.___svfprintf_internal_r
                0x0000000008204358     0x21d8 /home/srdejong/intelFPGA/16.1/nios2eds/bin/gnu/H-x86_64-pc-linux-gnu/bin/../lib/gcc/nios2-elf/5.3.0/../../../../../H-x86_64-pc-linux-gnu/nios2-elf/lib/mhw-mulx/libc.a(lib_a-svfprintf.o)
                0x0000000008204358                ___svfprintf_internal_r
 .text          0x0000000008206530        0x0 /home/srdejong/intelFPGA/16.1/nios2eds/bin/gnu/H-x86_64-pc-linux-gnu/bin/../lib/gcc/nios2-elf/5.3.0/../../../../../H-x86_64-pc-linux-gnu/nios2-elf/lib/mhw-mulx/libc.a(lib_a-u_strerr.o)
 .text._user_strerror
                0x0000000008206530        0x8 /home/srdejong/intelFPGA/16.1/nios2eds/bin/gnu/H-x86_64-pc-linux-gnu/bin/../lib/gcc/nios2-elf/5.3.0/../../../../../H-x86_64-pc-linux-gnu/nios2-elf/lib/mhw-mulx/libc.a(lib_a-u_strerr.o)
                0x0000000008206530                _user_strerror
 .text          0x0000000008206538        0x0 /home/srdejong/intelFPGA/16.1/nios2eds/bin/gnu/H-x86_64-pc-linux-gnu/bin/../lib/gcc/nios2-elf/5.3.0/../../../../../H-x86_64-pc-linux-gnu/nios2-elf/lib/mhw-mulx/libc.a(lib_a-vfprintf.o)
 .text.___vfprintf_internal_r
                0x0000000008206538     0x21f8 /home/srdejong/intelFPGA/16.1/nios2eds/bin/gnu/H-x86_64-pc-linux-gnu/bin/../lib/gcc/nios2-elf/5.3.0/../../../../../H-x86_64-pc-linux-gnu/nios2-elf/lib/mhw-mulx/libc.a(lib_a-vfprintf.o)
                0x0000000008206538                ___vfprintf_internal_r
 .text.__vfprintf_internal
                0x0000000008208730       0x1c /home/srdejong/intelFPGA/16.1/nios2eds/bin/gnu/H-x86_64-pc-linux-gnu/bin/../lib/gcc/nios2-elf/5.3.0/../../../../../H-x86_64-pc-linux-gnu/nios2-elf/lib/mhw-mulx/libc.a(lib_a-vfprintf.o)
                0x0000000008208730                __vfprintf_internal
 .text.__sbprintf
                0x000000000820874c       0xbc /home/srdejong/intelFPGA/16.1/nios2eds/bin/gnu/H-x86_64-pc-linux-gnu/bin/../lib/gcc/nios2-elf/5.3.0/../../../../../H-x86_64-pc-linux-gnu/nios2-elf/lib/mhw-mulx/libc.a(lib_a-vfprintf.o)
 .text          0x0000000008208808        0x0 /home/srdejong/intelFPGA/16.1/nios2eds/bin/gnu/H-x86_64-pc-linux-gnu/bin/../lib/gcc/nios2-elf/5.3.0/../../../../../H-x86_64-pc-linux-gnu/nios2-elf/lib/mhw-mulx/libc.a(lib_a-wbuf.o)
 .text.__swbuf_r
                0x0000000008208808      0x140 /home/srdejong/intelFPGA/16.1/nios2eds/bin/gnu/H-x86_64-pc-linux-gnu/bin/../lib/gcc/nios2-elf/5.3.0/../../../../../H-x86_64-pc-linux-gnu/nios2-elf/lib/mhw-mulx/libc.a(lib_a-wbuf.o)
                0x0000000008208808                __swbuf_r
 .text.__swbuf  0x0000000008208948       0x18 /home/srdejong/intelFPGA/16.1/nios2eds/bin/gnu/H-x86_64-pc-linux-gnu/bin/../lib/gcc/nios2-elf/5.3.0/../../../../../H-x86_64-pc-linux-gnu/nios2-elf/lib/mhw-mulx/libc.a(lib_a-wbuf.o)
                0x0000000008208948                __swbuf
 .text          0x0000000008208960        0x0 /home/srdejong/intelFPGA/16.1/nios2eds/bin/gnu/H-x86_64-pc-linux-gnu/bin/../lib/gcc/nios2-elf/5.3.0/../../../../../H-x86_64-pc-linux-gnu/nios2-elf/lib/mhw-mulx/libc.a(lib_a-wsetup.o)
 .text.__swsetup_r
                0x0000000008208960      0x154 /home/srdejong/intelFPGA/16.1/nios2eds/bin/gnu/H-x86_64-pc-linux-gnu/bin/../lib/gcc/nios2-elf/5.3.0/../../../../../H-x86_64-pc-linux-gnu/nios2-elf/lib/mhw-mulx/libc.a(lib_a-wsetup.o)
                0x0000000008208960                __swsetup_r
 .text          0x0000000008208ab4        0x0 /home/srdejong/intelFPGA/16.1/nios2eds/bin/gnu/H-x86_64-pc-linux-gnu/bin/../lib/gcc/nios2-elf/5.3.0/../../../../../H-x86_64-pc-linux-gnu/nios2-elf/lib/mhw-mulx/libc.a(lib_a-dtoa.o)
 .text.quorem   0x0000000008208ab4      0x200 /home/srdejong/intelFPGA/16.1/nios2eds/bin/gnu/H-x86_64-pc-linux-gnu/bin/../lib/gcc/nios2-elf/5.3.0/../../../../../H-x86_64-pc-linux-gnu/nios2-elf/lib/mhw-mulx/libc.a(lib_a-dtoa.o)
 .text._dtoa_r  0x0000000008208cb4     0x1688 /home/srdejong/intelFPGA/16.1/nios2eds/bin/gnu/H-x86_64-pc-linux-gnu/bin/../lib/gcc/nios2-elf/5.3.0/../../../../../H-x86_64-pc-linux-gnu/nios2-elf/lib/mhw-mulx/libc.a(lib_a-dtoa.o)
                0x0000000008208cb4                _dtoa_r
 .text          0x000000000820a33c        0x0 /home/srdejong/intelFPGA/16.1/nios2eds/bin/gnu/H-x86_64-pc-linux-gnu/bin/../lib/gcc/nios2-elf/5.3.0/../../../../../H-x86_64-pc-linux-gnu/nios2-elf/lib/mhw-mulx/libc.a(lib_a-fflush.o)
 .text.__sflush_r
                0x000000000820a33c      0x21c /home/srdejong/intelFPGA/16.1/nios2eds/bin/gnu/H-x86_64-pc-linux-gnu/bin/../lib/gcc/nios2-elf/5.3.0/../../../../../H-x86_64-pc-linux-gnu/nios2-elf/lib/mhw-mulx/libc.a(lib_a-fflush.o)
                0x000000000820a33c                __sflush_r
 .text._fflush_r
                0x000000000820a558       0x5c /home/srdejong/intelFPGA/16.1/nios2eds/bin/gnu/H-x86_64-pc-linux-gnu/bin/../lib/gcc/nios2-elf/5.3.0/../../../../../H-x86_64-pc-linux-gnu/nios2-elf/lib/mhw-mulx/libc.a(lib_a-fflush.o)
                0x000000000820a558                _fflush_r
 .text.fflush   0x000000000820a5b4       0x30 /home/srdejong/intelFPGA/16.1/nios2eds/bin/gnu/H-x86_64-pc-linux-gnu/bin/../lib/gcc/nios2-elf/5.3.0/../../../../../H-x86_64-pc-linux-gnu/nios2-elf/lib/mhw-mulx/libc.a(lib_a-fflush.o)
                0x000000000820a5b4                fflush
 .text          0x000000000820a5e4        0x0 /home/srdejong/intelFPGA/16.1/nios2eds/bin/gnu/H-x86_64-pc-linux-gnu/bin/../lib/gcc/nios2-elf/5.3.0/../../../../../H-x86_64-pc-linux-gnu/nios2-elf/lib/mhw-mulx/libc.a(lib_a-findfp.o)
 .text.__fp_unlock
                0x000000000820a5e4        0x8 /home/srdejong/intelFPGA/16.1/nios2eds/bin/gnu/H-x86_64-pc-linux-gnu/bin/../lib/gcc/nios2-elf/5.3.0/../../../../../H-x86_64-pc-linux-gnu/nios2-elf/lib/mhw-mulx/libc.a(lib_a-findfp.o)
 .text._cleanup_r
                0x000000000820a5ec        0xc /home/srdejong/intelFPGA/16.1/nios2eds/bin/gnu/H-x86_64-pc-linux-gnu/bin/../lib/gcc/nios2-elf/5.3.0/../../../../../H-x86_64-pc-linux-gnu/nios2-elf/lib/mhw-mulx/libc.a(lib_a-findfp.o)
                0x000000000820a5ec                _cleanup_r
 .text.__sinit.part.1
                0x000000000820a5f8      0x19c /home/srdejong/intelFPGA/16.1/nios2eds/bin/gnu/H-x86_64-pc-linux-gnu/bin/../lib/gcc/nios2-elf/5.3.0/../../../../../H-x86_64-pc-linux-gnu/nios2-elf/lib/mhw-mulx/libc.a(lib_a-findfp.o)
 .text.__fp_lock
                0x000000000820a794        0x8 /home/srdejong/intelFPGA/16.1/nios2eds/bin/gnu/H-x86_64-pc-linux-gnu/bin/../lib/gcc/nios2-elf/5.3.0/../../../../../H-x86_64-pc-linux-gnu/nios2-elf/lib/mhw-mulx/libc.a(lib_a-findfp.o)
 .text.__sfmoreglue
                0x000000000820a79c       0x68 /home/srdejong/intelFPGA/16.1/nios2eds/bin/gnu/H-x86_64-pc-linux-gnu/bin/../lib/gcc/nios2-elf/5.3.0/../../../../../H-x86_64-pc-linux-gnu/nios2-elf/lib/mhw-mulx/libc.a(lib_a-findfp.o)
                0x000000000820a79c                __sfmoreglue
 .text.__sfp    0x000000000820a804      0x118 /home/srdejong/intelFPGA/16.1/nios2eds/bin/gnu/H-x86_64-pc-linux-gnu/bin/../lib/gcc/nios2-elf/5.3.0/../../../../../H-x86_64-pc-linux-gnu/nios2-elf/lib/mhw-mulx/libc.a(lib_a-findfp.o)
                0x000000000820a804                __sfp
 .text._cleanup
                0x000000000820a91c       0x18 /home/srdejong/intelFPGA/16.1/nios2eds/bin/gnu/H-x86_64-pc-linux-gnu/bin/../lib/gcc/nios2-elf/5.3.0/../../../../../H-x86_64-pc-linux-gnu/nios2-elf/lib/mhw-mulx/libc.a(lib_a-findfp.o)
                0x000000000820a91c                _cleanup
 .text.__sinit  0x000000000820a934       0x10 /home/srdejong/intelFPGA/16.1/nios2eds/bin/gnu/H-x86_64-pc-linux-gnu/bin/../lib/gcc/nios2-elf/5.3.0/../../../../../H-x86_64-pc-linux-gnu/nios2-elf/lib/mhw-mulx/libc.a(lib_a-findfp.o)
                0x000000000820a934                __sinit
 .text.__sfp_lock_acquire
                0x000000000820a944        0x4 /home/srdejong/intelFPGA/16.1/nios2eds/bin/gnu/H-x86_64-pc-linux-gnu/bin/../lib/gcc/nios2-elf/5.3.0/../../../../../H-x86_64-pc-linux-gnu/nios2-elf/lib/mhw-mulx/libc.a(lib_a-findfp.o)
                0x000000000820a944                __sfp_lock_acquire
 .text.__sfp_lock_release
                0x000000000820a948        0x4 /home/srdejong/intelFPGA/16.1/nios2eds/bin/gnu/H-x86_64-pc-linux-gnu/bin/../lib/gcc/nios2-elf/5.3.0/../../../../../H-x86_64-pc-linux-gnu/nios2-elf/lib/mhw-mulx/libc.a(lib_a-findfp.o)
                0x000000000820a948                __sfp_lock_release
 .text.__sinit_lock_acquire
                0x000000000820a94c        0x4 /home/srdejong/intelFPGA/16.1/nios2eds/bin/gnu/H-x86_64-pc-linux-gnu/bin/../lib/gcc/nios2-elf/5.3.0/../../../../../H-x86_64-pc-linux-gnu/nios2-elf/lib/mhw-mulx/libc.a(lib_a-findfp.o)
                0x000000000820a94c                __sinit_lock_acquire
 .text.__sinit_lock_release
                0x000000000820a950        0x4 /home/srdejong/intelFPGA/16.1/nios2eds/bin/gnu/H-x86_64-pc-linux-gnu/bin/../lib/gcc/nios2-elf/5.3.0/../../../../../H-x86_64-pc-linux-gnu/nios2-elf/lib/mhw-mulx/libc.a(lib_a-findfp.o)
                0x000000000820a950                __sinit_lock_release
 .text.__fp_lock_all
                0x000000000820a954       0x18 /home/srdejong/intelFPGA/16.1/nios2eds/bin/gnu/H-x86_64-pc-linux-gnu/bin/../lib/gcc/nios2-elf/5.3.0/../../../../../H-x86_64-pc-linux-gnu/nios2-elf/lib/mhw-mulx/libc.a(lib_a-findfp.o)
                0x000000000820a954                __fp_lock_all
 .text.__fp_unlock_all
                0x000000000820a96c       0x18 /home/srdejong/intelFPGA/16.1/nios2eds/bin/gnu/H-x86_64-pc-linux-gnu/bin/../lib/gcc/nios2-elf/5.3.0/../../../../../H-x86_64-pc-linux-gnu/nios2-elf/lib/mhw-mulx/libc.a(lib_a-findfp.o)
                0x000000000820a96c                __fp_unlock_all
 .text          0x000000000820a984        0x0 /home/srdejong/intelFPGA/16.1/nios2eds/bin/gnu/H-x86_64-pc-linux-gnu/bin/../lib/gcc/nios2-elf/5.3.0/../../../../../H-x86_64-pc-linux-gnu/nios2-elf/lib/mhw-mulx/libc.a(lib_a-fputc.o)
 .text._fputc_r
                0x000000000820a984       0x44 /home/srdejong/intelFPGA/16.1/nios2eds/bin/gnu/H-x86_64-pc-linux-gnu/bin/../lib/gcc/nios2-elf/5.3.0/../../../../../H-x86_64-pc-linux-gnu/nios2-elf/lib/mhw-mulx/libc.a(lib_a-fputc.o)
                0x000000000820a984                _fputc_r
 .text.fputc    0x000000000820a9c8       0x5c /home/srdejong/intelFPGA/16.1/nios2eds/bin/gnu/H-x86_64-pc-linux-gnu/bin/../lib/gcc/nios2-elf/5.3.0/../../../../../H-x86_64-pc-linux-gnu/nios2-elf/lib/mhw-mulx/libc.a(lib_a-fputc.o)
                0x000000000820a9c8                fputc
 .text          0x000000000820aa24        0x0 /home/srdejong/intelFPGA/16.1/nios2eds/bin/gnu/H-x86_64-pc-linux-gnu/bin/../lib/gcc/nios2-elf/5.3.0/../../../../../H-x86_64-pc-linux-gnu/nios2-elf/lib/mhw-mulx/libc.a(lib_a-fputs.o)
 .text._fputs_r
                0x000000000820aa24       0x9c /home/srdejong/intelFPGA/16.1/nios2eds/bin/gnu/H-x86_64-pc-linux-gnu/bin/../lib/gcc/nios2-elf/5.3.0/../../../../../H-x86_64-pc-linux-gnu/nios2-elf/lib/mhw-mulx/libc.a(lib_a-fputs.o)
                0x000000000820aa24                _fputs_r
 .text.fputs    0x000000000820aac0       0x18 /home/srdejong/intelFPGA/16.1/nios2eds/bin/gnu/H-x86_64-pc-linux-gnu/bin/../lib/gcc/nios2-elf/5.3.0/../../../../../H-x86_64-pc-linux-gnu/nios2-elf/lib/mhw-mulx/libc.a(lib_a-fputs.o)
                0x000000000820aac0                fputs
 .text          0x000000000820aad8        0x0 /home/srdejong/intelFPGA/16.1/nios2eds/bin/gnu/H-x86_64-pc-linux-gnu/bin/../lib/gcc/nios2-elf/5.3.0/../../../../../H-x86_64-pc-linux-gnu/nios2-elf/lib/mhw-mulx/libc.a(lib_a-freer.o)
 .text._malloc_trim_r
                0x000000000820aad8      0x124 /home/srdejong/intelFPGA/16.1/nios2eds/bin/gnu/H-x86_64-pc-linux-gnu/bin/../lib/gcc/nios2-elf/5.3.0/../../../../../H-x86_64-pc-linux-gnu/nios2-elf/lib/mhw-mulx/libc.a(lib_a-freer.o)
                0x000000000820aad8                _malloc_trim_r
 .text._free_r  0x000000000820abfc      0x310 /home/srdejong/intelFPGA/16.1/nios2eds/bin/gnu/H-x86_64-pc-linux-gnu/bin/../lib/gcc/nios2-elf/5.3.0/../../../../../H-x86_64-pc-linux-gnu/nios2-elf/lib/mhw-mulx/libc.a(lib_a-freer.o)
                0x000000000820abfc                _free_r
 .text          0x000000000820af0c        0x0 /home/srdejong/intelFPGA/16.1/nios2eds/bin/gnu/H-x86_64-pc-linux-gnu/bin/../lib/gcc/nios2-elf/5.3.0/../../../../../H-x86_64-pc-linux-gnu/nios2-elf/lib/mhw-mulx/libc.a(lib_a-fvwrite.o)
 .text.__sfvwrite_r
                0x000000000820af0c      0x4bc /home/srdejong/intelFPGA/16.1/nios2eds/bin/gnu/H-x86_64-pc-linux-gnu/bin/../lib/gcc/nios2-elf/5.3.0/../../../../../H-x86_64-pc-linux-gnu/nios2-elf/lib/mhw-mulx/libc.a(lib_a-fvwrite.o)
                0x000000000820af0c                __sfvwrite_r
 .text          0x000000000820b3c8        0x0 /home/srdejong/intelFPGA/16.1/nios2eds/bin/gnu/H-x86_64-pc-linux-gnu/bin/../lib/gcc/nios2-elf/5.3.0/../../../../../H-x86_64-pc-linux-gnu/nios2-elf/lib/mhw-mulx/libc.a(lib_a-fwalk.o)
 .text._fwalk   0x000000000820b3c8       0xc4 /home/srdejong/intelFPGA/16.1/nios2eds/bin/gnu/H-x86_64-pc-linux-gnu/bin/../lib/gcc/nios2-elf/5.3.0/../../../../../H-x86_64-pc-linux-gnu/nios2-elf/lib/mhw-mulx/libc.a(lib_a-fwalk.o)
                0x000000000820b3c8                _fwalk
 .text._fwalk_reent
                0x000000000820b48c       0xc4 /home/srdejong/intelFPGA/16.1/nios2eds/bin/gnu/H-x86_64-pc-linux-gnu/bin/../lib/gcc/nios2-elf/5.3.0/../../../../../H-x86_64-pc-linux-gnu/nios2-elf/lib/mhw-mulx/libc.a(lib_a-fwalk.o)
                0x000000000820b48c                _fwalk_reent
 .text          0x000000000820b550        0x0 /home/srdejong/intelFPGA/16.1/nios2eds/bin/gnu/H-x86_64-pc-linux-gnu/bin/../lib/gcc/nios2-elf/5.3.0/../../../../../H-x86_64-pc-linux-gnu/nios2-elf/lib/mhw-mulx/libc.a(lib_a-locale.o)
 .text._setlocale_r
                0x000000000820b550       0x7c /home/srdejong/intelFPGA/16.1/nios2eds/bin/gnu/H-x86_64-pc-linux-gnu/bin/../lib/gcc/nios2-elf/5.3.0/../../../../../H-x86_64-pc-linux-gnu/nios2-elf/lib/mhw-mulx/libc.a(lib_a-locale.o)
                0x000000000820b550                _setlocale_r
 .text.__locale_charset
                0x000000000820b5cc        0xc /home/srdejong/intelFPGA/16.1/nios2eds/bin/gnu/H-x86_64-pc-linux-gnu/bin/../lib/gcc/nios2-elf/5.3.0/../../../../../H-x86_64-pc-linux-gnu/nios2-elf/lib/mhw-mulx/libc.a(lib_a-locale.o)
                0x000000000820b5cc                __locale_charset
 .text.__locale_mb_cur_max
                0x000000000820b5d8       0x10 /home/srdejong/intelFPGA/16.1/nios2eds/bin/gnu/H-x86_64-pc-linux-gnu/bin/../lib/gcc/nios2-elf/5.3.0/../../../../../H-x86_64-pc-linux-gnu/nios2-elf/lib/mhw-mulx/libc.a(lib_a-locale.o)
                0x000000000820b5d8                __locale_mb_cur_max
 .text.__locale_msgcharset
                0x000000000820b5e8        0xc /home/srdejong/intelFPGA/16.1/nios2eds/bin/gnu/H-x86_64-pc-linux-gnu/bin/../lib/gcc/nios2-elf/5.3.0/../../../../../H-x86_64-pc-linux-gnu/nios2-elf/lib/mhw-mulx/libc.a(lib_a-locale.o)
                0x000000000820b5e8                __locale_msgcharset
 .text.__locale_cjk_lang
                0x000000000820b5f4        0x8 /home/srdejong/intelFPGA/16.1/nios2eds/bin/gnu/H-x86_64-pc-linux-gnu/bin/../lib/gcc/nios2-elf/5.3.0/../../../../../H-x86_64-pc-linux-gnu/nios2-elf/lib/mhw-mulx/libc.a(lib_a-locale.o)
                0x000000000820b5f4                __locale_cjk_lang
 .text._localeconv_r
                0x000000000820b5fc        0xc /home/srdejong/intelFPGA/16.1/nios2eds/bin/gnu/H-x86_64-pc-linux-gnu/bin/../lib/gcc/nios2-elf/5.3.0/../../../../../H-x86_64-pc-linux-gnu/nios2-elf/lib/mhw-mulx/libc.a(lib_a-locale.o)
                0x000000000820b5fc                _localeconv_r
 .text.setlocale
                0x000000000820b608       0x18 /home/srdejong/intelFPGA/16.1/nios2eds/bin/gnu/H-x86_64-pc-linux-gnu/bin/../lib/gcc/nios2-elf/5.3.0/../../../../../H-x86_64-pc-linux-gnu/nios2-elf/lib/mhw-mulx/libc.a(lib_a-locale.o)
                0x000000000820b608                setlocale
 .text.localeconv
                0x000000000820b620        0xc /home/srdejong/intelFPGA/16.1/nios2eds/bin/gnu/H-x86_64-pc-linux-gnu/bin/../lib/gcc/nios2-elf/5.3.0/../../../../../H-x86_64-pc-linux-gnu/nios2-elf/lib/mhw-mulx/libc.a(lib_a-locale.o)
                0x000000000820b620                localeconv
 .text          0x000000000820b62c        0x0 /home/srdejong/intelFPGA/16.1/nios2eds/bin/gnu/H-x86_64-pc-linux-gnu/bin/../lib/gcc/nios2-elf/5.3.0/../../../../../H-x86_64-pc-linux-gnu/nios2-elf/lib/mhw-mulx/libc.a(lib_a-makebuf.o)
 .text.__smakebuf_r
                0x000000000820b62c      0x1bc /home/srdejong/intelFPGA/16.1/nios2eds/bin/gnu/H-x86_64-pc-linux-gnu/bin/../lib/gcc/nios2-elf/5.3.0/../../../../../H-x86_64-pc-linux-gnu/nios2-elf/lib/mhw-mulx/libc.a(lib_a-makebuf.o)
                0x000000000820b62c                __smakebuf_r
 .text          0x000000000820b7e8        0x0 /home/srdejong/intelFPGA/16.1/nios2eds/bin/gnu/H-x86_64-pc-linux-gnu/bin/../lib/gcc/nios2-elf/5.3.0/../../../../../H-x86_64-pc-linux-gnu/nios2-elf/lib/mhw-mulx/libc.a(lib_a-mallocr.o)
 .text._malloc_r
                0x000000000820b7e8      0x80c /home/srdejong/intelFPGA/16.1/nios2eds/bin/gnu/H-x86_64-pc-linux-gnu/bin/../lib/gcc/nios2-elf/5.3.0/../../../../../H-x86_64-pc-linux-gnu/nios2-elf/lib/mhw-mulx/libc.a(lib_a-mallocr.o)
                0x000000000820b7e8                _malloc_r
 .text          0x000000000820bff4        0x0 /home/srdejong/intelFPGA/16.1/nios2eds/bin/gnu/H-x86_64-pc-linux-gnu/bin/../lib/gcc/nios2-elf/5.3.0/../../../../../H-x86_64-pc-linux-gnu/nios2-elf/lib/mhw-mulx/libc.a(lib_a-memchr.o)
 .text.memchr   0x000000000820bff4       0xe4 /home/srdejong/intelFPGA/16.1/nios2eds/bin/gnu/H-x86_64-pc-linux-gnu/bin/../lib/gcc/nios2-elf/5.3.0/../../../../../H-x86_64-pc-linux-gnu/nios2-elf/lib/mhw-mulx/libc.a(lib_a-memchr.o)
                0x000000000820bff4                memchr
 .text          0x000000000820c0d8        0x0 /home/srdejong/intelFPGA/16.1/nios2eds/bin/gnu/H-x86_64-pc-linux-gnu/bin/../lib/gcc/nios2-elf/5.3.0/../../../../../H-x86_64-pc-linux-gnu/nios2-elf/lib/mhw-mulx/libc.a(lib_a-memcmp.o)
 .text.memcmp   0x000000000820c0d8       0x7c /home/srdejong/intelFPGA/16.1/nios2eds/bin/gnu/H-x86_64-pc-linux-gnu/bin/../lib/gcc/nios2-elf/5.3.0/../../../../../H-x86_64-pc-linux-gnu/nios2-elf/lib/mhw-mulx/libc.a(lib_a-memcmp.o)
                0x000000000820c0d8                memcmp
 .text          0x000000000820c154        0x0 /home/srdejong/intelFPGA/16.1/nios2eds/bin/gnu/H-x86_64-pc-linux-gnu/bin/../lib/gcc/nios2-elf/5.3.0/../../../../../H-x86_64-pc-linux-gnu/nios2-elf/lib/mhw-mulx/libc.a(lib_a-mprec.o)
 .text._Balloc  0x000000000820c154       0xa8 /home/srdejong/intelFPGA/16.1/nios2eds/bin/gnu/H-x86_64-pc-linux-gnu/bin/../lib/gcc/nios2-elf/5.3.0/../../../../../H-x86_64-pc-linux-gnu/nios2-elf/lib/mhw-mulx/libc.a(lib_a-mprec.o)
                0x000000000820c154                _Balloc
 .text._Bfree   0x000000000820c1fc       0x28 /home/srdejong/intelFPGA/16.1/nios2eds/bin/gnu/H-x86_64-pc-linux-gnu/bin/../lib/gcc/nios2-elf/5.3.0/../../../../../H-x86_64-pc-linux-gnu/nios2-elf/lib/mhw-mulx/libc.a(lib_a-mprec.o)
                0x000000000820c1fc                _Bfree
 .text.__multadd
                0x000000000820c224      0x120 /home/srdejong/intelFPGA/16.1/nios2eds/bin/gnu/H-x86_64-pc-linux-gnu/bin/../lib/gcc/nios2-elf/5.3.0/../../../../../H-x86_64-pc-linux-gnu/nios2-elf/lib/mhw-mulx/libc.a(lib_a-mprec.o)
                0x000000000820c224                __multadd
 .text.__s2b    0x000000000820c344      0x104 /home/srdejong/intelFPGA/16.1/nios2eds/bin/gnu/H-x86_64-pc-linux-gnu/bin/../lib/gcc/nios2-elf/5.3.0/../../../../../H-x86_64-pc-linux-gnu/nios2-elf/lib/mhw-mulx/libc.a(lib_a-mprec.o)
                0x000000000820c344                __s2b
 .text.__hi0bits
                0x000000000820c448       0x68 /home/srdejong/intelFPGA/16.1/nios2eds/bin/gnu/H-x86_64-pc-linux-gnu/bin/../lib/gcc/nios2-elf/5.3.0/../../../../../H-x86_64-pc-linux-gnu/nios2-elf/lib/mhw-mulx/libc.a(lib_a-mprec.o)
                0x000000000820c448                __hi0bits
 .text.__lo0bits
                0x000000000820c4b0       0xb0 /home/srdejong/intelFPGA/16.1/nios2eds/bin/gnu/H-x86_64-pc-linux-gnu/bin/../lib/gcc/nios2-elf/5.3.0/../../../../../H-x86_64-pc-linux-gnu/nios2-elf/lib/mhw-mulx/libc.a(lib_a-mprec.o)
                0x000000000820c4b0                __lo0bits
 .text.__i2b    0x000000000820c560       0x3c /home/srdejong/intelFPGA/16.1/nios2eds/bin/gnu/H-x86_64-pc-linux-gnu/bin/../lib/gcc/nios2-elf/5.3.0/../../../../../H-x86_64-pc-linux-gnu/nios2-elf/lib/mhw-mulx/libc.a(lib_a-mprec.o)
                0x000000000820c560                __i2b
 .text.__multiply
                0x000000000820c59c      0x1f8 /home/srdejong/intelFPGA/16.1/nios2eds/bin/gnu/H-x86_64-pc-linux-gnu/bin/../lib/gcc/nios2-elf/5.3.0/../../../../../H-x86_64-pc-linux-gnu/nios2-elf/lib/mhw-mulx/libc.a(lib_a-mprec.o)
                0x000000000820c59c                __multiply
 .text.__pow5mult
                0x000000000820c794      0x140 /home/srdejong/intelFPGA/16.1/nios2eds/bin/gnu/H-x86_64-pc-linux-gnu/bin/../lib/gcc/nios2-elf/5.3.0/../../../../../H-x86_64-pc-linux-gnu/nios2-elf/lib/mhw-mulx/libc.a(lib_a-mprec.o)
                0x000000000820c794                __pow5mult
 .text.__lshift
                0x000000000820c8d4      0x148 /home/srdejong/intelFPGA/16.1/nios2eds/bin/gnu/H-x86_64-pc-linux-gnu/bin/../lib/gcc/nios2-elf/5.3.0/../../../../../H-x86_64-pc-linux-gnu/nios2-elf/lib/mhw-mulx/libc.a(lib_a-mprec.o)
                0x000000000820c8d4                __lshift
 .text.__mcmp   0x000000000820ca1c       0x60 /home/srdejong/intelFPGA/16.1/nios2eds/bin/gnu/H-x86_64-pc-linux-gnu/bin/../lib/gcc/nios2-elf/5.3.0/../../../../../H-x86_64-pc-linux-gnu/nios2-elf/lib/mhw-mulx/libc.a(lib_a-mprec.o)
                0x000000000820ca1c                __mcmp
 .text.__mdiff  0x000000000820ca7c      0x1fc /home/srdejong/intelFPGA/16.1/nios2eds/bin/gnu/H-x86_64-pc-linux-gnu/bin/../lib/gcc/nios2-elf/5.3.0/../../../../../H-x86_64-pc-linux-gnu/nios2-elf/lib/mhw-mulx/libc.a(lib_a-mprec.o)
                0x000000000820ca7c                __mdiff
 .text.__ulp    0x000000000820cc78       0x64 /home/srdejong/intelFPGA/16.1/nios2eds/bin/gnu/H-x86_64-pc-linux-gnu/bin/../lib/gcc/nios2-elf/5.3.0/../../../../../H-x86_64-pc-linux-gnu/nios2-elf/lib/mhw-mulx/libc.a(lib_a-mprec.o)
                0x000000000820cc78                __ulp
 .text.__b2d    0x000000000820ccdc      0x10c /home/srdejong/intelFPGA/16.1/nios2eds/bin/gnu/H-x86_64-pc-linux-gnu/bin/../lib/gcc/nios2-elf/5.3.0/../../../../../H-x86_64-pc-linux-gnu/nios2-elf/lib/mhw-mulx/libc.a(lib_a-mprec.o)
                0x000000000820ccdc                __b2d
 .text.__d2b    0x000000000820cde8      0x14c /home/srdejong/intelFPGA/16.1/nios2eds/bin/gnu/H-x86_64-pc-linux-gnu/bin/../lib/gcc/nios2-elf/5.3.0/../../../../../H-x86_64-pc-linux-gnu/nios2-elf/lib/mhw-mulx/libc.a(lib_a-mprec.o)
                0x000000000820cde8                __d2b
 .text.__ratio  0x000000000820cf34       0xa4 /home/srdejong/intelFPGA/16.1/nios2eds/bin/gnu/H-x86_64-pc-linux-gnu/bin/../lib/gcc/nios2-elf/5.3.0/../../../../../H-x86_64-pc-linux-gnu/nios2-elf/lib/mhw-mulx/libc.a(lib_a-mprec.o)
                0x000000000820cf34                __ratio
 .text._mprec_log10
                0x000000000820cfd8       0x74 /home/srdejong/intelFPGA/16.1/nios2eds/bin/gnu/H-x86_64-pc-linux-gnu/bin/../lib/gcc/nios2-elf/5.3.0/../../../../../H-x86_64-pc-linux-gnu/nios2-elf/lib/mhw-mulx/libc.a(lib_a-mprec.o)
                0x000000000820cfd8                _mprec_log10
 .text.__copybits
                0x000000000820d04c       0x78 /home/srdejong/intelFPGA/16.1/nios2eds/bin/gnu/H-x86_64-pc-linux-gnu/bin/../lib/gcc/nios2-elf/5.3.0/../../../../../H-x86_64-pc-linux-gnu/nios2-elf/lib/mhw-mulx/libc.a(lib_a-mprec.o)
                0x000000000820d04c                __copybits
 .text.__any_on
                0x000000000820d0c4       0x8c /home/srdejong/intelFPGA/16.1/nios2eds/bin/gnu/H-x86_64-pc-linux-gnu/bin/../lib/gcc/nios2-elf/5.3.0/../../../../../H-x86_64-pc-linux-gnu/nios2-elf/lib/mhw-mulx/libc.a(lib_a-mprec.o)
                0x000000000820d0c4                __any_on
 .text          0x000000000820d150        0x0 /home/srdejong/intelFPGA/16.1/nios2eds/bin/gnu/H-x86_64-pc-linux-gnu/bin/../lib/gcc/nios2-elf/5.3.0/../../../../../H-x86_64-pc-linux-gnu/nios2-elf/lib/mhw-mulx/libc.a(lib_a-reallocr.o)
 .text._realloc_r
                0x000000000820d150      0x564 /home/srdejong/intelFPGA/16.1/nios2eds/bin/gnu/H-x86_64-pc-linux-gnu/bin/../lib/gcc/nios2-elf/5.3.0/../../../../../H-x86_64-pc-linux-gnu/nios2-elf/lib/mhw-mulx/libc.a(lib_a-reallocr.o)
                0x000000000820d150                _realloc_r
 .text          0x000000000820d6b4        0x0 /home/srdejong/intelFPGA/16.1/nios2eds/bin/gnu/H-x86_64-pc-linux-gnu/bin/../lib/gcc/nios2-elf/5.3.0/../../../../../H-x86_64-pc-linux-gnu/nios2-elf/lib/mhw-mulx/libc.a(lib_a-refill.o)
 .text.lflush   0x000000000820d6b4       0x1c /home/srdejong/intelFPGA/16.1/nios2eds/bin/gnu/H-x86_64-pc-linux-gnu/bin/../lib/gcc/nios2-elf/5.3.0/../../../../../H-x86_64-pc-linux-gnu/nios2-elf/lib/mhw-mulx/libc.a(lib_a-refill.o)
 .text.__srefill_r
                0x000000000820d6d0      0x1d4 /home/srdejong/intelFPGA/16.1/nios2eds/bin/gnu/H-x86_64-pc-linux-gnu/bin/../lib/gcc/nios2-elf/5.3.0/../../../../../H-x86_64-pc-linux-gnu/nios2-elf/lib/mhw-mulx/libc.a(lib_a-refill.o)
                0x000000000820d6d0                __srefill_r
 .text          0x000000000820d8a4        0x0 /home/srdejong/intelFPGA/16.1/nios2eds/bin/gnu/H-x86_64-pc-linux-gnu/bin/../lib/gcc/nios2-elf/5.3.0/../../../../../H-x86_64-pc-linux-gnu/nios2-elf/lib/mhw-mulx/libc.a(lib_a-s_fpclassify.o)
 .text.__fpclassifyd
                0x000000000820d8a4       0x74 /home/srdejong/intelFPGA/16.1/nios2eds/bin/gnu/H-x86_64-pc-linux-gnu/bin/../lib/gcc/nios2-elf/5.3.0/../../../../../H-x86_64-pc-linux-gnu/nios2-elf/lib/mhw-mulx/libc.a(lib_a-s_fpclassify.o)
                0x000000000820d8a4                __fpclassifyd
 .text          0x000000000820d918        0x0 /home/srdejong/intelFPGA/16.1/nios2eds/bin/gnu/H-x86_64-pc-linux-gnu/bin/../lib/gcc/nios2-elf/5.3.0/../../../../../H-x86_64-pc-linux-gnu/nios2-elf/lib/mhw-mulx/libc.a(lib_a-sbrkr.o)
 .text._sbrk_r  0x000000000820d918       0x54 /home/srdejong/intelFPGA/16.1/nios2eds/bin/gnu/H-x86_64-pc-linux-gnu/bin/../lib/gcc/nios2-elf/5.3.0/../../../../../H-x86_64-pc-linux-gnu/nios2-elf/lib/mhw-mulx/libc.a(lib_a-sbrkr.o)
                0x000000000820d918                _sbrk_r
 .text          0x000000000820d96c        0x0 /home/srdejong/intelFPGA/16.1/nios2eds/bin/gnu/H-x86_64-pc-linux-gnu/bin/../lib/gcc/nios2-elf/5.3.0/../../../../../H-x86_64-pc-linux-gnu/nios2-elf/lib/mhw-mulx/libc.a(lib_a-stdio.o)
 .text.__sread  0x000000000820d96c       0x54 /home/srdejong/intelFPGA/16.1/nios2eds/bin/gnu/H-x86_64-pc-linux-gnu/bin/../lib/gcc/nios2-elf/5.3.0/../../../../../H-x86_64-pc-linux-gnu/nios2-elf/lib/mhw-mulx/libc.a(lib_a-stdio.o)
                0x000000000820d96c                __sread
 .text.__seofread
                0x000000000820d9c0        0x8 /home/srdejong/intelFPGA/16.1/nios2eds/bin/gnu/H-x86_64-pc-linux-gnu/bin/../lib/gcc/nios2-elf/5.3.0/../../../../../H-x86_64-pc-linux-gnu/nios2-elf/lib/mhw-mulx/libc.a(lib_a-stdio.o)
                0x000000000820d9c0                __seofread
 .text.__swrite
                0x000000000820d9c8       0x7c /home/srdejong/intelFPGA/16.1/nios2eds/bin/gnu/H-x86_64-pc-linux-gnu/bin/../lib/gcc/nios2-elf/5.3.0/../../../../../H-x86_64-pc-linux-gnu/nios2-elf/lib/mhw-mulx/libc.a(lib_a-stdio.o)
                0x000000000820d9c8                __swrite
 .text.__sseek  0x000000000820da44       0x5c /home/srdejong/intelFPGA/16.1/nios2eds/bin/gnu/H-x86_64-pc-linux-gnu/bin/../lib/gcc/nios2-elf/5.3.0/../../../../../H-x86_64-pc-linux-gnu/nios2-elf/lib/mhw-mulx/libc.a(lib_a-stdio.o)
                0x000000000820da44                __sseek
 .text.__sclose
                0x000000000820daa0        0x8 /home/srdejong/intelFPGA/16.1/nios2eds/bin/gnu/H-x86_64-pc-linux-gnu/bin/../lib/gcc/nios2-elf/5.3.0/../../../../../H-x86_64-pc-linux-gnu/nios2-elf/lib/mhw-mulx/libc.a(lib_a-stdio.o)
                0x000000000820daa0                __sclose
 .text          0x000000000820daa8        0x0 /home/srdejong/intelFPGA/16.1/nios2eds/bin/gnu/H-x86_64-pc-linux-gnu/bin/../lib/gcc/nios2-elf/5.3.0/../../../../../H-x86_64-pc-linux-gnu/nios2-elf/lib/mhw-mulx/libc.a(lib_a-strcmp.o)
 .text.strcmp   0x000000000820daa8       0xdc /home/srdejong/intelFPGA/16.1/nios2eds/bin/gnu/H-x86_64-pc-linux-gnu/bin/../lib/gcc/nios2-elf/5.3.0/../../../../../H-x86_64-pc-linux-gnu/nios2-elf/lib/mhw-mulx/libc.a(lib_a-strcmp.o)
                0x000000000820daa8                strcmp
 .text          0x000000000820db84        0x0 /home/srdejong/intelFPGA/16.1/nios2eds/bin/gnu/H-x86_64-pc-linux-gnu/bin/../lib/gcc/nios2-elf/5.3.0/../../../../../H-x86_64-pc-linux-gnu/nios2-elf/lib/mhw-mulx/libc.a(lib_a-svfiprintf.o)
 .text.__ssprint_r
                0x000000000820db84      0x1d0 /home/srdejong/intelFPGA/16.1/nios2eds/bin/gnu/H-x86_64-pc-linux-gnu/bin/../lib/gcc/nios2-elf/5.3.0/../../../../../H-x86_64-pc-linux-gnu/nios2-elf/lib/mhw-mulx/libc.a(lib_a-svfiprintf.o)
                0x000000000820db84                __ssprint_r
 .text.___svfiprintf_internal_r
                0x000000000820dd54     0x123c /home/srdejong/intelFPGA/16.1/nios2eds/bin/gnu/H-x86_64-pc-linux-gnu/bin/../lib/gcc/nios2-elf/5.3.0/../../../../../H-x86_64-pc-linux-gnu/nios2-elf/lib/mhw-mulx/libc.a(lib_a-svfiprintf.o)
                0x000000000820dd54                ___svfiprintf_internal_r
 .text          0x000000000820ef90        0x0 /home/srdejong/intelFPGA/16.1/nios2eds/bin/gnu/H-x86_64-pc-linux-gnu/bin/../lib/gcc/nios2-elf/5.3.0/../../../../../H-x86_64-pc-linux-gnu/nios2-elf/lib/mhw-mulx/libc.a(lib_a-vfiprintf.o)
 .text.__sprint_r.part.0
                0x000000000820ef90       0xfc /home/srdejong/intelFPGA/16.1/nios2eds/bin/gnu/H-x86_64-pc-linux-gnu/bin/../lib/gcc/nios2-elf/5.3.0/../../../../../H-x86_64-pc-linux-gnu/nios2-elf/lib/mhw-mulx/libc.a(lib_a-vfiprintf.o)
 .text.__sprint_r
                0x000000000820f08c       0x18 /home/srdejong/intelFPGA/16.1/nios2eds/bin/gnu/H-x86_64-pc-linux-gnu/bin/../lib/gcc/nios2-elf/5.3.0/../../../../../H-x86_64-pc-linux-gnu/nios2-elf/lib/mhw-mulx/libc.a(lib_a-vfiprintf.o)
                0x000000000820f08c                __sprint_r
 .text.___vfiprintf_internal_r
                0x000000000820f0a4     0x145c /home/srdejong/intelFPGA/16.1/nios2eds/bin/gnu/H-x86_64-pc-linux-gnu/bin/../lib/gcc/nios2-elf/5.3.0/../../../../../H-x86_64-pc-linux-gnu/nios2-elf/lib/mhw-mulx/libc.a(lib_a-vfiprintf.o)
                0x000000000820f0a4                ___vfiprintf_internal_r
 .text.__vfiprintf_internal
                0x0000000008210500       0x1c /home/srdejong/intelFPGA/16.1/nios2eds/bin/gnu/H-x86_64-pc-linux-gnu/bin/../lib/gcc/nios2-elf/5.3.0/../../../../../H-x86_64-pc-linux-gnu/nios2-elf/lib/mhw-mulx/libc.a(lib_a-vfiprintf.o)
                0x0000000008210500                __vfiprintf_internal
 .text.__sbprintf
                0x000000000821051c       0xbc /home/srdejong/intelFPGA/16.1/nios2eds/bin/gnu/H-x86_64-pc-linux-gnu/bin/../lib/gcc/nios2-elf/5.3.0/../../../../../H-x86_64-pc-linux-gnu/nios2-elf/lib/mhw-mulx/libc.a(lib_a-vfiprintf.o)
 .text          0x00000000082105d8        0x0 /home/srdejong/intelFPGA/16.1/nios2eds/bin/gnu/H-x86_64-pc-linux-gnu/bin/../lib/gcc/nios2-elf/5.3.0/../../../../../H-x86_64-pc-linux-gnu/nios2-elf/lib/mhw-mulx/libc.a(lib_a-writer.o)
 .text._write_r
                0x00000000082105d8       0x60 /home/srdejong/intelFPGA/16.1/nios2eds/bin/gnu/H-x86_64-pc-linux-gnu/bin/../lib/gcc/nios2-elf/5.3.0/../../../../../H-x86_64-pc-linux-gnu/nios2-elf/lib/mhw-mulx/libc.a(lib_a-writer.o)
                0x00000000082105d8                _write_r
 .text          0x0000000008210638        0x0 /home/srdejong/intelFPGA/16.1/nios2eds/bin/gnu/H-x86_64-pc-linux-gnu/bin/../lib/gcc/nios2-elf/5.3.0/../../../../../H-x86_64-pc-linux-gnu/nios2-elf/lib/mhw-mulx/libc.a(closer.o)
 .text._close_r
                0x0000000008210638       0x54 /home/srdejong/intelFPGA/16.1/nios2eds/bin/gnu/H-x86_64-pc-linux-gnu/bin/../lib/gcc/nios2-elf/5.3.0/../../../../../H-x86_64-pc-linux-gnu/nios2-elf/lib/mhw-mulx/libc.a(closer.o)
                0x0000000008210638                _close_r
 .text          0x000000000821068c        0x0 /home/srdejong/intelFPGA/16.1/nios2eds/bin/gnu/H-x86_64-pc-linux-gnu/bin/../lib/gcc/nios2-elf/5.3.0/../../../../../H-x86_64-pc-linux-gnu/nios2-elf/lib/mhw-mulx/libc.a(lib_a-callocr.o)
 .text._calloc_r
                0x000000000821068c       0xc4 /home/srdejong/intelFPGA/16.1/nios2eds/bin/gnu/H-x86_64-pc-linux-gnu/bin/../lib/gcc/nios2-elf/5.3.0/../../../../../H-x86_64-pc-linux-gnu/nios2-elf/lib/mhw-mulx/libc.a(lib_a-callocr.o)
                0x000000000821068c                _calloc_r
 .text          0x0000000008210750        0x0 /home/srdejong/intelFPGA/16.1/nios2eds/bin/gnu/H-x86_64-pc-linux-gnu/bin/../lib/gcc/nios2-elf/5.3.0/../../../../../H-x86_64-pc-linux-gnu/nios2-elf/lib/mhw-mulx/libc.a(lib_a-fclose.o)
 .text._fclose_r
                0x0000000008210750       0xf0 /home/srdejong/intelFPGA/16.1/nios2eds/bin/gnu/H-x86_64-pc-linux-gnu/bin/../lib/gcc/nios2-elf/5.3.0/../../../../../H-x86_64-pc-linux-gnu/nios2-elf/lib/mhw-mulx/libc.a(lib_a-fclose.o)
                0x0000000008210750                _fclose_r
 .text.fclose   0x0000000008210840       0x14 /home/srdejong/intelFPGA/16.1/nios2eds/bin/gnu/H-x86_64-pc-linux-gnu/bin/../lib/gcc/nios2-elf/5.3.0/../../../../../H-x86_64-pc-linux-gnu/nios2-elf/lib/mhw-mulx/libc.a(lib_a-fclose.o)
                0x0000000008210840                fclose
 .text          0x0000000008210854        0x0 /home/srdejong/intelFPGA/16.1/nios2eds/bin/gnu/H-x86_64-pc-linux-gnu/bin/../lib/gcc/nios2-elf/5.3.0/../../../../../H-x86_64-pc-linux-gnu/nios2-elf/lib/mhw-mulx/libc.a(lib_a-fputwc.o)
 .text.__fputwc
                0x0000000008210854      0x164 /home/srdejong/intelFPGA/16.1/nios2eds/bin/gnu/H-x86_64-pc-linux-gnu/bin/../lib/gcc/nios2-elf/5.3.0/../../../../../H-x86_64-pc-linux-gnu/nios2-elf/lib/mhw-mulx/libc.a(lib_a-fputwc.o)
                0x0000000008210854                __fputwc
 .text._fputwc_r
                0x00000000082109b8       0x24 /home/srdejong/intelFPGA/16.1/nios2eds/bin/gnu/H-x86_64-pc-linux-gnu/bin/../lib/gcc/nios2-elf/5.3.0/../../../../../H-x86_64-pc-linux-gnu/nios2-elf/lib/mhw-mulx/libc.a(lib_a-fputwc.o)
                0x00000000082109b8                _fputwc_r
 .text.fputwc   0x00000000082109dc       0x80 /home/srdejong/intelFPGA/16.1/nios2eds/bin/gnu/H-x86_64-pc-linux-gnu/bin/../lib/gcc/nios2-elf/5.3.0/../../../../../H-x86_64-pc-linux-gnu/nios2-elf/lib/mhw-mulx/libc.a(lib_a-fputwc.o)
                0x00000000082109dc                fputwc
 .text          0x0000000008210a5c        0x0 /home/srdejong/intelFPGA/16.1/nios2eds/bin/gnu/H-x86_64-pc-linux-gnu/bin/../lib/gcc/nios2-elf/5.3.0/../../../../../H-x86_64-pc-linux-gnu/nios2-elf/lib/mhw-mulx/libc.a(lib_a-fstatr.o)
 .text._fstat_r
                0x0000000008210a5c       0x5c /home/srdejong/intelFPGA/16.1/nios2eds/bin/gnu/H-x86_64-pc-linux-gnu/bin/../lib/gcc/nios2-elf/5.3.0/../../../../../H-x86_64-pc-linux-gnu/nios2-elf/lib/mhw-mulx/libc.a(lib_a-fstatr.o)
                0x0000000008210a5c                _fstat_r
 .text          0x0000000008210ab8        0x0 /home/srdejong/intelFPGA/16.1/nios2eds/bin/gnu/H-x86_64-pc-linux-gnu/bin/../lib/gcc/nios2-elf/5.3.0/../../../../../H-x86_64-pc-linux-gnu/nios2-elf/lib/mhw-mulx/libc.a(lib_a-int_errno.o)
 .text          0x0000000008210ab8        0x0 /home/srdejong/intelFPGA/16.1/nios2eds/bin/gnu/H-x86_64-pc-linux-gnu/bin/../lib/gcc/nios2-elf/5.3.0/../../../../../H-x86_64-pc-linux-gnu/nios2-elf/lib/mhw-mulx/libc.a(lib_a-isattyr.o)
 .text._isatty_r
                0x0000000008210ab8       0x54 /home/srdejong/intelFPGA/16.1/nios2eds/bin/gnu/H-x86_64-pc-linux-gnu/bin/../lib/gcc/nios2-elf/5.3.0/../../../../../H-x86_64-pc-linux-gnu/nios2-elf/lib/mhw-mulx/libc.a(lib_a-isattyr.o)
                0x0000000008210ab8                _isatty_r
 .text          0x0000000008210b0c        0x0 /home/srdejong/intelFPGA/16.1/nios2eds/bin/gnu/H-x86_64-pc-linux-gnu/bin/../lib/gcc/nios2-elf/5.3.0/../../../../../H-x86_64-pc-linux-gnu/nios2-elf/lib/mhw-mulx/libc.a(lib_a-lseekr.o)
 .text._lseek_r
                0x0000000008210b0c       0x60 /home/srdejong/intelFPGA/16.1/nios2eds/bin/gnu/H-x86_64-pc-linux-gnu/bin/../lib/gcc/nios2-elf/5.3.0/../../../../../H-x86_64-pc-linux-gnu/nios2-elf/lib/mhw-mulx/libc.a(lib_a-lseekr.o)
                0x0000000008210b0c                _lseek_r
 .text          0x0000000008210b6c        0x0 /home/srdejong/intelFPGA/16.1/nios2eds/bin/gnu/H-x86_64-pc-linux-gnu/bin/../lib/gcc/nios2-elf/5.3.0/../../../../../H-x86_64-pc-linux-gnu/nios2-elf/lib/mhw-mulx/libc.a(lib_a-readr.o)
 .text._read_r  0x0000000008210b6c       0x60 /home/srdejong/intelFPGA/16.1/nios2eds/bin/gnu/H-x86_64-pc-linux-gnu/bin/../lib/gcc/nios2-elf/5.3.0/../../../../../H-x86_64-pc-linux-gnu/nios2-elf/lib/mhw-mulx/libc.a(lib_a-readr.o)
                0x0000000008210b6c                _read_r
 .text          0x0000000008210bcc        0x0 /home/srdejong/intelFPGA/16.1/nios2eds/bin/gnu/H-x86_64-pc-linux-gnu/bin/../lib/gcc/nios2-elf/5.3.0/../../../../../H-x86_64-pc-linux-gnu/nios2-elf/lib/mhw-mulx/libc.a(lib_a-wcrtomb.o)
 .text._wcrtomb_r
                0x0000000008210bcc       0x9c /home/srdejong/intelFPGA/16.1/nios2eds/bin/gnu/H-x86_64-pc-linux-gnu/bin/../lib/gcc/nios2-elf/5.3.0/../../../../../H-x86_64-pc-linux-gnu/nios2-elf/lib/mhw-mulx/libc.a(lib_a-wcrtomb.o)
                0x0000000008210bcc                _wcrtomb_r
 .text.wcrtomb  0x0000000008210c68       0xc0 /home/srdejong/intelFPGA/16.1/nios2eds/bin/gnu/H-x86_64-pc-linux-gnu/bin/../lib/gcc/nios2-elf/5.3.0/../../../../../H-x86_64-pc-linux-gnu/nios2-elf/lib/mhw-mulx/libc.a(lib_a-wcrtomb.o)
                0x0000000008210c68                wcrtomb
 .text          0x0000000008210d28        0x0 /home/srdejong/intelFPGA/16.1/nios2eds/bin/gnu/H-x86_64-pc-linux-gnu/bin/../lib/gcc/nios2-elf/5.3.0/../../../../../H-x86_64-pc-linux-gnu/nios2-elf/lib/mhw-mulx/libc.a(lib_a-wctomb_r.o)
 .text.__ascii_wctomb
                0x0000000008210d28       0x30 /home/srdejong/intelFPGA/16.1/nios2eds/bin/gnu/H-x86_64-pc-linux-gnu/bin/../lib/gcc/nios2-elf/5.3.0/../../../../../H-x86_64-pc-linux-gnu/nios2-elf/lib/mhw-mulx/libc.a(lib_a-wctomb_r.o)
                0x0000000008210d28                __ascii_wctomb
 .text._wctomb_r
                0x0000000008210d58       0x5c /home/srdejong/intelFPGA/16.1/nios2eds/bin/gnu/H-x86_64-pc-linux-gnu/bin/../lib/gcc/nios2-elf/5.3.0/../../../../../H-x86_64-pc-linux-gnu/nios2-elf/lib/mhw-mulx/libc.a(lib_a-wctomb_r.o)
                0x0000000008210d58                _wctomb_r
 .text          0x0000000008210db4      0x578 /home/srdejong/intelFPGA/16.1/nios2eds/bin/gnu/H-x86_64-pc-linux-gnu/bin/../lib/gcc/nios2-elf/5.3.0/mhw-mulx/libgcc.a(_udivdi3.o)
                0x0000000008210db4                __udivdi3
 .text          0x000000000821132c      0x538 /home/srdejong/intelFPGA/16.1/nios2eds/bin/gnu/H-x86_64-pc-linux-gnu/bin/../lib/gcc/nios2-elf/5.3.0/mhw-mulx/libgcc.a(_umoddi3.o)
                0x000000000821132c                __umoddi3
 .text          0x0000000008211864      0x8ac /home/srdejong/intelFPGA/16.1/nios2eds/bin/gnu/H-x86_64-pc-linux-gnu/bin/../lib/gcc/nios2-elf/5.3.0/mhw-mulx/libgcc.a(adddf3.o)
                0x0000000008211864                __adddf3
 .text          0x0000000008212110      0x8e8 /home/srdejong/intelFPGA/16.1/nios2eds/bin/gnu/H-x86_64-pc-linux-gnu/bin/../lib/gcc/nios2-elf/5.3.0/mhw-mulx/libgcc.a(divdf3.o)
                0x0000000008212110                __divdf3
 .text          0x00000000082129f8       0x88 /home/srdejong/intelFPGA/16.1/nios2eds/bin/gnu/H-x86_64-pc-linux-gnu/bin/../lib/gcc/nios2-elf/5.3.0/mhw-mulx/libgcc.a(eqdf2.o)
                0x00000000082129f8                __eqdf2
                0x00000000082129f8                __nedf2
 .text          0x0000000008212a80       0xdc /home/srdejong/intelFPGA/16.1/nios2eds/bin/gnu/H-x86_64-pc-linux-gnu/bin/../lib/gcc/nios2-elf/5.3.0/mhw-mulx/libgcc.a(gedf2.o)
                0x0000000008212a80                __gtdf2
                0x0000000008212a80                __gedf2
 .text          0x0000000008212b5c       0xf4 /home/srdejong/intelFPGA/16.1/nios2eds/bin/gnu/H-x86_64-pc-linux-gnu/bin/../lib/gcc/nios2-elf/5.3.0/mhw-mulx/libgcc.a(ledf2.o)
                0x0000000008212b5c                __ltdf2
                0x0000000008212b5c                __ledf2
 .text          0x0000000008212c50      0x718 /home/srdejong/intelFPGA/16.1/nios2eds/bin/gnu/H-x86_64-pc-linux-gnu/bin/../lib/gcc/nios2-elf/5.3.0/mhw-mulx/libgcc.a(muldf3.o)
                0x0000000008212c50                __muldf3
 .text          0x0000000008213368      0x8fc /home/srdejong/intelFPGA/16.1/nios2eds/bin/gnu/H-x86_64-pc-linux-gnu/bin/../lib/gcc/nios2-elf/5.3.0/mhw-mulx/libgcc.a(subdf3.o)
                0x0000000008213368                __subdf3
 .text          0x0000000008213c64       0x80 /home/srdejong/intelFPGA/16.1/nios2eds/bin/gnu/H-x86_64-pc-linux-gnu/bin/../lib/gcc/nios2-elf/5.3.0/mhw-mulx/libgcc.a(fixdfsi.o)
                0x0000000008213c64                __fixdfsi
 .text          0x0000000008213ce4       0xdc /home/srdejong/intelFPGA/16.1/nios2eds/bin/gnu/H-x86_64-pc-linux-gnu/bin/../lib/gcc/nios2-elf/5.3.0/mhw-mulx/libgcc.a(floatsidf.o)
                0x0000000008213ce4                __floatsidf
 .text          0x0000000008213dc0       0xa8 /home/srdejong/intelFPGA/16.1/nios2eds/bin/gnu/H-x86_64-pc-linux-gnu/bin/../lib/gcc/nios2-elf/5.3.0/mhw-mulx/libgcc.a(floatunsidf.o)
                0x0000000008213dc0                __floatunsidf
 .text          0x0000000008213e68        0x0 /home/srdejong/intelFPGA/16.1/nios2eds/bin/gnu/H-x86_64-pc-linux-gnu/bin/../lib/gcc/nios2-elf/5.3.0/mhw-mulx/libgcc.a(_clz.o)
 .text          0x0000000008213e68       0x64 /home/srdejong/intelFPGA/16.1/nios2eds/bin/gnu/H-x86_64-pc-linux-gnu/bin/../lib/gcc/nios2-elf/5.3.0/mhw-mulx/libgcc.a(_clzsi2.o)
                0x0000000008213e68                __clzsi2
 .text          0x0000000008213ecc       0xbc ../Simple_Socket_BUP_bsp//libucosii_bsp.a(alt_flash_dev.o)
                0x0000000008213ecc                alt_flash_open_dev
                0x0000000008213f34                alt_flash_close_dev
 .text          0x0000000008213f88       0xec ../Simple_Socket_BUP_bsp//libucosii_bsp.a(alt_fstat.o)
                0x0000000008213fc4                fstat
 .text          0x0000000008214074       0xe0 ../Simple_Socket_BUP_bsp//libucosii_bsp.a(alt_isatty.o)
                0x00000000082140b0                isatty
 .text          0x0000000008214154      0x110 ../Simple_Socket_BUP_bsp//libucosii_bsp.a(alt_lseek.o)
                0x0000000008214190                lseek
 .text          0x0000000008214264       0xbc ../Simple_Socket_BUP_bsp//libucosii_bsp.a(alt_main.o)
                0x0000000008214264                alt_main
 .text          0x0000000008214320       0xb0 ../Simple_Socket_BUP_bsp//libucosii_bsp.a(alt_sbrk.o)
                0x0000000008214320                sbrk
 .text          0x00000000082143d0      0x138 ../Simple_Socket_BUP_bsp//libucosii_bsp.a(alt_usleep.o)
                0x00000000082143d0                usleep
 .text          0x0000000008214508      0x124 ../Simple_Socket_BUP_bsp//libucosii_bsp.a(alt_env_lock.o)
                0x0000000008214508                __env_lock
                0x00000000082145cc                __env_unlock
 .text          0x000000000821462c      0x1ec ../Simple_Socket_BUP_bsp//libucosii_bsp.a(alt_malloc_lock.o)
                0x000000000821462c                __malloc_lock
                0x000000000821474c                __malloc_unlock
 .text          0x0000000008214818     0x202c ../Simple_Socket_BUP_bsp//libucosii_bsp.a(os_core.o)
                0x0000000008214818                OSEventNameGet
                0x0000000008214938                OSEventNameSet
                0x0000000008214a78                OSEventPendMulti
                0x0000000008215088                OSInit
                0x00000000082150e0                OSIntEnter
                0x000000000821512c                OSIntExit
                0x0000000008215224                OSSchedLock
                0x00000000082152b0                OSSchedUnlock
                0x000000000821538c                OSStart
                0x00000000082153fc                OSStatInit
                0x00000000082154ac                OSTimeTick
                0x00000000082156cc                OSVersion
                0x00000000082156ec                OS_Dummy
                0x000000000821570c                OS_EventTaskRdy
                0x00000000082158a4                OS_EventTaskWait
                0x00000000082159b4                OS_EventTaskWaitMulti
                0x0000000008215b04                OS_EventTaskRemove
                0x0000000008215bbc                OS_EventTaskRemoveMulti
                0x0000000008215cbc                OS_EventWaitListInit
                0x000000000821609c                OS_MemClr
                0x00000000082160f0                OS_MemCopy
                0x0000000008216158                OS_Sched
                0x000000000821629c                OS_StrCopy
                0x0000000008216310                OS_StrLen
                0x0000000008216364                OS_TaskIdle
                0x00000000082163c0                OS_TaskStat
                0x00000000082164a4                OS_TaskStatStkChk
                0x0000000008216570                OS_TCBInit
 .text          0x0000000008216844      0x190 ../Simple_Socket_BUP_bsp//libucosii_bsp.a(os_dbg.o)
                0x0000000008216844                OSDebugInit
 .text          0x00000000082169d4     0x1714 ../Simple_Socket_BUP_bsp//libucosii_bsp.a(os_flag.o)
                0x00000000082169d4                OSFlagAccept
                0x0000000008216cdc                OSFlagCreate
                0x0000000008216de4                OSFlagDel
                0x000000000821702c                OSFlagNameGet
                0x0000000008217154                OSFlagNameSet
                0x00000000082172a0                OSFlagPend
                0x0000000008217858                OSFlagPendGetFlagsRdy
                0x00000000082178b8                OSFlagPost
                0x0000000008217c4c                OSFlagQuery
                0x0000000008217e70                OS_FlagInit
                0x0000000008218044                OS_FlagUnlink
 .text          0x00000000082180e8      0x754 ../Simple_Socket_BUP_bsp//libucosii_bsp.a(os_mem.o)
                0x00000000082180e8                OSMemCreate
                0x00000000082182bc                OSMemGet
                0x00000000082183ac                OSMemNameGet
                0x000000000821849c                OSMemNameSet
                0x00000000082185b0                OSMemPut
                0x0000000008218688                OSMemQuery
                0x0000000008218770                OS_MemInit
 .text          0x000000000821883c     0x1104 ../Simple_Socket_BUP_bsp//libucosii_bsp.a(os_q.o)
                0x000000000821883c                OSQAccept
                0x000000000821897c                OSQCreate
                0x0000000008218b28                OSQDel
                0x0000000008218da8                OSQFlush
                0x0000000008218e60                OSQPend
                0x00000000082190ec                OSQPendAbort
                0x0000000008219258                OSQPost
                0x00000000082193c0                OSQPostFront
                0x0000000008219530                OSQPostOpt
                0x000000000821973c                OSQQuery
                0x0000000008219898                OS_QInit
 .text          0x0000000008219940      0xa60 ../Simple_Socket_BUP_bsp//libucosii_bsp.a(os_sem.o)
                0x0000000008219940                OSSemAccept
                0x00000000082199f0                OSSemCreate
                0x0000000008219ac8                OSSemDel
                0x0000000008219d08                OSSemPend
                0x0000000008219f14                OSSemPendAbort
                0x000000000821a080                OSSemPost
                0x000000000821a190                OSSemQuery
                0x000000000821a2a0                OSSemSet
 .text          0x000000000821a3a0     0x176c ../Simple_Socket_BUP_bsp//libucosii_bsp.a(os_task.o)
                0x000000000821a3a0                OSTaskChangePrio
                0x000000000821a890                OSTaskCreate
                0x000000000821aa3c                OSTaskCreateExt
                0x000000000821ac20                OSTaskDel
                0x000000000821af64                OSTaskDelReq
                0x000000000821b0b4                OSTaskNameGet
                0x000000000821b24c                OSTaskNameSet
                0x000000000821b400                OSTaskResume
                0x000000000821b5d4                OSTaskStkChk
                0x000000000821b794                OSTaskSuspend
                0x000000000821b978                OSTaskQuery
                0x000000000821ba9c                OS_TaskStkClr
 .text          0x000000000821bb0c      0x4f4 ../Simple_Socket_BUP_bsp//libucosii_bsp.a(os_time.o)
                0x000000000821bb0c                OSTimeDly
                0x000000000821bc10                OSTimeDlyHMSM
                0x000000000821bd70                OSTimeDlyResume
                0x000000000821bf44                OSTimeGet
                0x000000000821bfa0                OSTimeSet
 .text          0x000000000821c000      0x2a4 ../Simple_Socket_BUP_bsp//libucosii_bsp.a(alt_sys_init.o)
                0x000000000821c034                alt_irq_init
                0x000000000821c06c                alt_sys_init
 .text          0x000000000821c2a4      0x164 ../Simple_Socket_BUP_bsp//libucosii_bsp.a(altera_avalon_jtag_uart_fd.o)
                0x000000000821c2a4                altera_avalon_jtag_uart_read_fd
                0x000000000821c304                altera_avalon_jtag_uart_write_fd
                0x000000000821c364                altera_avalon_jtag_uart_close_fd
                0x000000000821c3b4                altera_avalon_jtag_uart_ioctl_fd
 .text          0x000000000821c408      0x558 ../Simple_Socket_BUP_bsp//libucosii_bsp.a(altera_avalon_jtag_uart_init.o)
                0x000000000821c408                altera_avalon_jtag_uart_init
                0x000000000821c8f8                altera_avalon_jtag_uart_close
 .text          0x000000000821c960       0xf0 ../Simple_Socket_BUP_bsp//libucosii_bsp.a(altera_avalon_jtag_uart_ioctl.o)
                0x000000000821c960                altera_avalon_jtag_uart_ioctl
 .text          0x000000000821ca50      0x2bc ../Simple_Socket_BUP_bsp//libucosii_bsp.a(altera_avalon_jtag_uart_read.o)
                0x000000000821ca50                altera_avalon_jtag_uart_read
 .text          0x000000000821cd0c      0x2c4 ../Simple_Socket_BUP_bsp//libucosii_bsp.a(altera_avalon_jtag_uart_write.o)
                0x000000000821cd0c                altera_avalon_jtag_uart_write
 .text          0x000000000821cfd0      0xf00 ../Simple_Socket_BUP_bsp//libucosii_bsp.a(altera_avalon_lcd_16207.o)
                0x000000000821d794                altera_avalon_lcd_16207_write
                0x000000000821dd50                altera_avalon_lcd_16207_init
 .text          0x000000000821ded0       0x60 ../Simple_Socket_BUP_bsp//libucosii_bsp.a(altera_avalon_lcd_16207_fd.o)
                0x000000000821ded0                altera_avalon_lcd_16207_write_fd
 .text          0x000000000821df30      0xd94 ../Simple_Socket_BUP_bsp//libucosii_bsp.a(altera_avalon_sgdma.o)
                0x000000000821df6c                alt_avalon_sgdma_do_async_transfer
                0x000000000821e090                alt_avalon_sgdma_do_sync_transfer
                0x000000000821e1a0                alt_avalon_sgdma_construct_mem_to_mem_desc
                0x000000000821e214                alt_avalon_sgdma_construct_mem_to_mem_desc_burst
                0x000000000821e298                alt_avalon_sgdma_construct_stream_to_mem_desc
                0x000000000821e2f8                alt_avalon_sgdma_construct_stream_to_mem_desc_burst
                0x000000000821e370                alt_avalon_sgdma_construct_mem_to_stream_desc
                0x000000000821e3f0                alt_avalon_sgdma_construct_mem_to_stream_desc_burst
                0x000000000821e47c                alt_avalon_sgdma_register_callback
                0x000000000821e4d0                alt_avalon_sgdma_start
                0x000000000821e528                alt_avalon_sgdma_stop
                0x000000000821e584                alt_avalon_sgdma_check_descriptor_status
                0x000000000821e5e8                alt_avalon_sgdma_open
                0x000000000821e63c                alt_avalon_sgdma_construct_descriptor
                0x000000000821e6c8                alt_avalon_sgdma_enable_desc_poll
                0x000000000821e748                alt_avalon_sgdma_disable_desc_poll
                0x000000000821e7a8                alt_avalon_sgdma_construct_descriptor_burst
                0x000000000821ec1c                alt_avalon_sgdma_init
 .text          0x000000000821ecc4       0xf4 ../Simple_Socket_BUP_bsp//libucosii_bsp.a(altera_avalon_timer_sc.o)
                0x000000000821ed3c                alt_avalon_timer_sc_init
 .text          0x000000000821edb8     0x4ff0 ../Simple_Socket_BUP_bsp//libucosii_bsp.a(altera_avalon_tse.o)
                0x000000000821edb8                no_printf
                0x000000000821ede8                tse_mac_initTransInfo2
                0x000000000821ee48                tse_mac_sTxWrite
                0x000000000821ef2c                tse_mac_aRxRead
                0x000000000821efd4                tse_mac_SwReset
                0x000000000821f05c                tse_mac_setMIImode
                0x000000000821f0b0                tse_mac_setGMIImode
                0x000000000821f100                alt_tse_phy_add_profile
                0x000000000821f2e4                alt_tse_system_add_sys
                0x000000000821fce0                alt_tse_sys_enable_mdio_sharing
                0x000000000821fe48                alt_tse_mac_get_common_speed
                0x000000000821fe88                alt_tse_mac_set_common_speed
                0x000000000821fed0                alt_tse_get_system_index
                0x000000000821ff3c                alt_tse_get_mac_group_index
                0x000000000821ffb0                alt_tse_get_mac_info_index
                0x0000000008220030                alt_tse_get_mac_info
                0x0000000008220108                alt_tse_mac_set_speed
                0x00000000082201e8                alt_tse_mac_set_duplex
                0x0000000008220274                getPHYSpeed
                0x0000000008220cfc                alt_tse_phy_rd_mdio_addr
                0x0000000008220d44                alt_tse_phy_wr_mdio_addr
                0x0000000008220d9c                alt_tse_phy_wr_mdio_reg
                0x0000000008220ec4                alt_tse_phy_rd_mdio_reg
                0x0000000008220f90                alt_tse_phy_add_profile_default
                0x000000000822122c                alt_tse_phy_print_profile
                0x000000000822143c                alt_tse_mac_group_init
                0x0000000008221ae0                alt_tse_mac_get_phy
                0x0000000008221f04                alt_tse_mac_associate_phy
                0x000000000822214c                alt_tse_phy_cfg_pcs
                0x0000000008222274                alt_tse_phy_init
                0x000000000822238c                alt_tse_phy_restart_an
                0x0000000008222548                alt_tse_phy_check_link
                0x00000000082226a8                alt_tse_phy_get_cap
                0x0000000008222c40                alt_tse_phy_set_adv_1000
                0x0000000008222e04                alt_tse_phy_set_adv_100
                0x0000000008223058                alt_tse_phy_set_adv_10
                0x0000000008223200                alt_tse_phy_get_common_speed
                0x0000000008223528                alt_tse_phy_set_common_speed
                0x00000000082239e0                marvell_phy_cfg
                0x0000000008223a78                marvell_cfg_gmii
                0x0000000008223b5c                marvell_cfg_sgmii
                0x0000000008223c40                marvell_cfg_rgmii
                0x0000000008223d30                DP83848C_link_status_read
 .text          0x0000000008223da8     0x16c4 ../Simple_Socket_BUP_bsp//libucosii_bsp.a(ins_tse_mac.o)
                0x0000000008223da8                altera_eth_tse_init
                0x0000000008223ee0                prep_tse_mac
                0x0000000008224138                tse_mac_init
                0x0000000008224b98                tse_mac_raw_send
                0x0000000008224e90                tse_sgdmaRx_isr
                0x0000000008224f3c                tse_sgdma_read_init
                0x00000000082250e8                tse_mac_rcv
                0x0000000008225328                tse_mac_stats
                0x0000000008225368                tse_mac_close
 .text          0x000000000822546c       0x48 ../Simple_Socket_BUP_bsp//libucosii_bsp.a(alt_iniche_close.o)
                0x000000000822546c                close
 .text          0x00000000082254b4      0x148 ../Simple_Socket_BUP_bsp//libucosii_bsp.a(alt_iniche_dev.o)
                0x00000000082254b4                iniche_devices_init
 .text          0x00000000082255fc       0x70 ../Simple_Socket_BUP_bsp//libucosii_bsp.a(alt_iniche_read.o)
                0x00000000082255fc                read
 .text          0x000000000822566c       0x68 ../Simple_Socket_BUP_bsp//libucosii_bsp.a(alt_iniche_write.o)
                0x000000000822566c                write
 .text          0x00000000082256d4      0xde4 ../Simple_Socket_BUP_bsp//libucosii_bsp.a(ipnet.o)
                0x00000000082256d4                Netinit
                0x0000000008225cbc                fixup_subnet_mask
                0x0000000008225e14                netclose
                0x0000000008225ef8                pktdemux
                0x000000000822629c                c_older
                0x000000000822632c                ip2mac
 .text          0x00000000082264b8      0x468 ../Simple_Socket_BUP_bsp//libucosii_bsp.a(ipstart.o)
                0x00000000082264b8                ip_startup
                0x000000000822675c                exit_hook
                0x00000000082267cc                ip_exit
                0x000000000822689c                if_netnumber
 .text          0x0000000008226920      0xf9c ../Simple_Socket_BUP_bsp//libucosii_bsp.a(igmp_cmn.o)
                0x0000000008226920                igmp_init
                0x00000000082269c4                igmp_input
                0x0000000008226aa4                igmp_fasttimo
                0x0000000008226c18                igmp_send
                0x0000000008226eb4                igmp_joingroup
                0x0000000008227108                igmp_leavegroup
                0x0000000008227188                igmp_validate
                0x00000000082274a0                igmp_print_stats
 .text          0x00000000082278bc      0xa88 ../Simple_Socket_BUP_bsp//libucosii_bsp.a(bsdsock.o)
                0x00000000082278bc                bsd_accept
                0x00000000082279e0                bsd_getpeername
                0x0000000008227b04                bsd_getsockname
                0x0000000008227c28                bsd_i_sockoptlen
                0x0000000008227d64                bsd_getsockopt
                0x0000000008227e70                bsd_ioctl
                0x0000000008227f64                bsd_inet_ntoa
                0x0000000008227f98                bsd_recvfrom
                0x00000000082280e0                bsd_select
                0x0000000008228264                bsd_setsockopt
 .text          0x0000000008228344       0xf8 ../Simple_Socket_BUP_bsp//libucosii_bsp.a(cksum.o)
                0x0000000008228344                ccksum
                0x00000000082283e8                cksum
 .text          0x000000000822843c      0xae8 ../Simple_Socket_BUP_bsp//libucosii_bsp.a(in_utils.o)
                0x000000000822843c                do_trap
                0x0000000008228468                nextarg
                0x00000000082284e4                hexdump
                0x0000000008228628                print_ipad
                0x00000000082286a4                print_uptime
                0x000000000822887c                panic
                0x00000000082288c4                print_eth
                0x0000000008228a18                uslash
                0x0000000008228a94                ns_printf
                0x0000000008228c04                std_out
                0x0000000008228c48                con_page
                0x0000000008228d20                parse_args
 .text          0x0000000008228f24      0x1a0 ../Simple_Socket_BUP_bsp//libucosii_bsp.a(netmain.o)
                0x0000000008228f24                netmain
                0x0000000008229004                tk_netmain
                0x000000000822907c                tk_nettick
 .text          0x00000000082290c4      0x5b4 ../Simple_Socket_BUP_bsp//libucosii_bsp.a(tk_crnos.o)
                0x00000000082290c4                TK_OSTimeDly
                0x00000000082290f4                TK_OSTaskResume
                0x0000000008229168                tcp_sleep
                0x00000000082292dc                tcp_wakeup
                0x00000000082293d4                TK_OSTaskQuery
                0x0000000008229440                tk_yield
                0x0000000008229470                tk_stats
 .text          0x0000000008229678     0x2c4c ../Simple_Socket_BUP_bsp//libucosii_bsp.a(dhcpclnt.o)
                0x0000000008229678                dhc_get_srv_ipaddr
                0x0000000008229700                dhc_init
                0x00000000082297b0                dhc_set_callback
                0x00000000082297f8                dhc_upcall
                0x0000000008229fa8                dhc_buildheader
                0x000000000822a18c                dhc_discover
                0x000000000822a658                dhc_rx_offer
                0x000000000822a73c                dhc_request
                0x000000000822b1c0                dhc_setip
                0x000000000822b43c                dhc_resetip
                0x000000000822b520                dhc_decline
                0x000000000822b6d4                dhc_extract_opts
                0x000000000822b944                dhc_second
                0x000000000822be94                dhc_halt
                0x000000000822bf14                dhc_reclaim
                0x000000000822c0cc                dhc_state_init
                0x000000000822c124                dhc_alldone
                0x000000000822c1ac                dhc_ifacedone
                0x000000000822c214                dhc_set_state
 .text          0x000000000822c2c4       0xc0 ../Simple_Socket_BUP_bsp//libucosii_bsp.a(dhcputil.o)
                0x000000000822c2c4                find_opt
 .text          0x000000000822c384      0x774 ../Simple_Socket_BUP_bsp//libucosii_bsp.a(pktalloc.o)
                0x000000000822c384                pk_init
                0x000000000822c620                pk_alloc
                0x000000000822c6e4                pk_validate
                0x000000000822c970                pk_free
                0x000000000822ca1c                pk_get_max_intrsafe_buf_len
                0x000000000822ca3c                dump_buf_estats
 .text          0x000000000822caf8      0x268 ../Simple_Socket_BUP_bsp//libucosii_bsp.a(q.o)
                0x000000000822caf8                getq
                0x000000000822cbb0                putq
                0x000000000822cc60                qdel
 .text          0x000000000822cd60      0x2d4 ../Simple_Socket_BUP_bsp//libucosii_bsp.a(udp_open.o)
                0x000000000822cd60                udp_open
                0x000000000822cf5c                udp_close
 .text          0x000000000822d034      0x194 ../Simple_Socket_BUP_bsp//libucosii_bsp.a(asm_cksum.o)
                0x000000000822d034                asm_cksum
 .text          0x000000000822d1c8      0x27c ../Simple_Socket_BUP_bsp//libucosii_bsp.a(brdutils.o)
                0x000000000822d1c8                dtrap
                0x000000000822d1fc                kbhit
                0x000000000822d290                getch
                0x000000000822d2ec                clock_init
                0x000000000822d324                clock_c
                0x000000000822d344                cticks_hook
                0x000000000822d3a0                irq_Mask
                0x000000000822d400                irq_Unmask
 .text          0x000000000822d444      0x4d0 ../Simple_Socket_BUP_bsp//libucosii_bsp.a(osportco.o)
                0x000000000822d444                LOCK_NET_RESOURCE
                0x000000000822d508                UNLOCK_NET_RESOURCE
                0x000000000822d590                TK_NEWTASK
                0x000000000822d7dc                wait_app_sem
                0x000000000822d898                post_app_sem
 .text          0x000000000822d914      0x574 ../Simple_Socket_BUP_bsp//libucosii_bsp.a(targnios.o)
                0x000000000822d914                alt_iniche_init
                0x000000000822db10                pre_task_setup
                0x000000000822db5c                post_task_setup
                0x000000000822db7c                prep_armintcp
                0x000000000822dbb4                npalloc_base
                0x000000000822dcc0                npfree_base
                0x000000000822dda0                npalloc
                0x000000000822ddd4                npfree
                0x000000000822de14                ncpalloc
                0x000000000822de48                ncpfree
 .text          0x000000000822de88     0x181c ../Simple_Socket_BUP_bsp//libucosii_bsp.a(nptcp.o)
                0x000000000822de88                pffindtype
                0x000000000822df18                pffindproto
                0x000000000822dfdc                m_getnbuf
                0x000000000822e164                m_free
                0x000000000822e26c                m_freem
                0x000000000822e2b0                m_copy
                0x000000000822e5a4                m_adj
                0x000000000822e764                mbuf_len
                0x000000000822e7b8                dtom
                0x000000000822e854                remque
                0x000000000822e8c4                insque
                0x000000000822e940                nptcp_init
                0x000000000822ea38                tcp_rcv
                0x000000000822ec08                ip_output
                0x000000000822f1b8                in_broadcast
                0x000000000822f1f0                np_stripoptions
                0x000000000822f2e4                so_icmpdu
                0x000000000822f62c                tcp_tick
 .text          0x000000000822f6a4      0x970 ../Simple_Socket_BUP_bsp//libucosii_bsp.a(rawsock.o)
                0x000000000822f6a4                rawip_lookup
                0x000000000822f700                rawip_soinput
                0x000000000822f8c8                rawip_usrreq
 .text          0x0000000008230014     0x1654 ../Simple_Socket_BUP_bsp//libucosii_bsp.a(sockcall.o)
                0x0000000008230014                DOMAIN_CHECK
                0x0000000008230064                t_socket
                0x00000000082300e4                t_bind
                0x0000000008230248                t_listen
                0x0000000008230320                t_accept
                0x0000000008230574                t_connect
                0x00000000082307e0                t_getpeername
                0x0000000008230824                t_getsockname
                0x0000000008230a44                t_setsockopt
                0x0000000008230c04                t_getsockopt
                0x0000000008230d90                t_recv
                0x0000000008230e70                t_recvfrom
                0x0000000008230fb0                t_sendto
                0x00000000082311a4                t_send
                0x00000000082313a8                t_shutdown
                0x0000000008231480                t_socketclose
                0x00000000082315d0                t_errno
 .text          0x0000000008231668     0x2034 ../Simple_Socket_BUP_bsp//libucosii_bsp.a(socket.o)
                0x0000000008231668                socreate
                0x0000000008231810                sobind
                0x000000000823186c                solisten
                0x000000000823193c                sofree
                0x0000000008231a4c                soclose
                0x0000000008231d08                soabort
                0x0000000008231d58                soaccept
                0x0000000008231df0                soconnect
                0x0000000008231ea8                sodisconnect
                0x0000000008231f40                sosend
                0x0000000008232498                soreceive
                0x0000000008232be4                soshutdown
                0x0000000008232c7c                sorflush
                0x0000000008232d78                sosetopt
                0x00000000082331a8                sogetopt
                0x0000000008233650                sohasoutofband
 .text          0x000000000823369c     0x128c ../Simple_Socket_BUP_bsp//libucosii_bsp.a(socket2.o)
                0x000000000823369c                soisconnecting
                0x000000000823370c                soisconnected
                0x0000000008233810                soisdisconnecting
                0x00000000082338a8                soisdisconnected
                0x000000000823396c                sonewconn
                0x0000000008233b6c                soqinsque
                0x0000000008233c18                soqremque
                0x0000000008233d20                socantsendmore
                0x0000000008233d78                socantrcvmore
                0x0000000008233dd0                sbselqueue
                0x0000000008233e0c                sbwait
                0x0000000008233e78                sbwakeup
                0x0000000008233f04                soreserve
                0x0000000008233f8c                sbreserve
                0x0000000008233fdc                sbrelease
                0x0000000008234028                sbappend
                0x00000000082340c8                sbappendrecord
                0x00000000082341a0                sbappendaddr
                0x000000000823437c                sbcompress
                0x000000000823455c                sbflush
                0x00000000082345e0                sbdrop
                0x0000000008234798                sbdropend
                0x0000000008234898                sbdroprecord
 .text          0x0000000008234928      0x87c ../Simple_Socket_BUP_bsp//libucosii_bsp.a(soselect.o)
                0x0000000008234928                t_select
                0x0000000008234af8                sock_selscan
                0x0000000008234c38                sock_select
                0x0000000008234e1c                in_pcbnotify
                0x0000000008234ee0                tcp_notify
                0x0000000008234f60                ifd_clr
                0x0000000008235050                ifd_set