Archive member included to satisfy reference by file (symbol)

/home/srdejong/intelFPGA/17.1/nios2eds/bin/gnu/H-x86_64-pc-linux-gnu/bin/../lib/gcc/nios2-elf/5.3.0/libgcc.a(lib2-divmod.o)
                              obj/default/simple_socket_server.o (__umodsi3)
/home/srdejong/intelFPGA/17.1/nios2eds/bin/gnu/H-x86_64-pc-linux-gnu/bin/../lib/gcc/nios2-elf/5.3.0/../../../../../H-x86_64-pc-linux-gnu/nios2-elf/lib/libc.a(lib_a-ctype_.o)
                              obj/default/network_utilities.o (__ctype_ptr__)
/home/srdejong/intelFPGA/17.1/nios2eds/bin/gnu/H-x86_64-pc-linux-gnu/bin/../lib/gcc/nios2-elf/5.3.0/../../../../../H-x86_64-pc-linux-gnu/nios2-elf/lib/libc.a(lib_a-fprintf.o)
                              obj/default/alt_error_handler.o (fprintf)
/home/srdejong/intelFPGA/17.1/nios2eds/bin/gnu/H-x86_64-pc-linux-gnu/bin/../lib/gcc/nios2-elf/5.3.0/../../../../../H-x86_64-pc-linux-gnu/nios2-elf/lib/libc.a(lib_a-fwrite.o)
                              obj/default/alt_error_handler.o (fwrite)
/home/srdejong/intelFPGA/17.1/nios2eds/bin/gnu/H-x86_64-pc-linux-gnu/bin/../lib/gcc/nios2-elf/5.3.0/../../../../../H-x86_64-pc-linux-gnu/nios2-elf/lib/libc.a(lib_a-getc.o)
                              obj/default/network_utilities.o (getc)
/home/srdejong/intelFPGA/17.1/nios2eds/bin/gnu/H-x86_64-pc-linux-gnu/bin/../lib/gcc/nios2-elf/5.3.0/../../../../../H-x86_64-pc-linux-gnu/nios2-elf/lib/libc.a(lib_a-impure.o)
                              obj/default/alt_error_handler.o (_impure_ptr)
/home/srdejong/intelFPGA/17.1/nios2eds/bin/gnu/H-x86_64-pc-linux-gnu/bin/../lib/gcc/nios2-elf/5.3.0/../../../../../H-x86_64-pc-linux-gnu/nios2-elf/lib/libc.a(lib_a-memcpy.o)
                              obj/default/simple_socket_server.o (memcpy)
/home/srdejong/intelFPGA/17.1/nios2eds/bin/gnu/H-x86_64-pc-linux-gnu/bin/../lib/gcc/nios2-elf/5.3.0/../../../../../H-x86_64-pc-linux-gnu/nios2-elf/lib/libc.a(lib_a-memmove.o)
                              obj/default/simple_socket_server.o (memmove)
/home/srdejong/intelFPGA/17.1/nios2eds/bin/gnu/H-x86_64-pc-linux-gnu/bin/../lib/gcc/nios2-elf/5.3.0/../../../../../H-x86_64-pc-linux-gnu/nios2-elf/lib/libc.a(lib_a-memset.o)
                              obj/default/simple_socket_server.o (memset)
/home/srdejong/intelFPGA/17.1/nios2eds/bin/gnu/H-x86_64-pc-linux-gnu/bin/../lib/gcc/nios2-elf/5.3.0/../../../../../H-x86_64-pc-linux-gnu/nios2-elf/lib/libc.a(lib_a-perror.o)
                              obj/default/alt_error_handler.o (perror)
/home/srdejong/intelFPGA/17.1/nios2eds/bin/gnu/H-x86_64-pc-linux-gnu/bin/../lib/gcc/nios2-elf/5.3.0/../../../../../H-x86_64-pc-linux-gnu/nios2-elf/lib/libc.a(lib_a-printf.o)
                              obj/default/alt_error_handler.o (printf)
/home/srdejong/intelFPGA/17.1/nios2eds/bin/gnu/H-x86_64-pc-linux-gnu/bin/../lib/gcc/nios2-elf/5.3.0/../../../../../H-x86_64-pc-linux-gnu/nios2-elf/lib/libc.a(lib_a-putc.o)
                              obj/default/network_utilities.o (putc)
/home/srdejong/intelFPGA/17.1/nios2eds/bin/gnu/H-x86_64-pc-linux-gnu/bin/../lib/gcc/nios2-elf/5.3.0/../../../../../H-x86_64-pc-linux-gnu/nios2-elf/lib/libc.a(lib_a-putchar.o)
                              obj/default/network_utilities.o (putchar)
/home/srdejong/intelFPGA/17.1/nios2eds/bin/gnu/H-x86_64-pc-linux-gnu/bin/../lib/gcc/nios2-elf/5.3.0/../../../../../H-x86_64-pc-linux-gnu/nios2-elf/lib/libc.a(lib_a-puts.o)
                              obj/default/alt_error_handler.o (puts)
/home/srdejong/intelFPGA/17.1/nios2eds/bin/gnu/H-x86_64-pc-linux-gnu/bin/../lib/gcc/nios2-elf/5.3.0/../../../../../H-x86_64-pc-linux-gnu/nios2-elf/lib/libc.a(lib_a-rget.o)
                              /home/srdejong/intelFPGA/17.1/nios2eds/bin/gnu/H-x86_64-pc-linux-gnu/bin/../lib/gcc/nios2-elf/5.3.0/../../../../../H-x86_64-pc-linux-gnu/nios2-elf/lib/libc.a(lib_a-getc.o) (__srget_r)
/home/srdejong/intelFPGA/17.1/nios2eds/bin/gnu/H-x86_64-pc-linux-gnu/bin/../lib/gcc/nios2-elf/5.3.0/../../../../../H-x86_64-pc-linux-gnu/nios2-elf/lib/libc.a(lib_a-sprintf.o)
                              obj/default/simple_socket_server.o (sprintf)
/home/srdejong/intelFPGA/17.1/nios2eds/bin/gnu/H-x86_64-pc-linux-gnu/bin/../lib/gcc/nios2-elf/5.3.0/../../../../../H-x86_64-pc-linux-gnu/nios2-elf/lib/libc.a(lib_a-strchr.o)
                              obj/default/simple_socket_server.o (strchr)
/home/srdejong/intelFPGA/17.1/nios2eds/bin/gnu/H-x86_64-pc-linux-gnu/bin/../lib/gcc/nios2-elf/5.3.0/../../../../../H-x86_64-pc-linux-gnu/nios2-elf/lib/libc.a(lib_a-strerror.o)
                              /home/srdejong/intelFPGA/17.1/nios2eds/bin/gnu/H-x86_64-pc-linux-gnu/bin/../lib/gcc/nios2-elf/5.3.0/../../../../../H-x86_64-pc-linux-gnu/nios2-elf/lib/libc.a(lib_a-perror.o) (_strerror_r)
/home/srdejong/intelFPGA/17.1/nios2eds/bin/gnu/H-x86_64-pc-linux-gnu/bin/../lib/gcc/nios2-elf/5.3.0/../../../../../H-x86_64-pc-linux-gnu/nios2-elf/lib/libc.a(lib_a-strlen.o)
[...]
Memory Configuration

Name             Origin             Length             Attributes
ext_flash_BEFORE_RESET 0x0000000000000000 0x0000000004a80000
reset            0x0000000004a80000 0x0000000000000020
ext_flash        0x0000000004a80020 0x000000000357ffe0
descriptor_memory 0x0000000008000000 0x0000000000002000
onchip_ram_BEFORE_EXCEPTION 0x0000000008200000 0x0000000000000060
onchip_ram       0x0000000008200060 0x000000000017ffa0
*default*        0x0000000000000000 0xffffffffffffffff

Linker script and memory map

LOAD ../ADC_Socket_bsp//obj/HAL/src/crt0.o
LOAD obj/default/alt_error_handler.o
LOAD obj/default/iniche_init.o
LOAD obj/default/led.o
LOAD obj/default/network_utilities.o
LOAD obj/default/simple_socket_server.o
LOAD obj/default/tse_my_system.o
LOAD /home/srdejong/intelFPGA/17.1/nios2eds/bin/gnu/H-x86_64-pc-linux-gnu/bin/../lib/gcc/nios2-elf/5.3.0/../../../../../H-x86_64-pc-linux-gnu/nios2-elf/lib/libstdc++.a
LOAD /home/srdejong/intelFPGA/17.1/nios2eds/bin/gnu/H-x86_64-pc-linux-gnu/bin/../lib/gcc/nios2-elf/5.3.0/../../../../../H-x86_64-pc-linux-gnu/nios2-elf/lib/libm.a
LOAD /home/srdejong/intelFPGA/17.1/nios2eds/bin/gnu/H-x86_64-pc-linux-gnu/bin/../lib/gcc/nios2-elf/5.3.0/libgcc.a
START GROUP
LOAD /home/srdejong/intelFPGA/17.1/nios2eds/bin/gnu/H-x86_64-pc-linux-gnu/bin/../lib/gcc/nios2-elf/5.3.0/../../../../../H-x86_64-pc-linux-gnu/nios2-elf/lib/libc.a
LOAD /home/srdejong/intelFPGA/17.1/nios2eds/bin/gnu/H-x86_64-pc-linux-gnu/bin/../lib/gcc/nios2-elf/5.3.0/libgcc.a
LOAD ../ADC_Socket_bsp//libucosii_bsp.a
LOAD /home/srdejong/intelFPGA/17.1/nios2eds/bin/gnu/H-x86_64-pc-linux-gnu/bin/../lib/gcc/nios2-elf/5.3.0/../../../../../H-x86_64-pc-linux-gnu/nios2-elf/lib/libm.a
END GROUP
LOAD /home/srdejong/intelFPGA/17.1/nios2eds/bin/gnu/H-x86_64-pc-linux-gnu/bin/../lib/gcc/nios2-elf/5.3.0/libgcc.a
                0x0000000000000000                __alt_mem_ext_flash = 0x0
                0x0000000008000000                __alt_mem_descriptor_memory = 0x8000000
                0x0000000008200000                __alt_mem_onchip_ram = 0x8200000

.entry          0x0000000004a80000        0x0
 *(.entry)
 .entry         0x0000000004a80000        0x0 ../ADC_Socket_bsp//obj/HAL/src/crt0.o
                0x0000000004a80000                __reset

.exceptions     0x0000000008200060      0x1a0
                [!provide]                        PROVIDE (__ram_exceptions_start, ABSOLUTE (.))
                0x0000000008200060                . = ALIGN (0x20)
 *(.irq)
 *(.exceptions.entry.label)
 .exceptions.entry.label
                0x0000000008200060        0x0 ../ADC_Socket_bsp//libucosii_bsp.a(alt_irq_entry.o)
                0x0000000008200060                alt_irq_entry
 .exceptions.entry.label
                0x0000000008200060        0x0 ../ADC_Socket_bsp//libucosii_bsp.a(alt_exception_entry.o)
                0x0000000008200060                alt_exception
 *(.exceptions.entry.user)
 *(.exceptions.entry.ecc_fatal)
 *(.exceptions.entry)
 .exceptions.entry
                0x0000000008200060       0x54 ../ADC_Socket_bsp//libucosii_bsp.a(alt_exception_entry.o)
 *(.exceptions.irqtest.user)
 *(.exceptions.irqtest)
 .exceptions.irqtest
                0x00000000082000b4       0x10 ../ADC_Socket_bsp//libucosii_bsp.a(alt_irq_entry.o)
 *(.exceptions.irqhandler.user)
 *(.exceptions.irqhandler)
 .exceptions.irqhandler
                0x00000000082000c4        0x4 ../ADC_Socket_bsp//libucosii_bsp.a(alt_irq_entry.o)
 *(.exceptions.irqreturn.user)
 *(.exceptions.irqreturn)
 .exceptions.irqreturn
                0x00000000082000c8        0x4 ../ADC_Socket_bsp//libucosii_bsp.a(alt_irq_entry.o)
 *(.exceptions.notirq.label)
 .exceptions.notirq.label
                0x00000000082000cc        0x0 ../ADC_Socket_bsp//libucosii_bsp.a(alt_irq_entry.o)
 *(.exceptions.notirq.user)
 *(.exceptions.notirq)
 .exceptions.notirq
                0x00000000082000cc        0x8 ../ADC_Socket_bsp//libucosii_bsp.a(alt_exception_entry.o)
 *(.exceptions.soft.user)
 *(.exceptions.soft)
 *(.exceptions.unknown.user)
 *(.exceptions.unknown)
 .exceptions.unknown
                0x00000000082000d4        0x4 ../ADC_Socket_bsp//libucosii_bsp.a(alt_exception_entry.o)
 *(.exceptions.exit.label)
 .exceptions.exit.label
                0x00000000082000d8        0x0 ../ADC_Socket_bsp//libucosii_bsp.a(alt_irq_entry.o)
 .exceptions.exit.label
                0x00000000082000d8        0x0 ../ADC_Socket_bsp//libucosii_bsp.a(alt_exception_entry.o)
 *(.exceptions.exit.user)
 *(.exceptions.exit)
 .exceptions.exit
                0x00000000082000d8       0x54 ../ADC_Socket_bsp//libucosii_bsp.a(alt_exception_entry.o)
 *(.exceptions)
 .exceptions    0x000000000820012c       0xd4 ../ADC_Socket_bsp//libucosii_bsp.a(alt_irq_handler.o)
                0x000000000820012c                alt_irq_handler
                [!provide]                        PROVIDE (__ram_exceptions_end, ABSOLUTE (.))
                [!provide]                        PROVIDE (__flash_exceptions_start, LOADADDR (.exceptions))

.text           0x0000000008200200    0x4bcd4
                [!provide]                        PROVIDE (stext, ABSOLUTE (.))
 *(.interp)
 *(.hash)
 *(.dynsym)
 *(.dynstr)
 *(.gnu.version)
 *(.gnu.version_d)
 *(.gnu.version_r)
 *(.rel.init)
 *(.rela.init)
 *(.rel.text .rel.text.* .rel.gnu.linkonce.t.*)
 *(.rela.text .rela.text.* .rela.gnu.linkonce.t.*)
 *(.rel.fini)
 *(.rela.fini)
 *(.rel.rodata .rel.rodata.* .rel.gnu.linkonce.r.*)
 *(.rela.rodata .rela.rodata.* .rela.gnu.linkonce.r.*)
 *(.rel.data .rel.data.* .rel.gnu.linkonce.d.*)
 *(.rela.data .rela.data.* .rela.gnu.linkonce.d.*)
 *(.rel.tdata .rel.tdata.* .rel.gnu.linkonce.td.*)
 *(.rela.tdata .rela.tdata.* .rela.gnu.linkonce.td.*)
 *(.rel.tbss .rel.tbss.* .rel.gnu.linkonce.tb.*)
 *(.rela.tbss .rela.tbss.* .rela.gnu.linkonce.tb.*)
 *(.rel.ctors)
 *(.rela.ctors)
 *(.rel.dtors)
 *(.rela.dtors)
 *(.rel.got)
 *(.rela.got)
 *(.rel.sdata .rel.sdata.* .rel.gnu.linkonce.s.*)
 *(.rela.sdata .rela.sdata.* .rela.gnu.linkonce.s.*)
 *(.rel.sbss .rel.sbss.* .rel.gnu.linkonce.sb.*)
 *(.rela.sbss .rela.sbss.* .rela.gnu.linkonce.sb.*)
 *(.rel.sdata2 .rel.sdata2.* .rel.gnu.linkonce.s2.*)
 *(.rela.sdata2 .rela.sdata2.* .rela.gnu.linkonce.s2.*)
 *(.rel.sbss2 .rel.sbss2.* .rel.gnu.linkonce.sb2.*)
 *(.rela.sbss2 .rela.sbss2.* .rela.gnu.linkonce.sb2.*)
 *(.rel.bss .rel.bss.* .rel.gnu.linkonce.b.*)
 *(.rela.bss .rela.bss.* .rela.gnu.linkonce.b.*)
 *(.rel.plt)
 *(.rela.plt)
 *(.rel.dyn)
 *(.init)
 *(.plt)
 *(.text .stub .text.* .gnu.linkonce.t.*)
 .text          0x0000000008200200       0x48 ../ADC_Socket_bsp//obj/HAL/src/crt0.o
                0x0000000008200200                _start
 .text          0x0000000008200248      0xa60 obj/default/alt_error_handler.o
                0x0000000008200248                alt_uCOSIIErrorHandler
                0x00000000082007ac                alt_NetworkErrorHandler
                0x0000000008200a10                alt_SSSErrorHandler
 .text          0x0000000008200ca8       0xf0 obj/default/iniche_init.o
                0x0000000008200ca8                SSSInitialTask
                0x0000000008200d18                main
 .text          0x0000000008200d98      0x32c obj/default/led.o
                0x0000000008200d98                led_bit_toggle
                0x0000000008200e7c                LED7SegLightshowTask
                0x0000000008200ef0                LEDManagementTask
 .text          0x00000000082010c4      0x814 obj/default/network_utilities.o
                0x00000000082010c4                get_mac_addr
                0x0000000008201118                get_ip_addr
                0x0000000008201174                get_serial_number
                0x0000000008201330                generate_and_store_mac_addr
                0x00000000082014d8                generate_mac_addr
                0x0000000008201614                get_board_mac_addr
                0x00000000082017ac                FindLastFlashSectorOffset
 .text          0x00000000082018d8     0x11bc obj/default/simple_socket_server.o
                0x00000000082018d8                SSSCreateOSDataStructs
                0x000000000820197c                SSSCreateTasks
                0x0000000008201a4c                sss_reset_connection
                0x0000000008201abc                sss_send_menu
                0x0000000008201d80                sss_handle_accept
                0x0000000008201e48                sss_exec_command
                0x00000000082026f0                sss_handle_receive
                0x00000000082028e0                SSSSimpleSocketServerTask
 .text          0x0000000008202a94        0x0 obj/default/tse_my_system.o
 .text          0x0000000008202a94      0x1b4 /home/srdejong/intelFPGA/17.1/nios2eds/bin/gnu/H-x86_64-pc-linux-gnu/bin/../lib/gcc/nios2-elf/5.3.0/libgcc.a(lib2-divmod.o)
                0x0000000008202a94                __divsi3
                0x0000000008202b18                __modsi3
                0x0000000008202b8c                __udivsi3
                0x0000000008202bf0                __umodsi3
 .text          0x0000000008202c48        0x0 /home/srdejong/intelFPGA/17.1/nios2eds/bin/gnu/H-x86_64-pc-linux-gnu/bin/../lib/gcc/nios2-elf/5.3.0/../../../../../H-x86_64-pc-linux-gnu/nios2-elf/lib/libc.a(lib_a-ctype_.o)
 .text          0x0000000008202c48        0x0 /home/srdejong/intelFPGA/17.1/nios2eds/bin/gnu/H-x86_64-pc-linux-gnu/bin/../lib/gcc/nios2-elf/5.3.0/../../../../../H-x86_64-pc-linux-gnu/nios2-elf/lib/libc.a(lib_a-fprintf.o)
 .text._fprintf_r
                0x0000000008202c48       0x28 /home/srdejong/intelFPGA/17.1/nios2eds/bin/gnu/H-x86_64-pc-linux-gnu/bin/../lib/gcc/nios2-elf/5.3.0/../../../../../H-x86_64-pc-linux-gnu/nios2-elf/lib/libc.a(lib_a-fprintf.o)
                0x0000000008202c48                _fprintf_r
 .text.fprintf  0x0000000008202c70       0x24 /home/srdejong/intelFPGA/17.1/nios2eds/bin/gnu/H-x86_64-pc-linux-gnu/bin/../lib/gcc/nios2-elf/5.3.0/../../../../../H-x86_64-pc-linux-gnu/nios2-elf/lib/libc.a(lib_a-fprintf.o)
                0x0000000008202c70                fprintf
 .text          0x0000000008202c94        0x0 /home/srdejong/intelFPGA/17.1/nios2eds/bin/gnu/H-x86_64-pc-linux-gnu/bin/../lib/gcc/nios2-elf/5.3.0/../../../../../H-x86_64-pc-linux-gnu/nios2-elf/lib/libc.a(lib_a-fwrite.o)
 .text._fwrite_r
                0x0000000008202c94       0xcc /home/srdejong/intelFPGA/17.1/nios2eds/bin/gnu/H-x86_64-pc-linux-gnu/bin/../lib/gcc/nios2-elf/5.3.0/../../../../../H-x86_64-pc-linux-gnu/nios2-elf/lib/libc.a(lib_a-fwrite.o)
                0x0000000008202c94                _fwrite_r
 .text.fwrite   0x0000000008202d60       0x34 /home/srdejong/intelFPGA/17.1/nios2eds/bin/gnu/H-x86_64-pc-linux-gnu/bin/../lib/gcc/nios2-elf/5.3.0/../../../../../H-x86_64-pc-linux-gnu/nios2-elf/lib/libc.a(lib_a-fwrite.o)
                0x0000000008202d60                fwrite
 .text          0x0000000008202d94        0x0 /home/srdejong/intelFPGA/17.1/nios2eds/bin/gnu/H-x86_64-pc-linux-gnu/bin/../lib/gcc/nios2-elf/5.3.0/../../../../../H-x86_64-pc-linux-gnu/nios2-elf/lib/libc.a(lib_a-getc.o)
 .text._getc_r  0x0000000008202d94       0x70 /home/srdejong/intelFPGA/17.1/nios2eds/bin/gnu/H-x86_64-pc-linux-gnu/bin/../lib/gcc/nios2-elf/5.3.0/../../../../../H-x86_64-pc-linux-gnu/nios2-elf/lib/libc.a(lib_a-getc.o)
                0x0000000008202d94                _getc_r
 .text.getc     0x0000000008202e04       0x88 /home/srdejong/intelFPGA/17.1/nios2eds/bin/gnu/H-x86_64-pc-linux-gnu/bin/../lib/gcc/nios2-elf/5.3.0/../../../../../H-x86_64-pc-linux-gnu/nios2-elf/lib/libc.a(lib_a-getc.o)
                0x0000000008202e04                getc
 .text          0x0000000008202e8c        0x0 /home/srdejong/intelFPGA/17.1/nios2eds/bin/gnu/H-x86_64-pc-linux-gnu/bin/../lib/gcc/nios2-elf/5.3.0/../../../../../H-x86_64-pc-linux-gnu/nios2-elf/lib/libc.a(lib_a-impure.o)
 .text          0x0000000008202e8c        0x0 /home/srdejong/intelFPGA/17.1/nios2eds/bin/gnu/H-x86_64-pc-linux-gnu/bin/../lib/gcc/nios2-elf/5.3.0/../../../../../H-x86_64-pc-linux-gnu/nios2-elf/lib/libc.a(lib_a-memcpy.o)
 .text.memcpy   0x0000000008202e8c      0x148 /home/srdejong/intelFPGA/17.1/nios2eds/bin/gnu/H-x86_64-pc-linux-gnu/bin/../lib/gcc/nios2-elf/5.3.0/../../../../../H-x86_64-pc-linux-gnu/nios2-elf/lib/libc.a(lib_a-memcpy.o)
                0x0000000008202e8c                memcpy
 .text          0x0000000008202fd4        0x0 /home/srdejong/intelFPGA/17.1/nios2eds/bin/gnu/H-x86_64-pc-linux-gnu/bin/../lib/gcc/nios2-elf/5.3.0/../../../../../H-x86_64-pc-linux-gnu/nios2-elf/lib/libc.a(lib_a-memmove.o)
 .text.memmove  0x0000000008202fd4      0x15c /home/srdejong/intelFPGA/17.1/nios2eds/bin/gnu/H-x86_64-pc-linux-gnu/bin/../lib/gcc/nios2-elf/5.3.0/../../../../../H-x86_64-pc-linux-gnu/nios2-elf/lib/libc.a(lib_a-memmove.o)
                0x0000000008202fd4                memmove
 .text          0x0000000008203130        0x0 /home/srdejong/intelFPGA/17.1/nios2eds/bin/gnu/H-x86_64-pc-linux-gnu/bin/../lib/gcc/nios2-elf/5.3.0/../../../../../H-x86_64-pc-linux-gnu/nios2-elf/lib/libc.a(lib_a-memset.o)
 .text.memset   0x0000000008203130      0x128 /home/srdejong/intelFPGA/17.1/nios2eds/bin/gnu/H-x86_64-pc-linux-gnu/bin/../lib/gcc/nios2-elf/5.3.0/../../../../../H-x86_64-pc-linux-gnu/nios2-elf/lib/libc.a(lib_a-memset.o)
                0x0000000008203130                memset
 .text          0x0000000008203258        0x0 /home/srdejong/intelFPGA/17.1/nios2eds/bin/gnu/H-x86_64-pc-linux-gnu/bin/../lib/gcc/nios2-elf/5.3.0/../../../../../H-x86_64-pc-linux-gnu/nios2-elf/lib/libc.a(lib_a-perror.o)
 .text._perror_r
                0x0000000008203258       0x80 /home/srdejong/intelFPGA/17.1/nios2eds/bin/gnu/H-x86_64-pc-linux-gnu/bin/../lib/gcc/nios2-elf/5.3.0/../../../../../H-x86_64-pc-linux-gnu/nios2-elf/lib/libc.a(lib_a-perror.o)
                0x0000000008203258                _perror_r
 .text.perror   0x00000000082032d8       0x14 /home/srdejong/intelFPGA/17.1/nios2eds/bin/gnu/H-x86_64-pc-linux-gnu/bin/../lib/gcc/nios2-elf/5.3.0/../../../../../H-x86_64-pc-linux-gnu/nios2-elf/lib/libc.a(lib_a-perror.o)
                0x00000000082032d8                perror
 .text          0x00000000082032ec        0x0 /home/srdejong/intelFPGA/17.1/nios2eds/bin/gnu/H-x86_64-pc-linux-gnu/bin/../lib/gcc/nios2-elf/5.3.0/../../../../../H-x86_64-pc-linux-gnu/nios2-elf/lib/libc.a(lib_a-printf.o)
 .text._printf_r
                0x00000000082032ec       0x30 /home/srdejong/intelFPGA/17.1/nios2eds/bin/gnu/H-x86_64-pc-linux-gnu/bin/../lib/gcc/nios2-elf/5.3.0/../../../../../H-x86_64-pc-linux-gnu/nios2-elf/lib/libc.a(lib_a-printf.o)
                0x00000000082032ec                _printf_r
 .text.printf   0x000000000820331c       0x3c /home/srdejong/intelFPGA/17.1/nios2eds/bin/gnu/H-x86_64-pc-linux-gnu/bin/../lib/gcc/nios2-elf/5.3.0/../../../../../H-x86_64-pc-linux-gnu/nios2-elf/lib/libc.a(lib_a-printf.o)
                0x000000000820331c                printf
 .text          0x0000000008203358        0x0 /home/srdejong/intelFPGA/17.1/nios2eds/bin/gnu/H-x86_64-pc-linux-gnu/bin/../lib/gcc/nios2-elf/5.3.0/../../../../../H-x86_64-pc-linux-gnu/nios2-elf/lib/libc.a(lib_a-putc.o)
 .text._putc_r  0x0000000008203358       0xa0 /home/srdejong/intelFPGA/17.1/nios2eds/bin/gnu/H-x86_64-pc-linux-gnu/bin/../lib/gcc/nios2-elf/5.3.0/../../../../../H-x86_64-pc-linux-gnu/nios2-elf/lib/libc.a(lib_a-putc.o)
                0x0000000008203358                _putc_r
 .text.putc     0x00000000082033f8       0xc8 /home/srdejong/intelFPGA/17.1/nios2eds/bin/gnu/H-x86_64-pc-linux-gnu/bin/../lib/gcc/nios2-elf/5.3.0/../../../../../H-x86_64-pc-linux-gnu/nios2-elf/lib/libc.a(lib_a-putc.o)
                0x00000000082033f8                putc
 .text          0x00000000082034c0        0x0 /home/srdejong/intelFPGA/17.1/nios2eds/bin/gnu/H-x86_64-pc-linux-gnu/bin/../lib/gcc/nios2-elf/5.3.0/../../../../../H-x86_64-pc-linux-gnu/nios2-elf/lib/libc.a(lib_a-putchar.o)
 .text._putchar_r
                0x00000000082034c0        0x8 /home/srdejong/intelFPGA/17.1/nios2eds/bin/gnu/H-x86_64-pc-linux-gnu/bin/../lib/gcc/nios2-elf/5.3.0/../../../../../H-x86_64-pc-linux-gnu/nios2-elf/lib/libc.a(lib_a-putchar.o)
                0x00000000082034c0                _putchar_r
 .text.putchar  0x00000000082034c8       0x18 /home/srdejong/intelFPGA/17.1/nios2eds/bin/gnu/H-x86_64-pc-linux-gnu/bin/../lib/gcc/nios2-elf/5.3.0/../../../../../H-x86_64-pc-linux-gnu/nios2-elf/lib/libc.a(lib_a-putchar.o)
                0x00000000082034c8                putchar
 .text          0x00000000082034e0        0x0 /home/srdejong/intelFPGA/17.1/nios2eds/bin/gnu/H-x86_64-pc-linux-gnu/bin/../lib/gcc/nios2-elf/5.3.0/../../../../../H-x86_64-pc-linux-gnu/nios2-elf/lib/libc.a(lib_a-puts.o)
 .text._puts_r  0x00000000082034e0       0xc0 /home/srdejong/intelFPGA/17.1/nios2eds/bin/gnu/H-x86_64-pc-linux-gnu/bin/../lib/gcc/nios2-elf/5.3.0/../../../../../H-x86_64-pc-linux-gnu/nios2-elf/lib/libc.a(lib_a-puts.o)
                0x00000000082034e0                _puts_r
 .text.puts     0x00000000082035a0       0x14 /home/srdejong/intelFPGA/17.1/nios2eds/bin/gnu/H-x86_64-pc-linux-gnu/bin/../lib/gcc/nios2-elf/5.3.0/../../../../../H-x86_64-pc-linux-gnu/nios2-elf/lib/libc.a(lib_a-puts.o)
                0x00000000082035a0                puts
 .text          0x00000000082035b4        0x0 /home/srdejong/intelFPGA/17.1/nios2eds/bin/gnu/H-x86_64-pc-linux-gnu/bin/../lib/gcc/nios2-elf/5.3.0/../../../../../H-x86_64-pc-linux-gnu/nios2-elf/lib/libc.a(lib_a-rget.o)
 .text.__srget_r
                0x00000000082035b4       0x74 /home/srdejong/intelFPGA/17.1/nios2eds/bin/gnu/H-x86_64-pc-linux-gnu/bin/../lib/gcc/nios2-elf/5.3.0/../../../../../H-x86_64-pc-linux-gnu/nios2-elf/lib/libc.a(lib_a-rget.o)
                0x00000000082035b4                __srget_r
 .text.__srget  0x0000000008203628       0x14 /home/srdejong/intelFPGA/17.1/nios2eds/bin/gnu/H-x86_64-pc-linux-gnu/bin/../lib/gcc/nios2-elf/5.3.0/../../../../../H-x86_64-pc-linux-gnu/nios2-elf/lib/libc.a(lib_a-rget.o)
                0x0000000008203628                __srget
 .text          0x000000000820363c        0x0 /home/srdejong/intelFPGA/17.1/nios2eds/bin/gnu/H-x86_64-pc-linux-gnu/bin/../lib/gcc/nios2-elf/5.3.0/../../../../../H-x86_64-pc-linux-gnu/nios2-elf/lib/libc.a(lib_a-sprintf.o)
 .text._sprintf_r
                0x000000000820363c       0x58 /home/srdejong/intelFPGA/17.1/nios2eds/bin/gnu/H-x86_64-pc-linux-gnu/bin/../lib/gcc/nios2-elf/5.3.0/../../../../../H-x86_64-pc-linux-gnu/nios2-elf/lib/libc.a(lib_a-sprintf.o)
                0x000000000820363c                _sprintf_r
 .text.sprintf  0x0000000008203694       0x6c /home/srdejong/intelFPGA/17.1/nios2eds/bin/gnu/H-x86_64-pc-linux-gnu/bin/../lib/gcc/nios2-elf/5.3.0/../../../../../H-x86_64-pc-linux-gnu/nios2-elf/lib/libc.a(lib_a-sprintf.o)
                0x0000000008203694                sprintf
 .text          0x0000000008203700        0x0 /home/srdejong/intelFPGA/17.1/nios2eds/bin/gnu/H-x86_64-pc-linux-gnu/bin/../lib/gcc/nios2-elf/5.3.0/../../../../../H-x86_64-pc-linux-gnu/nios2-elf/lib/libc.a(lib_a-strchr.o)
 .text.strchr   0x0000000008203700      0x164 /home/srdejong/intelFPGA/17.1/nios2eds/bin/gnu/H-x86_64-pc-linux-gnu/bin/../lib/gcc/nios2-elf/5.3.0/../../../../../H-x86_64-pc-linux-gnu/nios2-elf/lib/libc.a(lib_a-strchr.o)
                0x0000000008203700                strchr
 .text          0x0000000008203864        0x0 /home/srdejong/intelFPGA/17.1/nios2eds/bin/gnu/H-x86_64-pc-linux-gnu/bin/../lib/gcc/nios2-elf/5.3.0/../../../../../H-x86_64-pc-linux-gnu/nios2-elf/lib/libc.a(lib_a-strerror.o)
 .text._strerror_r
                0x0000000008203864      0x65c /home/srdejong/intelFPGA/17.1/nios2eds/bin/gnu/H-x86_64-pc-linux-gnu/bin/../lib/gcc/nios2-elf/5.3.0/../../../../../H-x86_64-pc-linux-gnu/nios2-elf/lib/libc.a(lib_a-strerror.o)
                0x0000000008203864                _strerror_r
 .text.strerror
                0x0000000008203ec0       0x1c /home/srdejong/intelFPGA/17.1/nios2eds/bin/gnu/H-x86_64-pc-linux-gnu/bin/../lib/gcc/nios2-elf/5.3.0/../../../../../H-x86_64-pc-linux-gnu/nios2-elf/lib/libc.a(lib_a-strerror.o)
                0x0000000008203ec0                strerror
 .text          0x0000000008203edc        0x0 /home/srdejong/intelFPGA/17.1/nios2eds/bin/gnu/H-x86_64-pc-linux-gnu/bin/../lib/gcc/nios2-elf/5.3.0/../../../../../H-x86_64-pc-linux-gnu/nios2-elf/lib/libc.a(lib_a-strlen.o)
 .text.strlen   0x0000000008203edc       0x98 /home/srdejong/intelFPGA/17.1/nios2eds/bin/gnu/H-x86_64-pc-linux-gnu/bin/../lib/gcc/nios2-elf/5.3.0/../../../../../H-x86_64-pc-linux-gnu/nios2-elf/lib/libc.a(lib_a-strlen.o)
                0x0000000008203edc                strlen
 .text          0x0000000008203f74        0x0 /home/srdejong/intelFPGA/17.1/nios2eds/bin/gnu/H-x86_64-pc-linux-gnu/bin/../lib/gcc/nios2-elf/5.3.0/../../../../../H-x86_64-pc-linux-gnu/nios2-elf/lib/libc.a(lib_a-strstr.o)
 .text.critical_factorization
                0x0000000008203f74      0x104 /home/srdejong/intelFPGA/17.1/nios2eds/bin/gnu/H-x86_64-pc-linux-gnu/bin/../lib/gcc/nios2-elf/5.3.0/../../../../../H-x86_64-pc-linux-gnu/nios2-elf/lib/libc.a(lib_a-strstr.o)
 .text.two_way_long_needle
                0x0000000008204078      0x3b0 /home/srdejong/intelFPGA/17.1/nios2eds/bin/gnu/H-x86_64-pc-linux-gnu/bin/../lib/gcc/nios2-elf/5.3.0/../../../../../H-x86_64-pc-linux-gnu/nios2-elf/lib/libc.a(lib_a-strstr.o)
 .text.strstr   0x0000000008204428      0x3b0 /home/srdejong/intelFPGA/17.1/nios2eds/bin/gnu/H-x86_64-pc-linux-gnu/bin/../lib/gcc/nios2-elf/5.3.0/../../../../../H-x86_64-pc-linux-gnu/nios2-elf/lib/libc.a(lib_a-strstr.o)
                0x0000000008204428                strstr
 .text          0x00000000082047d8        0x0 /home/srdejong/intelFPGA/17.1/nios2eds/bin/gnu/H-x86_64-pc-linux-gnu/bin/../lib/gcc/nios2-elf/5.3.0/../../../../../H-x86_64-pc-linux-gnu/nios2-elf/lib/libc.a(lib_a-svfprintf.o)
 .text.___svfprintf_internal_r
                0x00000000082047d8     0x21d8 /home/srdejong/intelFPGA/17.1/nios2eds/bin/gnu/H-x86_64-pc-linux-gnu/bin/../lib/gcc/nios2-elf/5.3.0/../../../../../H-x86_64-pc-linux-gnu/nios2-elf/lib/libc.a(lib_a-svfprintf.o)
                0x00000000082047d8                ___svfprintf_internal_r
 .text          0x00000000082069b0        0x0 /home/srdejong/intelFPGA/17.1/nios2eds/bin/gnu/H-x86_64-pc-linux-gnu/bin/../lib/gcc/nios2-elf/5.3.0/../../../../../H-x86_64-pc-linux-gnu/nios2-elf/lib/libc.a(lib_a-u_strerr.o)
 .text._user_strerror
                0x00000000082069b0        0x8 /home/srdejong/intelFPGA/17.1/nios2eds/bin/gnu/H-x86_64-pc-linux-gnu/bin/../lib/gcc/nios2-elf/5.3.0/../../../../../H-x86_64-pc-linux-gnu/nios2-elf/lib/libc.a(lib_a-u_strerr.o)
                0x00000000082069b0                _user_strerror
 .text          0x00000000082069b8        0x0 /home/srdejong/intelFPGA/17.1/nios2eds/bin/gnu/H-x86_64-pc-linux-gnu/bin/../lib/gcc/nios2-elf/5.3.0/../../../../../H-x86_64-pc-linux-gnu/nios2-elf/lib/libc.a(lib_a-vfprintf.o)
 .text.___vfprintf_internal_r
                0x00000000082069b8     0x21f8 /home/srdejong/intelFPGA/17.1/nios2eds/bin/gnu/H-x86_64-pc-linux-gnu/bin/../lib/gcc/nios2-elf/5.3.0/../../../../../H-x86_64-pc-linux-gnu/nios2-elf/lib/libc.a(lib_a-vfprintf.o)
                0x00000000082069b8                ___vfprintf_internal_r
 .text.__vfprintf_internal
                0x0000000008208bb0       0x1c /home/srdejong/intelFPGA/17.1/nios2eds/bin/gnu/H-x86_64-pc-linux-gnu/bin/../lib/gcc/nios2-elf/5.3.0/../../../../../H-x86_64-pc-linux-gnu/nios2-elf/lib/libc.a(lib_a-vfprintf.o)
                0x0000000008208bb0                __vfprintf_internal
 .text.__sbprintf
                0x0000000008208bcc       0xbc /home/srdejong/intelFPGA/17.1/nios2eds/bin/gnu/H-x86_64-pc-linux-gnu/bin/../lib/gcc/nios2-elf/5.3.0/../../../../../H-x86_64-pc-linux-gnu/nios2-elf/lib/libc.a(lib_a-vfprintf.o)
 .text          0x0000000008208c88        0x0 /home/srdejong/intelFPGA/17.1/nios2eds/bin/gnu/H-x86_64-pc-linux-gnu/bin/../lib/gcc/nios2-elf/5.3.0/../../../../../H-x86_64-pc-linux-gnu/nios2-elf/lib/libc.a(lib_a-wbuf.o)
 .text.__swbuf_r
                0x0000000008208c88      0x140 /home/srdejong/intelFPGA/17.1/nios2eds/bin/gnu/H-x86_64-pc-linux-gnu/bin/../lib/gcc/nios2-elf/5.3.0/../../../../../H-x86_64-pc-linux-gnu/nios2-elf/lib/libc.a(lib_a-wbuf.o)
                0x0000000008208c88                __swbuf_r
 .text.__swbuf  0x0000000008208dc8       0x18 /home/srdejong/intelFPGA/17.1/nios2eds/bin/gnu/H-x86_64-pc-linux-gnu/bin/../lib/gcc/nios2-elf/5.3.0/../../../../../H-x86_64-pc-linux-gnu/nios2-elf/lib/libc.a(lib_a-wbuf.o)
                0x0000000008208dc8                __swbuf
 .text          0x0000000008208de0        0x0 /home/srdejong/intelFPGA/17.1/nios2eds/bin/gnu/H-x86_64-pc-linux-gnu/bin/../lib/gcc/nios2-elf/5.3.0/../../../../../H-x86_64-pc-linux-gnu/nios2-elf/lib/libc.a(lib_a-wsetup.o)
 .text.__swsetup_r
                0x0000000008208de0      0x154 /home/srdejong/intelFPGA/17.1/nios2eds/bin/gnu/H-x86_64-pc-linux-gnu/bin/../lib/gcc/nios2-elf/5.3.0/../../../../../H-x86_64-pc-linux-gnu/nios2-elf/lib/libc.a(lib_a-wsetup.o)
                0x0000000008208de0                __swsetup_r
 .text          0x0000000008208f34        0x0 /home/srdejong/intelFPGA/17.1/nios2eds/bin/gnu/H-x86_64-pc-linux-gnu/bin/../lib/gcc/nios2-elf/5.3.0/../../../../../H-x86_64-pc-linux-gnu/nios2-elf/lib/libc.a(lib_a-dtoa.o)
 .text.quorem   0x0000000008208f34      0x200 /home/srdejong/intelFPGA/17.1/nios2eds/bin/gnu/H-x86_64-pc-linux-gnu/bin/../lib/gcc/nios2-elf/5.3.0/../../../../../H-x86_64-pc-linux-gnu/nios2-elf/lib/libc.a(lib_a-dtoa.o)
 .text._dtoa_r  0x0000000008209134     0x1688 /home/srdejong/intelFPGA/17.1/nios2eds/bin/gnu/H-x86_64-pc-linux-gnu/bin/../lib/gcc/nios2-elf/5.3.0/../../../../../H-x86_64-pc-linux-gnu/nios2-elf/lib/libc.a(lib_a-dtoa.o)
                0x0000000008209134                _dtoa_r
 .text          0x000000000820a7bc        0x0 /home/srdejong/intelFPGA/17.1/nios2eds/bin/gnu/H-x86_64-pc-linux-gnu/bin/../lib/gcc/nios2-elf/5.3.0/../../../../../H-x86_64-pc-linux-gnu/nios2-elf/lib/libc.a(lib_a-fflush.o)
 .text.__sflush_r
                0x000000000820a7bc      0x21c /home/srdejong/intelFPGA/17.1/nios2eds/bin/gnu/H-x86_64-pc-linux-gnu/bin/../lib/gcc/nios2-elf/5.3.0/../../../../../H-x86_64-pc-linux-gnu/nios2-elf/lib/libc.a(lib_a-fflush.o)
                0x000000000820a7bc                __sflush_r
 .text._fflush_r
                0x000000000820a9d8       0x5c /home/srdejong/intelFPGA/17.1/nios2eds/bin/gnu/H-x86_64-pc-linux-gnu/bin/../lib/gcc/nios2-elf/5.3.0/../../../../../H-x86_64-pc-linux-gnu/nios2-elf/lib/libc.a(lib_a-fflush.o)
                0x000000000820a9d8                _fflush_r
 .text.fflush   0x000000000820aa34       0x30 /home/srdejong/intelFPGA/17.1/nios2eds/bin/gnu/H-x86_64-pc-linux-gnu/bin/../lib/gcc/nios2-elf/5.3.0/../../../../../H-x86_64-pc-linux-gnu/nios2-elf/lib/libc.a(lib_a-fflush.o)
                0x000000000820aa34                fflush
 .text          0x000000000820aa64        0x0 /home/srdejong/intelFPGA/17.1/nios2eds/bin/gnu/H-x86_64-pc-linux-gnu/bin/../lib/gcc/nios2-elf/5.3.0/../../../../../H-x86_64-pc-linux-gnu/nios2-elf/lib/libc.a(lib_a-findfp.o)
 .text.__fp_unlock
                0x000000000820aa64        0x8 /home/srdejong/intelFPGA/17.1/nios2eds/bin/gnu/H-x86_64-pc-linux-gnu/bin/../lib/gcc/nios2-elf/5.3.0/../../../../../H-x86_64-pc-linux-gnu/nios2-elf/lib/libc.a(lib_a-findfp.o)
 .text._cleanup_r
                0x000000000820aa6c        0xc /home/srdejong/intelFPGA/17.1/nios2eds/bin/gnu/H-x86_64-pc-linux-gnu/bin/../lib/gcc/nios2-elf/5.3.0/../../../../../H-x86_64-pc-linux-gnu/nios2-elf/lib/libc.a(lib_a-findfp.o)
                0x000000000820aa6c                _cleanup_r
 .text.__sinit.part.1
                0x000000000820aa78      0x19c /home/srdejong/intelFPGA/17.1/nios2eds/bin/gnu/H-x86_64-pc-linux-gnu/bin/../lib/gcc/nios2-elf/5.3.0/../../../../../H-x86_64-pc-linux-gnu/nios2-elf/lib/libc.a(lib_a-findfp.o)
 .text.__fp_lock
                0x000000000820ac14        0x8 /home/srdejong/intelFPGA/17.1/nios2eds/bin/gnu/H-x86_64-pc-linux-gnu/bin/../lib/gcc/nios2-elf/5.3.0/../../../../../H-x86_64-pc-linux-gnu/nios2-elf/lib/libc.a(lib_a-findfp.o)
 .text.__sfmoreglue
                0x000000000820ac1c       0x68 /home/srdejong/intelFPGA/17.1/nios2eds/bin/gnu/H-x86_64-pc-linux-gnu/bin/../lib/gcc/nios2-elf/5.3.0/../../../../../H-x86_64-pc-linux-gnu/nios2-elf/lib/libc.a(lib_a-findfp.o)
                0x000000000820ac1c                __sfmoreglue
 .text.__sfp    0x000000000820ac84      0x118 /home/srdejong/intelFPGA/17.1/nios2eds/bin/gnu/H-x86_64-pc-linux-gnu/bin/../lib/gcc/nios2-elf/5.3.0/../../../../../H-x86_64-pc-linux-gnu/nios2-elf/lib/libc.a(lib_a-findfp.o)
                0x000000000820ac84                __sfp
 .text._cleanup
                0x000000000820ad9c       0x18 /home/srdejong/intelFPGA/17.1/nios2eds/bin/gnu/H-x86_64-pc-linux-gnu/bin/../lib/gcc/nios2-elf/5.3.0/../../../../../H-x86_64-pc-linux-gnu/nios2-elf/lib/libc.a(lib_a-findfp.o)
                0x000000000820ad9c                _cleanup
 .text.__sinit  0x000000000820adb4       0x10 /home/srdejong/intelFPGA/17.1/nios2eds/bin/gnu/H-x86_64-pc-linux-gnu/bin/../lib/gcc/nios2-elf/5.3.0/../../../../../H-x86_64-pc-linux-gnu/nios2-elf/lib/libc.a(lib_a-findfp.o)
                0x000000000820adb4                __sinit
 .text.__sfp_lock_acquire
                0x000000000820adc4        0x4 /home/srdejong/intelFPGA/17.1/nios2eds/bin/gnu/H-x86_64-pc-linux-gnu/bin/../lib/gcc/nios2-elf/5.3.0/../../../../../H-x86_64-pc-linux-gnu/nios2-elf/lib/libc.a(lib_a-findfp.o)
                0x000000000820adc4                __sfp_lock_acquire
 .text.__sfp_lock_release
                0x000000000820adc8        0x4 /home/srdejong/intelFPGA/17.1/nios2eds/bin/gnu/H-x86_64-pc-linux-gnu/bin/../lib/gcc/nios2-elf/5.3.0/../../../../../H-x86_64-pc-linux-gnu/nios2-elf/lib/libc.a(lib_a-findfp.o)
                0x000000000820adc8                __sfp_lock_release
 .text.__sinit_lock_acquire
                0x000000000820adcc        0x4 /home/srdejong/intelFPGA/17.1/nios2eds/bin/gnu/H-x86_64-pc-linux-gnu/bin/../lib/gcc/nios2-elf/5.3.0/../../../../../H-x86_64-pc-linux-gnu/nios2-elf/lib/libc.a(lib_a-findfp.o)
                0x000000000820adcc                __sinit_lock_acquire
 .text.__sinit_lock_release
                0x000000000820add0        0x4 /home/srdejong/intelFPGA/17.1/nios2eds/bin/gnu/H-x86_64-pc-linux-gnu/bin/../lib/gcc/nios2-elf/5.3.0/../../../../../H-x86_64-pc-linux-gnu/nios2-elf/lib/libc.a(lib_a-findfp.o)
                0x000000000820add0                __sinit_lock_release
 .text.__fp_lock_all
                0x000000000820add4       0x18 /home/srdejong/intelFPGA/17.1/nios2eds/bin/gnu/H-x86_64-pc-linux-gnu/bin/../lib/gcc/nios2-elf/5.3.0/../../../../../H-x86_64-pc-linux-gnu/nios2-elf/lib/libc.a(lib_a-findfp.o)
                0x000000000820add4                __fp_lock_all
 .text.__fp_unlock_all
                0x000000000820adec       0x18 /home/srdejong/intelFPGA/17.1/nios2eds/bin/gnu/H-x86_64-pc-linux-gnu/bin/../lib/gcc/nios2-elf/5.3.0/../../../../../H-x86_64-pc-linux-gnu/nios2-elf/lib/libc.a(lib_a-findfp.o)
                0x000000000820adec                __fp_unlock_all
 .text          0x000000000820ae04        0x0 /home/srdejong/intelFPGA/17.1/nios2eds/bin/gnu/H-x86_64-pc-linux-gnu/bin/../lib/gcc/nios2-elf/5.3.0/../../../../../H-x86_64-pc-linux-gnu/nios2-elf/lib/libc.a(lib_a-fputc.o)
 .text._fputc_r
                0x000000000820ae04       0x44 /home/srdejong/intelFPGA/17.1/nios2eds/bin/gnu/H-x86_64-pc-linux-gnu/bin/../lib/gcc/nios2-elf/5.3.0/../../../../../H-x86_64-pc-linux-gnu/nios2-elf/lib/libc.a(lib_a-fputc.o)
                0x000000000820ae04                _fputc_r
 .text.fputc    0x000000000820ae48       0x5c /home/srdejong/intelFPGA/17.1/nios2eds/bin/gnu/H-x86_64-pc-linux-gnu/bin/../lib/gcc/nios2-elf/5.3.0/../../../../../H-x86_64-pc-linux-gnu/nios2-elf/lib/libc.a(lib_a-fputc.o)
                0x000000000820ae48                fputc
 .text          0x000000000820aea4        0x0 /home/srdejong/intelFPGA/17.1/nios2eds/bin/gnu/H-x86_64-pc-linux-gnu/bin/../lib/gcc/nios2-elf/5.3.0/../../../../../H-x86_64-pc-linux-gnu/nios2-elf/lib/libc.a(lib_a-fputs.o)
 .text._fputs_r
                0x000000000820aea4       0x9c /home/srdejong/intelFPGA/17.1/nios2eds/bin/gnu/H-x86_64-pc-linux-gnu/bin/../lib/gcc/nios2-elf/5.3.0/../../../../../H-x86_64-pc-linux-gnu/nios2-elf/lib/libc.a(lib_a-fputs.o)
                0x000000000820aea4                _fputs_r
 .text.fputs    0x000000000820af40       0x18 /home/srdejong/intelFPGA/17.1/nios2eds/bin/gnu/H-x86_64-pc-linux-gnu/bin/../lib/gcc/nios2-elf/5.3.0/../../../../../H-x86_64-pc-linux-gnu/nios2-elf/lib/libc.a(lib_a-fputs.o)
                0x000000000820af40                fputs
 .text          0x000000000820af58        0x0 /home/srdejong/intelFPGA/17.1/nios2eds/bin/gnu/H-x86_64-pc-linux-gnu/bin/../lib/gcc/nios2-elf/5.3.0/../../../../../H-x86_64-pc-linux-gnu/nios2-elf/lib/libc.a(lib_a-freer.o)
 .text._malloc_trim_r
                0x000000000820af58      0x124 /home/srdejong/intelFPGA/17.1/nios2eds/bin/gnu/H-x86_64-pc-linux-gnu/bin/../lib/gcc/nios2-elf/5.3.0/../../../../../H-x86_64-pc-linux-gnu/nios2-elf/lib/libc.a(lib_a-freer.o)
                0x000000000820af58                _malloc_trim_r
 .text._free_r  0x000000000820b07c      0x310 /home/srdejong/intelFPGA/17.1/nios2eds/bin/gnu/H-x86_64-pc-linux-gnu/bin/../lib/gcc/nios2-elf/5.3.0/../../../../../H-x86_64-pc-linux-gnu/nios2-elf/lib/libc.a(lib_a-freer.o)
                0x000000000820b07c                _free_r
 .text          0x000000000820b38c        0x0 /home/srdejong/intelFPGA/17.1/nios2eds/bin/gnu/H-x86_64-pc-linux-gnu/bin/../lib/gcc/nios2-elf/5.3.0/../../../../../H-x86_64-pc-linux-gnu/nios2-elf/lib/libc.a(lib_a-fvwrite.o)
 .text.__sfvwrite_r
                0x000000000820b38c      0x4bc /home/srdejong/intelFPGA/17.1/nios2eds/bin/gnu/H-x86_64-pc-linux-gnu/bin/../lib/gcc/nios2-elf/5.3.0/../../../../../H-x86_64-pc-linux-gnu/nios2-elf/lib/libc.a(lib_a-fvwrite.o)
                0x000000000820b38c                __sfvwrite_r
 .text          0x000000000820b848        0x0 /home/srdejong/intelFPGA/17.1/nios2eds/bin/gnu/H-x86_64-pc-linux-gnu/bin/../lib/gcc/nios2-elf/5.3.0/../../../../../H-x86_64-pc-linux-gnu/nios2-elf/lib/libc.a(lib_a-fwalk.o)
 .text._fwalk   0x000000000820b848       0xc4 /home/srdejong/intelFPGA/17.1/nios2eds/bin/gnu/H-x86_64-pc-linux-gnu/bin/../lib/gcc/nios2-elf/5.3.0/../../../../../H-x86_64-pc-linux-gnu/nios2-elf/lib/libc.a(lib_a-fwalk.o)
                0x000000000820b848                _fwalk
 .text._fwalk_reent
                0x000000000820b90c       0xc4 /home/srdejong/intelFPGA/17.1/nios2eds/bin/gnu/H-x86_64-pc-linux-gnu/bin/../lib/gcc/nios2-elf/5.3.0/../../../../../H-x86_64-pc-linux-gnu/nios2-elf/lib/libc.a(lib_a-fwalk.o)
                0x000000000820b90c                _fwalk_reent
 .text          0x000000000820b9d0        0x0 /home/srdejong/intelFPGA/17.1/nios2eds/bin/gnu/H-x86_64-pc-linux-gnu/bin/../lib/gcc/nios2-elf/5.3.0/../../../../../H-x86_64-pc-linux-gnu/nios2-elf/lib/libc.a(lib_a-locale.o)
 .text._setlocale_r
                0x000000000820b9d0       0x7c /home/srdejong/intelFPGA/17.1/nios2eds/bin/gnu/H-x86_64-pc-linux-gnu/bin/../lib/gcc/nios2-elf/5.3.0/../../../../../H-x86_64-pc-linux-gnu/nios2-elf/lib/libc.a(lib_a-locale.o)
                0x000000000820b9d0                _setlocale_r
 .text.__locale_charset
                0x000000000820ba4c        0xc /home/srdejong/intelFPGA/17.1/nios2eds/bin/gnu/H-x86_64-pc-linux-gnu/bin/../lib/gcc/nios2-elf/5.3.0/../../../../../H-x86_64-pc-linux-gnu/nios2-elf/lib/libc.a(lib_a-locale.o)
                0x000000000820ba4c                __locale_charset
 .text.__locale_mb_cur_max
                0x000000000820ba58       0x10 /home/srdejong/intelFPGA/17.1/nios2eds/bin/gnu/H-x86_64-pc-linux-gnu/bin/../lib/gcc/nios2-elf/5.3.0/../../../../../H-x86_64-pc-linux-gnu/nios2-elf/lib/libc.a(lib_a-locale.o)
                0x000000000820ba58                __locale_mb_cur_max
 .text.__locale_msgcharset
                0x000000000820ba68        0xc /home/srdejong/intelFPGA/17.1/nios2eds/bin/gnu/H-x86_64-pc-linux-gnu/bin/../lib/gcc/nios2-elf/5.3.0/../../../../../H-x86_64-pc-linux-gnu/nios2-elf/lib/libc.a(lib_a-locale.o)
                0x000000000820ba68                __locale_msgcharset
 .text.__locale_cjk_lang
                0x000000000820ba74        0x8 /home/srdejong/intelFPGA/17.1/nios2eds/bin/gnu/H-x86_64-pc-linux-gnu/bin/../lib/gcc/nios2-elf/5.3.0/../../../../../H-x86_64-pc-linux-gnu/nios2-elf/lib/libc.a(lib_a-locale.o)
                0x000000000820ba74                __locale_cjk_lang
 .text._localeconv_r
                0x000000000820ba7c        0xc /home/srdejong/intelFPGA/17.1/nios2eds/bin/gnu/H-x86_64-pc-linux-gnu/bin/../lib/gcc/nios2-elf/5.3.0/../../../../../H-x86_64-pc-linux-gnu/nios2-elf/lib/libc.a(lib_a-locale.o)
                0x000000000820ba7c                _localeconv_r
 .text.setlocale
                0x000000000820ba88       0x18 /home/srdejong/intelFPGA/17.1/nios2eds/bin/gnu/H-x86_64-pc-linux-gnu/bin/../lib/gcc/nios2-elf/5.3.0/../../../../../H-x86_64-pc-linux-gnu/nios2-elf/lib/libc.a(lib_a-locale.o)
                0x000000000820ba88                setlocale
 .text.localeconv
                0x000000000820baa0        0xc /home/srdejong/intelFPGA/17.1/nios2eds/bin/gnu/H-x86_64-pc-linux-gnu/bin/../lib/gcc/nios2-elf/5.3.0/../../../../../H-x86_64-pc-linux-gnu/nios2-elf/lib/libc.a(lib_a-locale.o)
                0x000000000820baa0                localeconv
 .text          0x000000000820baac        0x0 /home/srdejong/intelFPGA/17.1/nios2eds/bin/gnu/H-x86_64-pc-linux-gnu/bin/../lib/gcc/nios2-elf/5.3.0/../../../../../H-x86_64-pc-linux-gnu/nios2-elf/lib/libc.a(lib_a-makebuf.o)
 .text.__smakebuf_r
                0x000000000820baac      0x1bc /home/srdejong/intelFPGA/17.1/nios2eds/bin/gnu/H-x86_64-pc-linux-gnu/bin/../lib/gcc/nios2-elf/5.3.0/../../../../../H-x86_64-pc-linux-gnu/nios2-elf/lib/libc.a(lib_a-makebuf.o)
                0x000000000820baac                __smakebuf_r
 .text          0x000000000820bc68        0x0 /home/srdejong/intelFPGA/17.1/nios2eds/bin/gnu/H-x86_64-pc-linux-gnu/bin/../lib/gcc/nios2-elf/5.3.0/../../../../../H-x86_64-pc-linux-gnu/nios2-elf/lib/libc.a(lib_a-mallocr.o)
 .text._malloc_r
                0x000000000820bc68      0x80c /home/srdejong/intelFPGA/17.1/nios2eds/bin/gnu/H-x86_64-pc-linux-gnu/bin/../lib/gcc/nios2-elf/5.3.0/../../../../../H-x86_64-pc-linux-gnu/nios2-elf/lib/libc.a(lib_a-mallocr.o)
                0x000000000820bc68                _malloc_r
 .text          0x000000000820c474        0x0 /home/srdejong/intelFPGA/17.1/nios2eds/bin/gnu/H-x86_64-pc-linux-gnu/bin/../lib/gcc/nios2-elf/5.3.0/../../../../../H-x86_64-pc-linux-gnu/nios2-elf/lib/libc.a(lib_a-memchr.o)
 .text.memchr   0x000000000820c474       0xe4 /home/srdejong/intelFPGA/17.1/nios2eds/bin/gnu/H-x86_64-pc-linux-gnu/bin/../lib/gcc/nios2-elf/5.3.0/../../../../../H-x86_64-pc-linux-gnu/nios2-elf/lib/libc.a(lib_a-memchr.o)
                0x000000000820c474                memchr
 .text          0x000000000820c558        0x0 /home/srdejong/intelFPGA/17.1/nios2eds/bin/gnu/H-x86_64-pc-linux-gnu/bin/../lib/gcc/nios2-elf/5.3.0/../../../../../H-x86_64-pc-linux-gnu/nios2-elf/lib/libc.a(lib_a-memcmp.o)
 .text.memcmp   0x000000000820c558       0x7c /home/srdejong/intelFPGA/17.1/nios2eds/bin/gnu/H-x86_64-pc-linux-gnu/bin/../lib/gcc/nios2-elf/5.3.0/../../../../../H-x86_64-pc-linux-gnu/nios2-elf/lib/libc.a(lib_a-memcmp.o)
                0x000000000820c558                memcmp
 .text          0x000000000820c5d4        0x0 /home/srdejong/intelFPGA/17.1/nios2eds/bin/gnu/H-x86_64-pc-linux-gnu/bin/../lib/gcc/nios2-elf/5.3.0/../../../../../H-x86_64-pc-linux-gnu/nios2-elf/lib/libc.a(lib_a-mprec.o)
 .text._Balloc  0x000000000820c5d4       0xa8 /home/srdejong/intelFPGA/17.1/nios2eds/bin/gnu/H-x86_64-pc-linux-gnu/bin/../lib/gcc/nios2-elf/5.3.0/../../../../../H-x86_64-pc-linux-gnu/nios2-elf/lib/libc.a(lib_a-mprec.o)
                0x000000000820c5d4                _Balloc
 .text._Bfree   0x000000000820c67c       0x28 /home/srdejong/intelFPGA/17.1/nios2eds/bin/gnu/H-x86_64-pc-linux-gnu/bin/../lib/gcc/nios2-elf/5.3.0/../../../../../H-x86_64-pc-linux-gnu/nios2-elf/lib/libc.a(lib_a-mprec.o)
                0x000000000820c67c                _Bfree
 .text.__multadd
                0x000000000820c6a4      0x120 /home/srdejong/intelFPGA/17.1/nios2eds/bin/gnu/H-x86_64-pc-linux-gnu/bin/../lib/gcc/nios2-elf/5.3.0/../../../../../H-x86_64-pc-linux-gnu/nios2-elf/lib/libc.a(lib_a-mprec.o)
                0x000000000820c6a4                __multadd
 .text.__s2b    0x000000000820c7c4      0x104 /home/srdejong/intelFPGA/17.1/nios2eds/bin/gnu/H-x86_64-pc-linux-gnu/bin/../lib/gcc/nios2-elf/5.3.0/../../../../../H-x86_64-pc-linux-gnu/nios2-elf/lib/libc.a(lib_a-mprec.o)
                0x000000000820c7c4                __s2b
 .text.__hi0bits
                0x000000000820c8c8       0x68 /home/srdejong/intelFPGA/17.1/nios2eds/bin/gnu/H-x86_64-pc-linux-gnu/bin/../lib/gcc/nios2-elf/5.3.0/../../../../../H-x86_64-pc-linux-gnu/nios2-elf/lib/libc.a(lib_a-mprec.o)
                0x000000000820c8c8                __hi0bits
 .text.__lo0bits
                0x000000000820c930       0xb0 /home/srdejong/intelFPGA/17.1/nios2eds/bin/gnu/H-x86_64-pc-linux-gnu/bin/../lib/gcc/nios2-elf/5.3.0/../../../../../H-x86_64-pc-linux-gnu/nios2-elf/lib/libc.a(lib_a-mprec.o)
                0x000000000820c930                __lo0bits
 .text.__i2b    0x000000000820c9e0       0x3c /home/srdejong/intelFPGA/17.1/nios2eds/bin/gnu/H-x86_64-pc-linux-gnu/bin/../lib/gcc/nios2-elf/5.3.0/../../../../../H-x86_64-pc-linux-gnu/nios2-elf/lib/libc.a(lib_a-mprec.o)
                0x000000000820c9e0                __i2b
 .text.__multiply
                0x000000000820ca1c      0x1f8 /home/srdejong/intelFPGA/17.1/nios2eds/bin/gnu/H-x86_64-pc-linux-gnu/bin/../lib/gcc/nios2-elf/5.3.0/../../../../../H-x86_64-pc-linux-gnu/nios2-elf/lib/libc.a(lib_a-mprec.o)
                0x000000000820ca1c                __multiply
 .text.__pow5mult
                0x000000000820cc14      0x140 /home/srdejong/intelFPGA/17.1/nios2eds/bin/gnu/H-x86_64-pc-linux-gnu/bin/../lib/gcc/nios2-elf/5.3.0/../../../../../H-x86_64-pc-linux-gnu/nios2-elf/lib/libc.a(lib_a-mprec.o)
                0x000000000820cc14                __pow5mult
 .text.__lshift
                0x000000000820cd54      0x148 /home/srdejong/intelFPGA/17.1/nios2eds/bin/gnu/H-x86_64-pc-linux-gnu/bin/../lib/gcc/nios2-elf/5.3.0/../../../../../H-x86_64-pc-linux-gnu/nios2-elf/lib/libc.a(lib_a-mprec.o)
                0x000000000820cd54                __lshift
 .text.__mcmp   0x000000000820ce9c       0x60 /home/srdejong/intelFPGA/17.1/nios2eds/bin/gnu/H-x86_64-pc-linux-gnu/bin/../lib/gcc/nios2-elf/5.3.0/../../../../../H-x86_64-pc-linux-gnu/nios2-elf/lib/libc.a(lib_a-mprec.o)
                0x000000000820ce9c                __mcmp
 .text.__mdiff  0x000000000820cefc      0x1fc /home/srdejong/intelFPGA/17.1/nios2eds/bin/gnu/H-x86_64-pc-linux-gnu/bin/../lib/gcc/nios2-elf/5.3.0/../../../../../H-x86_64-pc-linux-gnu/nios2-elf/lib/libc.a(lib_a-mprec.o)
                0x000000000820cefc                __mdiff
 .text.__ulp    0x000000000820d0f8       0x64 /home/srdejong/intelFPGA/17.1/nios2eds/bin/gnu/H-x86_64-pc-linux-gnu/bin/../lib/gcc/nios2-elf/5.3.0/../../../../../H-x86_64-pc-linux-gnu/nios2-elf/lib/libc.a(lib_a-mprec.o)
                0x000000000820d0f8                __ulp
 .text.__b2d    0x000000000820d15c      0x10c /home/srdejong/intelFPGA/17.1/nios2eds/bin/gnu/H-x86_64-pc-linux-gnu/bin/../lib/gcc/nios2-elf/5.3.0/../../../../../H-x86_64-pc-linux-gnu/nios2-elf/lib/libc.a(lib_a-mprec.o)
                0x000000000820d15c                __b2d
 .text.__d2b    0x000000000820d268      0x14c /home/srdejong/intelFPGA/17.1/nios2eds/bin/gnu/H-x86_64-pc-linux-gnu/bin/../lib/gcc/nios2-elf/5.3.0/../../../../../H-x86_64-pc-linux-gnu/nios2-elf/lib/libc.a(lib_a-mprec.o)
                0x000000000820d268                __d2b
 .text.__ratio  0x000000000820d3b4       0xa4 /home/srdejong/intelFPGA/17.1/nios2eds/bin/gnu/H-x86_64-pc-linux-gnu/bin/../lib/gcc/nios2-elf/5.3.0/../../../../../H-x86_64-pc-linux-gnu/nios2-elf/lib/libc.a(lib_a-mprec.o)
                0x000000000820d3b4                __ratio
 .text._mprec_log10
                0x000000000820d458       0x74 /home/srdejong/intelFPGA/17.1/nios2eds/bin/gnu/H-x86_64-pc-linux-gnu/bin/../lib/gcc/nios2-elf/5.3.0/../../../../../H-x86_64-pc-linux-gnu/nios2-elf/lib/libc.a(lib_a-mprec.o)
                0x000000000820d458                _mprec_log10
 .text.__copybits
                0x000000000820d4cc       0x78 /home/srdejong/intelFPGA/17.1/nios2eds/bin/gnu/H-x86_64-pc-linux-gnu/bin/../lib/gcc/nios2-elf/5.3.0/../../../../../H-x86_64-pc-linux-gnu/nios2-elf/lib/libc.a(lib_a-mprec.o)
                0x000000000820d4cc                __copybits
 .text.__any_on
                0x000000000820d544       0x8c /home/srdejong/intelFPGA/17.1/nios2eds/bin/gnu/H-x86_64-pc-linux-gnu/bin/../lib/gcc/nios2-elf/5.3.0/../../../../../H-x86_64-pc-linux-gnu/nios2-elf/lib/libc.a(lib_a-mprec.o)
                0x000000000820d544                __any_on
 .text          0x000000000820d5d0        0x0 /home/srdejong/intelFPGA/17.1/nios2eds/bin/gnu/H-x86_64-pc-linux-gnu/bin/../lib/gcc/nios2-elf/5.3.0/../../../../../H-x86_64-pc-linux-gnu/nios2-elf/lib/libc.a(lib_a-reallocr.o)
 .text._realloc_r
                0x000000000820d5d0      0x564 /home/srdejong/intelFPGA/17.1/nios2eds/bin/gnu/H-x86_64-pc-linux-gnu/bin/../lib/gcc/nios2-elf/5.3.0/../../../../../H-x86_64-pc-linux-gnu/nios2-elf/lib/libc.a(lib_a-reallocr.o)
                0x000000000820d5d0                _realloc_r
 .text          0x000000000820db34        0x0 /home/srdejong/intelFPGA/17.1/nios2eds/bin/gnu/H-x86_64-pc-linux-gnu/bin/../lib/gcc/nios2-elf/5.3.0/../../../../../H-x86_64-pc-linux-gnu/nios2-elf/lib/libc.a(lib_a-refill.o)
 .text.lflush   0x000000000820db34       0x1c /home/srdejong/intelFPGA/17.1/nios2eds/bin/gnu/H-x86_64-pc-linux-gnu/bin/../lib/gcc/nios2-elf/5.3.0/../../../../../H-x86_64-pc-linux-gnu/nios2-elf/lib/libc.a(lib_a-refill.o)
 .text.__srefill_r
                0x000000000820db50      0x1d4 /home/srdejong/intelFPGA/17.1/nios2eds/bin/gnu/H-x86_64-pc-linux-gnu/bin/../lib/gcc/nios2-elf/5.3.0/../../../../../H-x86_64-pc-linux-gnu/nios2-elf/lib/libc.a(lib_a-refill.o)
                0x000000000820db50                __srefill_r
 .text          0x000000000820dd24        0x0 /home/srdejong/intelFPGA/17.1/nios2eds/bin/gnu/H-x86_64-pc-linux-gnu/bin/../lib/gcc/nios2-elf/5.3.0/../../../../../H-x86_64-pc-linux-gnu/nios2-elf/lib/libc.a(lib_a-s_fpclassify.o)
 .text.__fpclassifyd
                0x000000000820dd24       0x74 /home/srdejong/intelFPGA/17.1/nios2eds/bin/gnu/H-x86_64-pc-linux-gnu/bin/../lib/gcc/nios2-elf/5.3.0/../../../../../H-x86_64-pc-linux-gnu/nios2-elf/lib/libc.a(lib_a-s_fpclassify.o)
                0x000000000820dd24                __fpclassifyd
 .text          0x000000000820dd98        0x0 /home/srdejong/intelFPGA/17.1/nios2eds/bin/gnu/H-x86_64-pc-linux-gnu/bin/../lib/gcc/nios2-elf/5.3.0/../../../../../H-x86_64-pc-linux-gnu/nios2-elf/lib/libc.a(lib_a-sbrkr.o)
 .text._sbrk_r  0x000000000820dd98       0x54 /home/srdejong/intelFPGA/17.1/nios2eds/bin/gnu/H-x86_64-pc-linux-gnu/bin/../lib/gcc/nios2-elf/5.3.0/../../../../../H-x86_64-pc-linux-gnu/nios2-elf/lib/libc.a(lib_a-sbrkr.o)
                0x000000000820dd98                _sbrk_r
 .text          0x000000000820ddec        0x0 /home/srdejong/intelFPGA/17.1/nios2eds/bin/gnu/H-x86_64-pc-linux-gnu/bin/../lib/gcc/nios2-elf/5.3.0/../../../../../H-x86_64-pc-linux-gnu/nios2-elf/lib/libc.a(lib_a-stdio.o)
 .text.__sread  0x000000000820ddec       0x54 /home/srdejong/intelFPGA/17.1/nios2eds/bin/gnu/H-x86_64-pc-linux-gnu/bin/../lib/gcc/nios2-elf/5.3.0/../../../../../H-x86_64-pc-linux-gnu/nios2-elf/lib/libc.a(lib_a-stdio.o)
                0x000000000820ddec                __sread
 .text.__seofread
                0x000000000820de40        0x8 /home/srdejong/intelFPGA/17.1/nios2eds/bin/gnu/H-x86_64-pc-linux-gnu/bin/../lib/gcc/nios2-elf/5.3.0/../../../../../H-x86_64-pc-linux-gnu/nios2-elf/lib/libc.a(lib_a-stdio.o)
                0x000000000820de40                __seofread
 .text.__swrite
                0x000000000820de48       0x7c /home/srdejong/intelFPGA/17.1/nios2eds/bin/gnu/H-x86_64-pc-linux-gnu/bin/../lib/gcc/nios2-elf/5.3.0/../../../../../H-x86_64-pc-linux-gnu/nios2-elf/lib/libc.a(lib_a-stdio.o)
                0x000000000820de48                __swrite
 .text.__sseek  0x000000000820dec4       0x5c /home/srdejong/intelFPGA/17.1/nios2eds/bin/gnu/H-x86_64-pc-linux-gnu/bin/../lib/gcc/nios2-elf/5.3.0/../../../../../H-x86_64-pc-linux-gnu/nios2-elf/lib/libc.a(lib_a-stdio.o)
                0x000000000820dec4                __sseek
 .text.__sclose
                0x000000000820df20        0x8 /home/srdejong/intelFPGA/17.1/nios2eds/bin/gnu/H-x86_64-pc-linux-gnu/bin/../lib/gcc/nios2-elf/5.3.0/../../../../../H-x86_64-pc-linux-gnu/nios2-elf/lib/libc.a(lib_a-stdio.o)
                0x000000000820df20                __sclose
 .text          0x000000000820df28        0x0 /home/srdejong/intelFPGA/17.1/nios2eds/bin/gnu/H-x86_64-pc-linux-gnu/bin/../lib/gcc/nios2-elf/5.3.0/../../../../../H-x86_64-pc-linux-gnu/nios2-elf/lib/libc.a(lib_a-strcmp.o)
 .text.strcmp   0x000000000820df28       0xdc /home/srdejong/intelFPGA/17.1/nios2eds/bin/gnu/H-x86_64-pc-linux-gnu/bin/../lib/gcc/nios2-elf/5.3.0/../../../../../H-x86_64-pc-linux-gnu/nios2-elf/lib/libc.a(lib_a-strcmp.o)
                0x000000000820df28                strcmp
 .text          0x000000000820e004        0x0 /home/srdejong/intelFPGA/17.1/nios2eds/bin/gnu/H-x86_64-pc-linux-gnu/bin/../lib/gcc/nios2-elf/5.3.0/../../../../../H-x86_64-pc-linux-gnu/nios2-elf/lib/libc.a(lib_a-svfiprintf.o)
 .text.__ssprint_r
                0x000000000820e004      0x1d0 /home/srdejong/intelFPGA/17.1/nios2eds/bin/gnu/H-x86_64-pc-linux-gnu/bin/../lib/gcc/nios2-elf/5.3.0/../../../../../H-x86_64-pc-linux-gnu/nios2-elf/lib/libc.a(lib_a-svfiprintf.o)
                0x000000000820e004                __ssprint_r
 .text.___svfiprintf_internal_r
                0x000000000820e1d4     0x123c /home/srdejong/intelFPGA/17.1/nios2eds/bin/gnu/H-x86_64-pc-linux-gnu/bin/../lib/gcc/nios2-elf/5.3.0/../../../../../H-x86_64-pc-linux-gnu/nios2-elf/lib/libc.a(lib_a-svfiprintf.o)
                0x000000000820e1d4                ___svfiprintf_internal_r
 .text          0x000000000820f410        0x0 /home/srdejong/intelFPGA/17.1/nios2eds/bin/gnu/H-x86_64-pc-linux-gnu/bin/../lib/gcc/nios2-elf/5.3.0/../../../../../H-x86_64-pc-linux-gnu/nios2-elf/lib/libc.a(lib_a-vfiprintf.o)
 .text.__sprint_r.part.0
                0x000000000820f410       0xfc /home/srdejong/intelFPGA/17.1/nios2eds/bin/gnu/H-x86_64-pc-linux-gnu/bin/../lib/gcc/nios2-elf/5.3.0/../../../../../H-x86_64-pc-linux-gnu/nios2-elf/lib/libc.a(lib_a-vfiprintf.o)
 .text.__sprint_r
                0x000000000820f50c       0x18 /home/srdejong/intelFPGA/17.1/nios2eds/bin/gnu/H-x86_64-pc-linux-gnu/bin/../lib/gcc/nios2-elf/5.3.0/../../../../../H-x86_64-pc-linux-gnu/nios2-elf/lib/libc.a(lib_a-vfiprintf.o)
                0x000000000820f50c                __sprint_r
 .text.___vfiprintf_internal_r
                0x000000000820f524     0x145c /home/srdejong/intelFPGA/17.1/nios2eds/bin/gnu/H-x86_64-pc-linux-gnu/bin/../lib/gcc/nios2-elf/5.3.0/../../../../../H-x86_64-pc-linux-gnu/nios2-elf/lib/libc.a(lib_a-vfiprintf.o)
                0x000000000820f524                ___vfiprintf_internal_r
 .text.__vfiprintf_internal
                0x0000000008210980       0x1c /home/srdejong/intelFPGA/17.1/nios2eds/bin/gnu/H-x86_64-pc-linux-gnu/bin/../lib/gcc/nios2-elf/5.3.0/../../../../../H-x86_64-pc-linux-gnu/nios2-elf/lib/libc.a(lib_a-vfiprintf.o)
                0x0000000008210980                __vfiprintf_internal
 .text.__sbprintf
                0x000000000821099c       0xbc /home/srdejong/intelFPGA/17.1/nios2eds/bin/gnu/H-x86_64-pc-linux-gnu/bin/../lib/gcc/nios2-elf/5.3.0/../../../../../H-x86_64-pc-linux-gnu/nios2-elf/lib/libc.a(lib_a-vfiprintf.o)
 .text          0x0000000008210a58        0x0 /home/srdejong/intelFPGA/17.1/nios2eds/bin/gnu/H-x86_64-pc-linux-gnu/bin/../lib/gcc/nios2-elf/5.3.0/../../../../../H-x86_64-pc-linux-gnu/nios2-elf/lib/libc.a(lib_a-writer.o)
 .text._write_r
                0x0000000008210a58       0x60 /home/srdejong/intelFPGA/17.1/nios2eds/bin/gnu/H-x86_64-pc-linux-gnu/bin/../lib/gcc/nios2-elf/5.3.0/../../../../../H-x86_64-pc-linux-gnu/nios2-elf/lib/libc.a(lib_a-writer.o)
                0x0000000008210a58                _write_r
 .text          0x0000000008210ab8        0x0 /home/srdejong/intelFPGA/17.1/nios2eds/bin/gnu/H-x86_64-pc-linux-gnu/bin/../lib/gcc/nios2-elf/5.3.0/../../../../../H-x86_64-pc-linux-gnu/nios2-elf/lib/libc.a(closer.o)
 .text._close_r
                0x0000000008210ab8       0x54 /home/srdejong/intelFPGA/17.1/nios2eds/bin/gnu/H-x86_64-pc-linux-gnu/bin/../lib/gcc/nios2-elf/5.3.0/../../../../../H-x86_64-pc-linux-gnu/nios2-elf/lib/libc.a(closer.o)
                0x0000000008210ab8                _close_r
 .text          0x0000000008210b0c        0x0 /home/srdejong/intelFPGA/17.1/nios2eds/bin/gnu/H-x86_64-pc-linux-gnu/bin/../lib/gcc/nios2-elf/5.3.0/../../../../../H-x86_64-pc-linux-gnu/nios2-elf/lib/libc.a(lib_a-callocr.o)
 .text._calloc_r
                0x0000000008210b0c       0xc4 /home/srdejong/intelFPGA/17.1/nios2eds/bin/gnu/H-x86_64-pc-linux-gnu/bin/../lib/gcc/nios2-elf/5.3.0/../../../../../H-x86_64-pc-linux-gnu/nios2-elf/lib/libc.a(lib_a-callocr.o)
                0x0000000008210b0c                _calloc_r
 .text          0x0000000008210bd0        0x0 /home/srdejong/intelFPGA/17.1/nios2eds/bin/gnu/H-x86_64-pc-linux-gnu/bin/../lib/gcc/nios2-elf/5.3.0/../../../../../H-x86_64-pc-linux-gnu/nios2-elf/lib/libc.a(lib_a-fclose.o)
 .text._fclose_r
                0x0000000008210bd0       0xf0 /home/srdejong/intelFPGA/17.1/nios2eds/bin/gnu/H-x86_64-pc-linux-gnu/bin/../lib/gcc/nios2-elf/5.3.0/../../../../../H-x86_64-pc-linux-gnu/nios2-elf/lib/libc.a(lib_a-fclose.o)
                0x0000000008210bd0                _fclose_r
 .text.fclose   0x0000000008210cc0       0x14 /home/srdejong/intelFPGA/17.1/nios2eds/bin/gnu/H-x86_64-pc-linux-gnu/bin/../lib/gcc/nios2-elf/5.3.0/../../../../../H-x86_64-pc-linux-gnu/nios2-elf/lib/libc.a(lib_a-fclose.o)
                0x0000000008210cc0                fclose
 .text          0x0000000008210cd4        0x0 /home/srdejong/intelFPGA/17.1/nios2eds/bin/gnu/H-x86_64-pc-linux-gnu/bin/../lib/gcc/nios2-elf/5.3.0/../../../../../H-x86_64-pc-linux-gnu/nios2-elf/lib/libc.a(lib_a-fputwc.o)
 .text.__fputwc
                0x0000000008210cd4      0x164 /home/srdejong/intelFPGA/17.1/nios2eds/bin/gnu/H-x86_64-pc-linux-gnu/bin/../lib/gcc/nios2-elf/5.3.0/../../../../../H-x86_64-pc-linux-gnu/nios2-elf/lib/libc.a(lib_a-fputwc.o)
                0x0000000008210cd4                __fputwc
 .text._fputwc_r
                0x0000000008210e38       0x24 /home/srdejong/intelFPGA/17.1/nios2eds/bin/gnu/H-x86_64-pc-linux-gnu/bin/../lib/gcc/nios2-elf/5.3.0/../../../../../H-x86_64-pc-linux-gnu/nios2-elf/lib/libc.a(lib_a-fputwc.o)
                0x0000000008210e38                _fputwc_r
 .text.fputwc   0x0000000008210e5c       0x80 /home/srdejong/intelFPGA/17.1/nios2eds/bin/gnu/H-x86_64-pc-linux-gnu/bin/../lib/gcc/nios2-elf/5.3.0/../../../../../H-x86_64-pc-linux-gnu/nios2-elf/lib/libc.a(lib_a-fputwc.o)
                0x0000000008210e5c                fputwc
 .text          0x0000000008210edc        0x0 /home/srdejong/intelFPGA/17.1/nios2eds/bin/gnu/H-x86_64-pc-linux-gnu/bin/../lib/gcc/nios2-elf/5.3.0/../../../../../H-x86_64-pc-linux-gnu/nios2-elf/lib/libc.a(lib_a-fstatr.o)
 .text._fstat_r
                0x0000000008210edc       0x5c /home/srdejong/intelFPGA/17.1/nios2eds/bin/gnu/H-x86_64-pc-linux-gnu/bin/../lib/gcc/nios2-elf/5.3.0/../../../../../H-x86_64-pc-linux-gnu/nios2-elf/lib/libc.a(lib_a-fstatr.o)
                0x0000000008210edc                _fstat_r
 .text          0x0000000008210f38        0x0 /home/srdejong/intelFPGA/17.1/nios2eds/bin/gnu/H-x86_64-pc-linux-gnu/bin/../lib/gcc/nios2-elf/5.3.0/../../../../../H-x86_64-pc-linux-gnu/nios2-elf/lib/libc.a(lib_a-int_errno.o)
 .text          0x0000000008210f38        0x0 /home/srdejong/intelFPGA/17.1/nios2eds/bin/gnu/H-x86_64-pc-linux-gnu/bin/../lib/gcc/nios2-elf/5.3.0/../../../../../H-x86_64-pc-linux-gnu/nios2-elf/lib/libc.a(lib_a-isattyr.o)
 .text._isatty_r
                0x0000000008210f38       0x54 /home/srdejong/intelFPGA/17.1/nios2eds/bin/gnu/H-x86_64-pc-linux-gnu/bin/../lib/gcc/nios2-elf/5.3.0/../../../../../H-x86_64-pc-linux-gnu/nios2-elf/lib/libc.a(lib_a-isattyr.o)
                0x0000000008210f38                _isatty_r
 .text          0x0000000008210f8c        0x0 /home/srdejong/intelFPGA/17.1/nios2eds/bin/gnu/H-x86_64-pc-linux-gnu/bin/../lib/gcc/nios2-elf/5.3.0/../../../../../H-x86_64-pc-linux-gnu/nios2-elf/lib/libc.a(lib_a-lseekr.o)
 .text._lseek_r
                0x0000000008210f8c       0x60 /home/srdejong/intelFPGA/17.1/nios2eds/bin/gnu/H-x86_64-pc-linux-gnu/bin/../lib/gcc/nios2-elf/5.3.0/../../../../../H-x86_64-pc-linux-gnu/nios2-elf/lib/libc.a(lib_a-lseekr.o)
                0x0000000008210f8c                _lseek_r
 .text          0x0000000008210fec        0x0 /home/srdejong/intelFPGA/17.1/nios2eds/bin/gnu/H-x86_64-pc-linux-gnu/bin/../lib/gcc/nios2-elf/5.3.0/../../../../../H-x86_64-pc-linux-gnu/nios2-elf/lib/libc.a(lib_a-readr.o)
 .text._read_r  0x0000000008210fec       0x60 /home/srdejong/intelFPGA/17.1/nios2eds/bin/gnu/H-x86_64-pc-linux-gnu/bin/../lib/gcc/nios2-elf/5.3.0/../../../../../H-x86_64-pc-linux-gnu/nios2-elf/lib/libc.a(lib_a-readr.o)
                0x0000000008210fec                _read_r
 .text          0x000000000821104c        0x0 /home/srdejong/intelFPGA/17.1/nios2eds/bin/gnu/H-x86_64-pc-linux-gnu/bin/../lib/gcc/nios2-elf/5.3.0/../../../../../H-x86_64-pc-linux-gnu/nios2-elf/lib/libc.a(lib_a-wcrtomb.o)
 .text._wcrtomb_r
                0x000000000821104c       0x9c /home/srdejong/intelFPGA/17.1/nios2eds/bin/gnu/H-x86_64-pc-linux-gnu/bin/../lib/gcc/nios2-elf/5.3.0/../../../../../H-x86_64-pc-linux-gnu/nios2-elf/lib/libc.a(lib_a-wcrtomb.o)
                0x000000000821104c                _wcrtomb_r
 .text.wcrtomb  0x00000000082110e8       0xc0 /home/srdejong/intelFPGA/17.1/nios2eds/bin/gnu/H-x86_64-pc-linux-gnu/bin/../lib/gcc/nios2-elf/5.3.0/../../../../../H-x86_64-pc-linux-gnu/nios2-elf/lib/libc.a(lib_a-wcrtomb.o)
                0x00000000082110e8                wcrtomb
 .text          0x00000000082111a8        0x0 /home/srdejong/intelFPGA/17.1/nios2eds/bin/gnu/H-x86_64-pc-linux-gnu/bin/../lib/gcc/nios2-elf/5.3.0/../../../../../H-x86_64-pc-linux-gnu/nios2-elf/lib/libc.a(lib_a-wctomb_r.o)
 .text.__ascii_wctomb
                0x00000000082111a8       0x30 /home/srdejong/intelFPGA/17.1/nios2eds/bin/gnu/H-x86_64-pc-linux-gnu/bin/../lib/gcc/nios2-elf/5.3.0/../../../../../H-x86_64-pc-linux-gnu/nios2-elf/lib/libc.a(lib_a-wctomb_r.o)
                0x00000000082111a8                __ascii_wctomb
 .text._wctomb_r
                0x00000000082111d8       0x5c /home/srdejong/intelFPGA/17.1/nios2eds/bin/gnu/H-x86_64-pc-linux-gnu/bin/../lib/gcc/nios2-elf/5.3.0/../../../../../H-x86_64-pc-linux-gnu/nios2-elf/lib/libc.a(lib_a-wctomb_r.o)
                0x00000000082111d8                _wctomb_r
 .text          0x0000000008211234      0x578 /home/srdejong/intelFPGA/17.1/nios2eds/bin/gnu/H-x86_64-pc-linux-gnu/bin/../lib/gcc/nios2-elf/5.3.0/libgcc.a(_udivdi3.o)
                0x0000000008211234                __udivdi3
 .text          0x00000000082117ac      0x538 /home/srdejong/intelFPGA/17.1/nios2eds/bin/gnu/H-x86_64-pc-linux-gnu/bin/../lib/gcc/nios2-elf/5.3.0/libgcc.a(_umoddi3.o)
                0x00000000082117ac                __umoddi3
 .text          0x0000000008211ce4      0x8ac /home/srdejong/intelFPGA/17.1/nios2eds/bin/gnu/H-x86_64-pc-linux-gnu/bin/../lib/gcc/nios2-elf/5.3.0/libgcc.a(adddf3.o)
                0x0000000008211ce4                __adddf3
 .text          0x0000000008212590      0x8e8 /home/srdejong/intelFPGA/17.1/nios2eds/bin/gnu/H-x86_64-pc-linux-gnu/bin/../lib/gcc/nios2-elf/5.3.0/libgcc.a(divdf3.o)
                0x0000000008212590                __divdf3
 .text          0x0000000008212e78       0x88 /home/srdejong/intelFPGA/17.1/nios2eds/bin/gnu/H-x86_64-pc-linux-gnu/bin/../lib/gcc/nios2-elf/5.3.0/libgcc.a(eqdf2.o)
                0x0000000008212e78                __eqdf2
                0x0000000008212e78                __nedf2
 .text          0x0000000008212f00       0xdc /home/srdejong/intelFPGA/17.1/nios2eds/bin/gnu/H-x86_64-pc-linux-gnu/bin/../lib/gcc/nios2-elf/5.3.0/libgcc.a(gedf2.o)
                0x0000000008212f00                __gtdf2
                0x0000000008212f00                __gedf2
 .text          0x0000000008212fdc       0xf4 /home/srdejong/intelFPGA/17.1/nios2eds/bin/gnu/H-x86_64-pc-linux-gnu/bin/../lib/gcc/nios2-elf/5.3.0/libgcc.a(ledf2.o)
                0x0000000008212fdc                __ltdf2
                0x0000000008212fdc                __ledf2
 .text          0x00000000082130d0      0x718 /home/srdejong/intelFPGA/17.1/nios2eds/bin/gnu/H-x86_64-pc-linux-gnu/bin/../lib/gcc/nios2-elf/5.3.0/libgcc.a(muldf3.o)
                0x00000000082130d0                __muldf3
 .text          0x00000000082137e8      0x8fc /home/srdejong/intelFPGA/17.1/nios2eds/bin/gnu/H-x86_64-pc-linux-gnu/bin/../lib/gcc/nios2-elf/5.3.0/libgcc.a(subdf3.o)
                0x00000000082137e8                __subdf3
 .text          0x00000000082140e4       0x80 /home/srdejong/intelFPGA/17.1/nios2eds/bin/gnu/H-x86_64-pc-linux-gnu/bin/../lib/gcc/nios2-elf/5.3.0/libgcc.a(fixdfsi.o)
                0x00000000082140e4                __fixdfsi
 .text          0x0000000008214164       0xdc /home/srdejong/intelFPGA/17.1/nios2eds/bin/gnu/H-x86_64-pc-linux-gnu/bin/../lib/gcc/nios2-elf/5.3.0/libgcc.a(floatsidf.o)
                0x0000000008214164                __floatsidf
 .text          0x0000000008214240       0xa8 /home/srdejong/intelFPGA/17.1/nios2eds/bin/gnu/H-x86_64-pc-linux-gnu/bin/../lib/gcc/nios2-elf/5.3.0/libgcc.a(floatunsidf.o)
                0x0000000008214240                __floatunsidf
 .text          0x00000000082142e8        0x0 /home/srdejong/intelFPGA/17.1/nios2eds/bin/gnu/H-x86_64-pc-linux-gnu/bin/../lib/gcc/nios2-elf/5.3.0/libgcc.a(_clz.o)
 .text          0x00000000082142e8       0x64 /home/srdejong/intelFPGA/17.1/nios2eds/bin/gnu/H-x86_64-pc-linux-gnu/bin/../lib/gcc/nios2-elf/5.3.0/libgcc.a(_clzsi2.o)
                0x00000000082142e8                __clzsi2
 .text          0x000000000821434c       0xbc ../ADC_Socket_bsp//libucosii_bsp.a(alt_flash_dev.o)
                0x000000000821434c                alt_flash_open_dev
                0x00000000082143b4                alt_flash_close_dev
 .text          0x0000000008214408       0xec ../ADC_Socket_bsp//libucosii_bsp.a(alt_fstat.o)
                0x0000000008214444                fstat
 .text          0x00000000082144f4       0xe0 ../ADC_Socket_bsp//libucosii_bsp.a(alt_isatty.o)
                0x0000000008214530                isatty
 .text          0x00000000082145d4      0x110 ../ADC_Socket_bsp//libucosii_bsp.a(alt_lseek.o)
                0x0000000008214610                lseek
 .text          0x00000000082146e4       0xbc ../ADC_Socket_bsp//libucosii_bsp.a(alt_main.o)
                0x00000000082146e4                alt_main
 .text          0x00000000082147a0       0xb0 ../ADC_Socket_bsp//libucosii_bsp.a(alt_sbrk.o)
                0x00000000082147a0                sbrk
 .text          0x0000000008214850      0x124 ../ADC_Socket_bsp//libucosii_bsp.a(alt_env_lock.o)
                0x0000000008214850                __env_lock
                0x0000000008214914                __env_unlock
 .text          0x0000000008214974      0x1ec ../ADC_Socket_bsp//libucosii_bsp.a(alt_malloc_lock.o)
                0x0000000008214974                __malloc_lock
                0x0000000008214a94                __malloc_unlock
 .text          0x0000000008214b60     0x2014 ../ADC_Socket_bsp//libucosii_bsp.a(os_core.o)
                0x0000000008214b60                OSEventNameGet
                0x0000000008214c80                OSEventNameSet
                0x0000000008214dc0                OSEventPendMulti
                0x00000000082153d0                OSInit
                0x0000000008215428                OSIntEnter
                0x0000000008215474                OSIntExit
                0x000000000821556c                OSSchedLock
                0x00000000082155f8                OSSchedUnlock
                0x00000000082156d4                OSStart
                0x0000000008215744                OSStatInit
                0x00000000082157f4                OSTimeTick
                0x0000000008215a14                OSVersion
                0x0000000008215a34                OS_Dummy
                0x0000000008215a54                OS_EventTaskRdy
                0x0000000008215bec                OS_EventTaskWait
                0x0000000008215cfc                OS_EventTaskWaitMulti
                0x0000000008215e4c                OS_EventTaskRemove
                0x0000000008215f04                OS_EventTaskRemoveMulti
                0x0000000008216004                OS_EventWaitListInit
                0x00000000082163e4                OS_MemClr
                0x0000000008216438                OS_MemCopy
                0x00000000082164a0                OS_Sched
                0x00000000082165e4                OS_StrCopy
                0x0000000008216658                OS_StrLen
                0x00000000082166ac                OS_TaskIdle
                0x0000000008216708                OS_TaskStat
                0x00000000082167d4                OS_TaskStatStkChk
                0x00000000082168a0                OS_TCBInit
 .text          0x0000000008216b74      0x190 ../ADC_Socket_bsp//libucosii_bsp.a(os_dbg.o)
                0x0000000008216b74                OSDebugInit
 .text          0x0000000008216d04     0x1714 ../ADC_Socket_bsp//libucosii_bsp.a(os_flag.o)
                0x0000000008216d04                OSFlagAccept
                0x000000000821700c                OSFlagCreate
                0x0000000008217114                OSFlagDel
                0x000000000821735c                OSFlagNameGet
                0x0000000008217484                OSFlagNameSet
                0x00000000082175d0                OSFlagPend
                0x0000000008217b88                OSFlagPendGetFlagsRdy
                0x0000000008217be8                OSFlagPost
                0x0000000008217f7c                OSFlagQuery
                0x00000000082181a0                OS_FlagInit
                0x0000000008218374                OS_FlagUnlink
 .text          0x0000000008218418      0x754 ../ADC_Socket_bsp//libucosii_bsp.a(os_mem.o)
                0x0000000008218418                OSMemCreate
                0x00000000082185ec                OSMemGet
                0x00000000082186dc                OSMemNameGet
                0x00000000082187cc                OSMemNameSet
                0x00000000082188e0                OSMemPut
                0x00000000082189b8                OSMemQuery
                0x0000000008218aa0                OS_MemInit
 .text          0x0000000008218b6c     0x1104 ../ADC_Socket_bsp//libucosii_bsp.a(os_q.o)
                0x0000000008218b6c                OSQAccept
                0x0000000008218cac                OSQCreate
                0x0000000008218e58                OSQDel
                0x00000000082190d8                OSQFlush
                0x0000000008219190                OSQPend
                0x000000000821941c                OSQPendAbort
                0x0000000008219588                OSQPost
                0x00000000082196f0                OSQPostFront
                0x0000000008219860                OSQPostOpt
                0x0000000008219a6c                OSQQuery
                0x0000000008219bc8                OS_QInit
 .text          0x0000000008219c70      0xa60 ../ADC_Socket_bsp//libucosii_bsp.a(os_sem.o)
                0x0000000008219c70                OSSemAccept
                0x0000000008219d20                OSSemCreate
                0x0000000008219df8                OSSemDel
                0x000000000821a038                OSSemPend
                0x000000000821a244                OSSemPendAbort
                0x000000000821a3b0                OSSemPost
                0x000000000821a4c0                OSSemQuery
                0x000000000821a5d0                OSSemSet
 .text          0x000000000821a6d0     0x176c ../ADC_Socket_bsp//libucosii_bsp.a(os_task.o)
                0x000000000821a6d0                OSTaskChangePrio
                0x000000000821abc0                OSTaskCreate
                0x000000000821ad6c                OSTaskCreateExt
                0x000000000821af50                OSTaskDel
                0x000000000821b294                OSTaskDelReq
                0x000000000821b3e4                OSTaskNameGet
                0x000000000821b57c                OSTaskNameSet
                0x000000000821b730                OSTaskResume
                0x000000000821b904                OSTaskStkChk
                0x000000000821bac4                OSTaskSuspend
                0x000000000821bca8                OSTaskQuery
                0x000000000821bdcc                OS_TaskStkClr
 .text          0x000000000821be3c      0x4ec ../ADC_Socket_bsp//libucosii_bsp.a(os_time.o)
                0x000000000821be3c                OSTimeDly
                0x000000000821bf40                OSTimeDlyHMSM
                0x000000000821c098                OSTimeDlyResume
                0x000000000821c26c                OSTimeGet
                0x000000000821c2c8                OSTimeSet
 .text          0x000000000821c328      0x2a4 ../ADC_Socket_bsp//libucosii_bsp.a(alt_sys_init.o)
                0x000000000821c35c                alt_irq_init
                0x000000000821c394                alt_sys_init
 .text          0x000000000821c5cc      0x164 ../ADC_Socket_bsp//libucosii_bsp.a(altera_avalon_jtag_uart_fd.o)
                0x000000000821c5cc                altera_avalon_jtag_uart_read_fd
                0x000000000821c62c                altera_avalon_jtag_uart_write_fd
                0x000000000821c68c                altera_avalon_jtag_uart_close_fd
                0x000000000821c6dc                altera_avalon_jtag_uart_ioctl_fd
 .text          0x000000000821c730      0x558 ../ADC_Socket_bsp//libucosii_bsp.a(altera_avalon_jtag_uart_init.o)
                0x000000000821c730                altera_avalon_jtag_uart_init
                0x000000000821cc20                altera_avalon_jtag_uart_close
 .text          0x000000000821cc88       0xf0 ../ADC_Socket_bsp//libucosii_bsp.a(altera_avalon_jtag_uart_ioctl.o)
                0x000000000821cc88                altera_avalon_jtag_uart_ioctl
 .text          0x000000000821cd78      0x2bc ../ADC_Socket_bsp//libucosii_bsp.a(altera_avalon_jtag_uart_read.o)
                0x000000000821cd78                altera_avalon_jtag_uart_read
 .text          0x000000000821d034      0x2c4 ../ADC_Socket_bsp//libucosii_bsp.a(altera_avalon_jtag_uart_write.o)
                0x000000000821d034                altera_avalon_jtag_uart_write
 .text          0x000000000821d2f8      0xee0 ../ADC_Socket_bsp//libucosii_bsp.a(altera_avalon_lcd_16207.o)
                0x000000000821dabc                altera_avalon_lcd_16207_write
                0x000000000821e078                altera_avalon_lcd_16207_init
 .text          0x000000000821e1d8       0x60 ../ADC_Socket_bsp//libucosii_bsp.a(altera_avalon_lcd_16207_fd.o)
                0x000000000821e1d8                altera_avalon_lcd_16207_write_fd
 .text          0x000000000821e238      0xd94 ../ADC_Socket_bsp//libucosii_bsp.a(altera_avalon_sgdma.o)
                0x000000000821e274                alt_avalon_sgdma_do_async_transfer
                0x000000000821e398                alt_avalon_sgdma_do_sync_transfer
                0x000000000821e4a8                alt_avalon_sgdma_construct_mem_to_mem_desc
                0x000000000821e51c                alt_avalon_sgdma_construct_mem_to_mem_desc_burst
                0x000000000821e5a0                alt_avalon_sgdma_construct_stream_to_mem_desc
                0x000000000821e600                alt_avalon_sgdma_construct_stream_to_mem_desc_burst
                0x000000000821e678                alt_avalon_sgdma_construct_mem_to_stream_desc
                0x000000000821e6f8                alt_avalon_sgdma_construct_mem_to_stream_desc_burst
                0x000000000821e784                alt_avalon_sgdma_register_callback
                0x000000000821e7d8                alt_avalon_sgdma_start
                0x000000000821e830                alt_avalon_sgdma_stop
                0x000000000821e88c                alt_avalon_sgdma_check_descriptor_status
                0x000000000821e8f0                alt_avalon_sgdma_open
                0x000000000821e944                alt_avalon_sgdma_construct_descriptor
                0x000000000821e9d0                alt_avalon_sgdma_enable_desc_poll
                0x000000000821ea50                alt_avalon_sgdma_disable_desc_poll
                0x000000000821eab0                alt_avalon_sgdma_construct_descriptor_burst
                0x000000000821ef24                alt_avalon_sgdma_init
 .text          0x000000000821efcc       0xf4 ../ADC_Socket_bsp//libucosii_bsp.a(altera_avalon_timer_sc.o)
                0x000000000821f044                alt_avalon_timer_sc_init
 .text          0x000000000821f0c0     0x4ff0 ../ADC_Socket_bsp//libucosii_bsp.a(altera_avalon_tse.o)
                0x000000000821f0c0                no_printf
                0x000000000821f0f0                tse_mac_initTransInfo2
                0x000000000821f150                tse_mac_sTxWrite
                0x000000000821f234                tse_mac_aRxRead
                0x000000000821f2dc                tse_mac_SwReset
                0x000000000821f364                tse_mac_setMIImode
                0x000000000821f3b8                tse_mac_setGMIImode
                0x000000000821f408                alt_tse_phy_add_profile
                0x000000000821f5ec                alt_tse_system_add_sys
                0x000000000821ffe8                alt_tse_sys_enable_mdio_sharing
                0x0000000008220150                alt_tse_mac_get_common_speed
                0x0000000008220190                alt_tse_mac_set_common_speed
                0x00000000082201d8                alt_tse_get_system_index
                0x0000000008220244                alt_tse_get_mac_group_index
                0x00000000082202b8                alt_tse_get_mac_info_index
                0x0000000008220338                alt_tse_get_mac_info
                0x0000000008220410                alt_tse_mac_set_speed
                0x00000000082204f0                alt_tse_mac_set_duplex
                0x000000000822057c                getPHYSpeed
                0x0000000008221004                alt_tse_phy_rd_mdio_addr
                0x000000000822104c                alt_tse_phy_wr_mdio_addr
                0x00000000082210a4                alt_tse_phy_wr_mdio_reg
                0x00000000082211cc                alt_tse_phy_rd_mdio_reg
                0x0000000008221298                alt_tse_phy_add_profile_default
                0x0000000008221534                alt_tse_phy_print_profile
                0x0000000008221744                alt_tse_mac_group_init
                0x0000000008221de8                alt_tse_mac_get_phy
                0x000000000822220c                alt_tse_mac_associate_phy
                0x0000000008222454                alt_tse_phy_cfg_pcs
                0x000000000822257c                alt_tse_phy_init
                0x0000000008222694                alt_tse_phy_restart_an
                0x0000000008222850                alt_tse_phy_check_link
                0x00000000082229b0                alt_tse_phy_get_cap
                0x0000000008222f48                alt_tse_phy_set_adv_1000
                0x000000000822310c                alt_tse_phy_set_adv_100
                0x0000000008223360                alt_tse_phy_set_adv_10
                0x0000000008223508                alt_tse_phy_get_common_speed
                0x0000000008223830                alt_tse_phy_set_common_speed
                0x0000000008223ce8                marvell_phy_cfg
                0x0000000008223d80                marvell_cfg_gmii
                0x0000000008223e64                marvell_cfg_sgmii
                0x0000000008223f48                marvell_cfg_rgmii
                0x0000000008224038                DP83848C_link_status_read
 .text          0x00000000082240b0     0x16c4 ../ADC_Socket_bsp//libucosii_bsp.a(ins_tse_mac.o)
                0x00000000082240b0                altera_eth_tse_init
                0x00000000082241e8                prep_tse_mac
                0x0000000008224440                tse_mac_init
                0x0000000008224ea0                tse_mac_raw_send
                0x0000000008225198                tse_sgdmaRx_isr
                0x0000000008225244                tse_sgdma_read_init
                0x00000000082253f0                tse_mac_rcv
                0x0000000008225630                tse_mac_stats
                0x0000000008225670                tse_mac_close
 .text          0x0000000008225774       0x48 ../ADC_Socket_bsp//libucosii_bsp.a(alt_iniche_close.o)
                0x0000000008225774                close
 .text          0x00000000082257bc      0x148 ../ADC_Socket_bsp//libucosii_bsp.a(alt_iniche_dev.o)
                0x00000000082257bc                iniche_devices_init
 .text          0x0000000008225904       0x70 ../ADC_Socket_bsp//libucosii_bsp.a(alt_iniche_read.o)
                0x0000000008225904                read
 .text          0x0000000008225974       0x68 ../ADC_Socket_bsp//libucosii_bsp.a(alt_iniche_write.o)
                0x0000000008225974                write
 .text          0x00000000082259dc      0xde4 ../ADC_Socket_bsp//libucosii_bsp.a(ipnet.o)
                0x00000000082259dc                Netinit
                0x0000000008225fc4                fixup_subnet_mask
                0x000000000822611c                netclose
                0x0000000008226200                pktdemux
                0x00000000082265a4                c_older
                0x0000000008226634                ip2mac
 .text          0x00000000082267c0      0x468 ../ADC_Socket_bsp//libucosii_bsp.a(ipstart.o)
                0x00000000082267c0                ip_startup
                0x0000000008226a64                exit_hook
                0x0000000008226ad4                ip_exit
                0x0000000008226ba4                if_netnumber
 .text          0x0000000008226c28      0xf9c ../ADC_Socket_bsp//libucosii_bsp.a(igmp_cmn.o)
                0x0000000008226c28                igmp_init
                0x0000000008226ccc                igmp_input
                0x0000000008226dac                igmp_fasttimo
                0x0000000008226f20                igmp_send
                0x00000000082271bc                igmp_joingroup
                0x0000000008227410                igmp_leavegroup
                0x0000000008227490                igmp_validate
                0x00000000082277a8                igmp_print_stats
 .text          0x0000000008227bc4      0xa88 ../ADC_Socket_bsp//libucosii_bsp.a(bsdsock.o)
                0x0000000008227bc4                bsd_accept
                0x0000000008227ce8                bsd_getpeername
                0x0000000008227e0c                bsd_getsockname
                0x0000000008227f30                bsd_i_sockoptlen
                0x000000000822806c                bsd_getsockopt
                0x0000000008228178                bsd_ioctl
                0x000000000822826c                bsd_inet_ntoa
                0x00000000082282a0                bsd_recvfrom
                0x00000000082283e8                bsd_select
                0x000000000822856c                bsd_setsockopt
 .text          0x000000000822864c       0xf8 ../ADC_Socket_bsp//libucosii_bsp.a(cksum.o)
                0x000000000822864c                ccksum
                0x00000000082286f0                cksum
 .text          0x0000000008228744      0xa50 ../ADC_Socket_bsp//libucosii_bsp.a(in_utils.o)
                0x0000000008228744                do_trap
                0x0000000008228770                nextarg
                0x00000000082287ec                hexdump
                0x0000000008228930                print_ipad
                0x00000000082289ac                print_uptime
                0x0000000008228aec                panic
                0x0000000008228b34                print_eth
                0x0000000008228c88                uslash
                0x0000000008228d04                ns_printf
                0x0000000008228e74                std_out
                0x0000000008228eb8                con_page
                0x0000000008228f90                parse_args
 .text          0x0000000008229194      0x1a0 ../ADC_Socket_bsp//libucosii_bsp.a(netmain.o)
                0x0000000008229194                netmain
                0x0000000008229274                tk_netmain
                0x00000000082292ec                tk_nettick
 .text          0x0000000008229334      0x5b4 ../ADC_Socket_bsp//libucosii_bsp.a(tk_crnos.o)
                0x0000000008229334                TK_OSTimeDly
                0x0000000008229364                TK_OSTaskResume
                0x00000000082293d8                tcp_sleep
                0x000000000822954c                tcp_wakeup
                0x0000000008229644                TK_OSTaskQuery
                0x00000000082296b0                tk_yield
                0x00000000082296e0                tk_stats
 .text          0x00000000082298e8     0x2c28 ../ADC_Socket_bsp//libucosii_bsp.a(dhcpclnt.o)
                0x00000000082298e8                dhc_get_srv_ipaddr
                0x0000000008229970                dhc_init
                0x0000000008229a20                dhc_set_callback
                0x0000000008229a68                dhc_upcall
                0x000000000822a218                dhc_buildheader
                0x000000000822a3fc                dhc_discover
                0x000000000822a8a4                dhc_rx_offer
                0x000000000822a988                dhc_request
                0x000000000822b40c                dhc_setip
                0x000000000822b688                dhc_resetip
                0x000000000822b76c                dhc_decline
                0x000000000822b920                dhc_extract_opts
                0x000000000822bb90                dhc_second
                0x000000000822c0e0                dhc_halt
                0x000000000822c160                dhc_reclaim
                0x000000000822c318                dhc_state_init
                0x000000000822c370                dhc_alldone
                0x000000000822c3f8                dhc_ifacedone
                0x000000000822c460                dhc_set_state
 .text          0x000000000822c510       0xc0 ../ADC_Socket_bsp//libucosii_bsp.a(dhcputil.o)
                0x000000000822c510                find_opt
 .text          0x000000000822c5d0      0x774 ../ADC_Socket_bsp//libucosii_bsp.a(pktalloc.o)
                0x000000000822c5d0                pk_init
                0x000000000822c86c                pk_alloc
                0x000000000822c930                pk_validate
                0x000000000822cbbc                pk_free
                0x000000000822cc68                pk_get_max_intrsafe_buf_len
                0x000000000822cc88                dump_buf_estats
 .text          0x000000000822cd44      0x268 ../ADC_Socket_bsp//libucosii_bsp.a(q.o)
                0x000000000822cd44                getq
                0x000000000822cdfc                putq
                0x000000000822ceac                qdel
 .text          0x000000000822cfac      0x2d4 ../ADC_Socket_bsp//libucosii_bsp.a(udp_open.o)
                0x000000000822cfac                udp_open
                0x000000000822d1a8                udp_close
 .text          0x000000000822d280      0x194 ../ADC_Socket_bsp//libucosii_bsp.a(asm_cksum.o)
                0x000000000822d280                asm_cksum
 .text          0x000000000822d414      0x27c ../ADC_Socket_bsp//libucosii_bsp.a(brdutils.o)
                0x000000000822d414                dtrap
                0x000000000822d448                kbhit
                0x000000000822d4dc                getch
                0x000000000822d538                clock_init
                0x000000000822d570                clock_c
                0x000000000822d590                cticks_hook
                0x000000000822d5ec                irq_Mask
                0x000000000822d64c                irq_Unmask
 .text          0x000000000822d690      0x4d0 ../ADC_Socket_bsp//libucosii_bsp.a(osportco.o)
                0x000000000822d690                LOCK_NET_RESOURCE
                0x000000000822d754                UNLOCK_NET_RESOURCE
                0x000000000822d7dc                TK_NEWTASK
                0x000000000822da28                wait_app_sem
                0x000000000822dae4                post_app_sem
 .text          0x000000000822db60      0x574 ../ADC_Socket_bsp//libucosii_bsp.a(targnios.o)
                0x000000000822db60                alt_iniche_init
                0x000000000822dd5c                pre_task_setup
                0x000000000822dda8                post_task_setup
                0x000000000822ddc8                prep_armintcp
                0x000000000822de00                npalloc_base
                0x000000000822df0c                npfree_base
                0x000000000822dfec                npalloc
                0x000000000822e020                npfree
                0x000000000822e060                ncpalloc
                0x000000000822e094                ncpfree
 .text          0x000000000822e0d4     0x181c ../ADC_Socket_bsp//libucosii_bsp.a(nptcp.o)
                0x000000000822e0d4                pffindtype
                0x000000000822e164                pffindproto
                0x000000000822e228                m_getnbuf
                0x000000000822e3b0                m_free
                0x000000000822e4b8                m_freem
                0x000000000822e4fc                m_copy
                0x000000000822e7f0                m_adj
                0x000000000822e9b0                mbuf_len
                0x000000000822ea04                dtom
                0x000000000822eaa0                remque
                0x000000000822eb10                insque
                0x000000000822eb8c                nptcp_init
                0x000000000822ec84                tcp_rcv
                0x000000000822ee54                ip_output
                0x000000000822f404                in_broadcast
                0x000000000822f43c                np_stripoptions
                0x000000000822f530                so_icmpdu
                0x000000000822f878                tcp_tick
 .text          0x000000000822f8f0      0x970 ../ADC_Socket_bsp//libucosii_bsp.a(rawsock.o)
                0x000000000822f8f0                rawip_lookup
                0x000000000822f94c                rawip_soinput
                0x000000000822fb14                rawip_usrreq
 .text          0x0000000008230260     0x1654 ../ADC_Socket_bsp//libucosii_bsp.a(sockcall.o)
                0x0000000008230260                DOMAIN_CHECK
                0x00000000082302b0                t_socket
                0x0000000008230330                t_bind
                0x0000000008230494                t_listen
                0x000000000823056c                t_accept
                0x00000000082307c0                t_connect
                0x0000000008230a2c                t_getpeername
                0x0000000008230a70                t_getsockname
                0x0000000008230c90                t_setsockopt
                0x0000000008230e50                t_getsockopt
                0x0000000008230fdc                t_recv
                0x00000000082310bc                t_recvfrom
                0x00000000082311fc                t_sendto
                0x00000000082313f0                t_send
                0x00000000082315f4                t_shutdown
                0x00000000082316cc                t_socketclose
                0x000000000823181c                t_errno
 .text          0x00000000082318b4     0x2034 ../ADC_Socket_bsp//libucosii_bsp.a(socket.o)
                0x00000000082318b4                socreate
                0x0000000008231a5c                sobind
                0x0000000008231ab8                solisten
                0x0000000008231b88                sofree
                0x0000000008231c98                soclose
                0x0000000008231f54                soabort
                0x0000000008231fa4                soaccept
                0x000000000823203c                soconnect
                0x00000000082320f4                sodisconnect
                0x000000000823218c                sosend
                0x00000000082326e4                soreceive
                0x0000000008232e30                soshutdown
                0x0000000008232ec8                sorflush
                0x0000000008232fc4                sosetopt
                0x00000000082333f4                sogetopt
                0x000000000823389c                sohasoutofband
 .text          0x00000000082338e8     0x128c ../ADC_Socket_bsp//libucosii_bsp.a(socket2.o)
                0x00000000082338e8                soisconnecting
                0x0000000008233958                soisconnected
                0x0000000008233a5c                soisdisconnecting
                0x0000000008233af4                soisdisconnected
                0x0000000008233bb8                sonewconn
                0x0000000008233db8                soqinsque
                0x0000000008233e64                soqremque
                0x0000000008233f6c                socantsendmore
                0x0000000008233fc4                socantrcvmore
                0x000000000823401c                sbselqueue
                0x0000000008234058                sbwait
                0x00000000082340c4                sbwakeup
                0x0000000008234150                soreserve
                0x00000000082341d8                sbreserve
                0x0000000008234228                sbrelease
                0x0000000008234274                sbappend
                0x0000000008234314                sbappendrecord
                0x00000000082343ec                sbappendaddr
                0x00000000082345c8                sbcompress
                0x00000000082347a8                sbflush
                0x000000000823482c                sbdrop
                0x00000000082349e4                sbdropend
                0x0000000008234ae4                sbdroprecord
 .text          0x0000000008234b74      0x87c ../ADC_Socket_bsp//libucosii_bsp.a(soselect.o)
                0x0000000008234b74                t_select
                0x0000000008234d44                sock_selscan
                0x0000000008234e84                sock_select
                0x0000000008235068                in_pcbnotify
                0x000000000823512c                tcp_notify
                0x00000000082351ac                ifd_clr
                0x000000000823529c                ifd_set
                0x0000000008235314                ifd_isset
                0x000000000823538c                ifd_get
 .text          0x00000000082353f0     0x2d80 ../ADC_Socket_bsp//libucosii_bsp.a(tcp_in.o)
                0x00000000082353f0                tcp_reass
                0x0000000008235800                tcp_input
                0x0000000008237b30                tcp_dooptions
                0x0000000008237cb8                tcp_pulloutofband
                0x0000000008237de4                tcp_xmit_timer
                0x0000000008238030                ip4_tcpmss
                0x0000000008238078                tcp_mss
 .text          0x0000000008238170     0x11cc ../ADC_Socket_bsp//libucosii_bsp.a(tcp_out.o)
                0x0000000008238170                tcp_output
                0x0000000008239174                tcp_setpersist
 .text          0x000000000823933c      0x93c ../ADC_Socket_bsp//libucosii_bsp.a(tcp_subr.o)
                0x000000000823933c                tcp_init
                0x0000000008239390                tcp_template
                0x0000000008239498                tcp_respond
                0x0000000008239898                tcp_newtcpcb
                0x00000000082399a4                tcp_drop
                0x0000000008239a50                tcp_close
                0x0000000008239b40                tcp_quench
                0x0000000008239b8c                tcp_putseq
                0x0000000008239c04                tcp_getseq
 .text          0x0000000008239c78      0x750 ../ADC_Socket_bsp//libucosii_bsp.a(tcp_timr.o)
                0x0000000008239c78                tcp_slowtimo
                0x0000000008239ee8                tcp_canceltimers
                0x0000000008239f48                tcp_timers
 .text          0x000000000823a3c8      0x988 ../ADC_Socket_bsp//libucosii_bsp.a(tcp_usr.o)
                0x000000000823a3c8                tcp_usrreq
                0x000000000823aa9c                tcp_attach
                0x000000000823abb4                tcp_disconnect
                0x000000000823ac80                tcp_usrclosed
 .text          0x000000000823ad50       0x40 ../ADC_Socket_bsp//libucosii_bsp.a(tcpport.o)
                0x000000000823ad50                tcpinit
 .text          0x000000000823ad90      0xbb4 ../ADC_Socket_bsp//libucosii_bsp.a(udpsock.o)
                0x000000000823ad90                udp_lookup
                0x000000000823adec                udp_soinput
                0x000000000823af8c                udp_usrreq